Archive member included to satisfy reference by file (symbol)

c:/program files (x86)/atmel/studio/7.0/toolchain/arm/arm-gnu-toolchain/bin/../lib/gcc/arm-none-eabi/6.3.1/thumb/v6-m\libgcc.a(_udivsi3.o)
                              src/TempLib.o (__aeabi_uidiv)
c:/program files (x86)/atmel/studio/7.0/toolchain/arm/arm-gnu-toolchain/bin/../lib/gcc/arm-none-eabi/6.3.1/thumb/v6-m\libgcc.a(_divsi3.o)
                              src/Photon/photon.o (__aeabi_idiv)
c:/program files (x86)/atmel/studio/7.0/toolchain/arm/arm-gnu-toolchain/bin/../lib/gcc/arm-none-eabi/6.3.1/thumb/v6-m\libgcc.a(_dvmd_tls.o)
                              c:/program files (x86)/atmel/studio/7.0/toolchain/arm/arm-gnu-toolchain/bin/../lib/gcc/arm-none-eabi/6.3.1/thumb/v6-m\libgcc.a(_udivsi3.o) (__aeabi_idiv0)
c:/program files (x86)/atmel/studio/7.0/toolchain/arm/arm-gnu-toolchain/bin/../lib/gcc/arm-none-eabi/6.3.1/thumb/v6-m\libgcc.a(_muldi3.o)
                              src/ASCON/aead.o (__aeabi_lmul)
c:/program files (x86)/atmel/studio/7.0/toolchain/arm/arm-gnu-toolchain/bin/../lib/gcc/arm-none-eabi/6.3.1/../../../../arm-none-eabi/lib/thumb/v6-m\libc_nano.a(lib_a-calloc.o)
                              src/FourQ/schnorrq.o (calloc)
c:/program files (x86)/atmel/studio/7.0/toolchain/arm/arm-gnu-toolchain/bin/../lib/gcc/arm-none-eabi/6.3.1/../../../../arm-none-eabi/lib/thumb/v6-m\libc_nano.a(lib_a-exit.o)
                              c:/program files (x86)/atmel/studio/7.0/toolchain/arm/arm-gnu-toolchain/bin/../lib/gcc/arm-none-eabi/6.3.1/../../../../arm-none-eabi/lib/thumb/v6-m/crt0.o (exit)
c:/program files (x86)/atmel/studio/7.0/toolchain/arm/arm-gnu-toolchain/bin/../lib/gcc/arm-none-eabi/6.3.1/../../../../arm-none-eabi/lib/thumb/v6-m\libc_nano.a(lib_a-impure.o)
                              c:/program files (x86)/atmel/studio/7.0/toolchain/arm/arm-gnu-toolchain/bin/../lib/gcc/arm-none-eabi/6.3.1/../../../../arm-none-eabi/lib/thumb/v6-m\libc_nano.a(lib_a-exit.o) (_global_impure_ptr)
c:/program files (x86)/atmel/studio/7.0/toolchain/arm/arm-gnu-toolchain/bin/../lib/gcc/arm-none-eabi/6.3.1/../../../../arm-none-eabi/lib/thumb/v6-m\libc_nano.a(lib_a-init.o)
                              c:/program files (x86)/atmel/studio/7.0/toolchain/arm/arm-gnu-toolchain/bin/../lib/gcc/arm-none-eabi/6.3.1/../../../../arm-none-eabi/lib/thumb/v6-m/crt0.o (__libc_init_array)
c:/program files (x86)/atmel/studio/7.0/toolchain/arm/arm-gnu-toolchain/bin/../lib/gcc/arm-none-eabi/6.3.1/../../../../arm-none-eabi/lib/thumb/v6-m\libc_nano.a(lib_a-malloc.o)
                              src/FourQ/schnorrq.o (free)
c:/program files (x86)/atmel/studio/7.0/toolchain/arm/arm-gnu-toolchain/bin/../lib/gcc/arm-none-eabi/6.3.1/../../../../arm-none-eabi/lib/thumb/v6-m\libc_nano.a(lib_a-memcmp.o)
                              src/EncLib.o (memcmp)
c:/program files (x86)/atmel/studio/7.0/toolchain/arm/arm-gnu-toolchain/bin/../lib/gcc/arm-none-eabi/6.3.1/../../../../arm-none-eabi/lib/thumb/v6-m\libc_nano.a(lib_a-memcpy-stub.o)
                              src/TreeProtocol/node.o (memcpy)
c:/program files (x86)/atmel/studio/7.0/toolchain/arm/arm-gnu-toolchain/bin/../lib/gcc/arm-none-eabi/6.3.1/../../../../arm-none-eabi/lib/thumb/v6-m\libc_nano.a(lib_a-memmove.o)
                              src/TreeProtocol/node.o (memmove)
c:/program files (x86)/atmel/studio/7.0/toolchain/arm/arm-gnu-toolchain/bin/../lib/gcc/arm-none-eabi/6.3.1/../../../../arm-none-eabi/lib/thumb/v6-m\libc_nano.a(lib_a-memset.o)
                              c:/program files (x86)/atmel/studio/7.0/toolchain/arm/arm-gnu-toolchain/bin/../lib/gcc/arm-none-eabi/6.3.1/../../../../arm-none-eabi/lib/thumb/v6-m/crt0.o (memset)
c:/program files (x86)/atmel/studio/7.0/toolchain/arm/arm-gnu-toolchain/bin/../lib/gcc/arm-none-eabi/6.3.1/../../../../arm-none-eabi/lib/thumb/v6-m\libc_nano.a(lib_a-nano-callocr.o)
                              c:/program files (x86)/atmel/studio/7.0/toolchain/arm/arm-gnu-toolchain/bin/../lib/gcc/arm-none-eabi/6.3.1/../../../../arm-none-eabi/lib/thumb/v6-m\libc_nano.a(lib_a-calloc.o) (_calloc_r)
c:/program files (x86)/atmel/studio/7.0/toolchain/arm/arm-gnu-toolchain/bin/../lib/gcc/arm-none-eabi/6.3.1/../../../../arm-none-eabi/lib/thumb/v6-m\libc_nano.a(lib_a-nano-freer.o)
                              c:/program files (x86)/atmel/studio/7.0/toolchain/arm/arm-gnu-toolchain/bin/../lib/gcc/arm-none-eabi/6.3.1/../../../../arm-none-eabi/lib/thumb/v6-m\libc_nano.a(lib_a-malloc.o) (_free_r)
c:/program files (x86)/atmel/studio/7.0/toolchain/arm/arm-gnu-toolchain/bin/../lib/gcc/arm-none-eabi/6.3.1/../../../../arm-none-eabi/lib/thumb/v6-m\libc_nano.a(lib_a-nano-mallocr.o)
                              c:/program files (x86)/atmel/studio/7.0/toolchain/arm/arm-gnu-toolchain/bin/../lib/gcc/arm-none-eabi/6.3.1/../../../../arm-none-eabi/lib/thumb/v6-m\libc_nano.a(lib_a-malloc.o) (_malloc_r)
[...]
Memory Configuration

Name             Origin             Length             Attributes
rom              0x00000000         0x00040000         xr
ram              0x20000000         0x00008000         xrw
*default*        0x00000000         0xffffffff

Linker script and memory map

LOAD c:/program files (x86)/atmel/studio/7.0/toolchain/arm/arm-gnu-toolchain/bin/../lib/gcc/arm-none-eabi/6.3.1/thumb/v6-m/crti.o
LOAD c:/program files (x86)/atmel/studio/7.0/toolchain/arm/arm-gnu-toolchain/bin/../lib/gcc/arm-none-eabi/6.3.1/thumb/v6-m/crtbegin.o
LOAD c:/program files (x86)/atmel/studio/7.0/toolchain/arm/arm-gnu-toolchain/bin/../lib/gcc/arm-none-eabi/6.3.1/../../../../arm-none-eabi/lib/thumb/v6-m/crt0.o
LOAD src/TreeProtocol/node.o
LOAD src/ASF/sam0/drivers/tc/tc_interrupt.o
LOAD src/ASF/sam0/drivers/tc/tc_sam_l_c/tc.o
LOAD src/FanLib.o
LOAD src/MotorLib.o
LOAD src/TempLib.o
LOAD src/ASF/sam0/drivers/tsens/tsens.o
LOAD src/ASF/sam0/drivers/tsens/tsens_callback.o
LOAD src/CANLib.o
LOAD src/EncLib.o
LOAD src/SHA512/sha512.o
LOAD src/ASCON/aead.o
LOAD src/ASCON/permutations.o
LOAD src/ASCON/printstate.o
LOAD src/ASF/common2/services/delay/sam0/systick_counter.o
LOAD src/Random/random.o
LOAD src/ASF/common/utils/interrupt/interrupt_sam_nvic.o
LOAD src/ASF/sam0/boards/samc21_xplained_pro/board_init.o
LOAD src/ASF/sam0/drivers/can/can.o
LOAD src/ASF/sam0/drivers/port/port.o
LOAD src/ASF/sam0/drivers/sercom/sercom.o
LOAD src/ASF/sam0/drivers/sercom/sercom_interrupt.o
LOAD src/ASF/sam0/drivers/sercom/usart/usart.o
LOAD src/ASF/sam0/drivers/sercom/usart/usart_interrupt.o
LOAD src/ASF/sam0/drivers/system/clock/clock_samc20_c21/clock.o
LOAD src/ASF/sam0/drivers/system/clock/clock_samc20_c21/gclk.o
LOAD src/ASF/sam0/drivers/system/interrupt/system_interrupt.o
LOAD src/ASF/sam0/drivers/system/pinmux/pinmux.o
LOAD src/ASF/sam0/drivers/system/system.o
LOAD src/ASF/sam0/utils/cmsis/samc21/source/gcc/startup_samc21.o
LOAD src/ASF/sam0/utils/cmsis/samc21/source/system_samc21.o
LOAD src/ASF/sam0/utils/stdio/read.o
LOAD src/ASF/sam0/utils/stdio/write.o
LOAD src/ASF/sam0/utils/syscalls/gcc/syscalls.o
LOAD src/FourQ/crypto_util.o
LOAD src/FourQ/eccp2.o
LOAD src/FourQ/eccp2_no_endo.o
LOAD src/FourQ/kex.o
LOAD src/FourQ/schnorrq.o
LOAD src/Photon/photon.o
LOAD src/qs_can_basic.o
START GROUP
LOAD ../src/ASF/thirdparty/CMSIS/Lib/GCC\libarm_cortexM0l_math.a
LOAD c:/program files (x86)/atmel/studio/7.0/toolchain/arm/arm-gnu-toolchain/bin/../lib/gcc/arm-none-eabi/6.3.1/../../../../arm-none-eabi/lib/thumb/v6-m\libm.a
END GROUP
START GROUP
LOAD c:/program files (x86)/atmel/studio/7.0/toolchain/arm/arm-gnu-toolchain/bin/../lib/gcc/arm-none-eabi/6.3.1/thumb/v6-m\libgcc.a
LOAD c:/program files (x86)/atmel/studio/7.0/toolchain/arm/arm-gnu-toolchain/bin/../lib/gcc/arm-none-eabi/6.3.1/../../../../arm-none-eabi/lib/thumb/v6-m\libc_nano.a
END GROUP
START GROUP
LOAD c:/program files (x86)/atmel/studio/7.0/toolchain/arm/arm-gnu-toolchain/bin/../lib/gcc/arm-none-eabi/6.3.1/thumb/v6-m\libgcc.a
LOAD c:/program files (x86)/atmel/studio/7.0/toolchain/arm/arm-gnu-toolchain/bin/../lib/gcc/arm-none-eabi/6.3.1/../../../../arm-none-eabi/lib/thumb/v6-m\libc_nano.a
END GROUP
LOAD c:/program files (x86)/atmel/studio/7.0/toolchain/arm/arm-gnu-toolchain/bin/../lib/gcc/arm-none-eabi/6.3.1/thumb/v6-m/crtend.o
LOAD c:/program files (x86)/atmel/studio/7.0/toolchain/arm/arm-gnu-toolchain/bin/../lib/gcc/arm-none-eabi/6.3.1/thumb/v6-m/crtn.o
                0x00004000                STACK_SIZE = DEFINED (STACK_SIZE)?STACK_SIZE:DEFINED (__stack_size__)?__stack_size__:0x4000

.text           0x00000000     0xae60
                0x00000000                . = ALIGN (0x4)
                0x00000000                _sfixed = .
 *(.vectors .vectors.*)
 .vectors       0x00000000       0xbc src/ASF/sam0/utils/cmsis/samc21/source/gcc/startup_samc21.o
                0x00000000                exception_table
 *(.text .text.* .gnu.linkonce.t.*)
 .text          0x000000bc       0x60 c:/program files (x86)/atmel/studio/7.0/toolchain/arm/arm-gnu-toolchain/bin/../lib/gcc/arm-none-eabi/6.3.1/thumb/v6-m/crtbegin.o
 .text.node_msg_cmd_to_len
                0x0000011c       0x34 src/TreeProtocol/node.o
                0x0000011c                node_msg_cmd_to_len
 .text.node_msg_addr_fill
                0x00000150       0x2a src/TreeProtocol/node.o
                0x00000150                node_msg_addr_fill
 *fill*         0x0000017a        0x2 
 .text.node_make_parent
                0x0000017c       0x28 src/TreeProtocol/node.o
                0x0000017c                node_make_parent
 .text.node_make_broadcast
                0x000001a4       0x30 src/TreeProtocol/node.o
                0x000001a4                node_make_broadcast
 .text.node_make_source_from_msg
                0x000001d4       0xe4 src/TreeProtocol/node.o
                0x000001d4                node_make_source_from_msg
 .text.node_msg_cmd_encrypted
                0x000002b8        0xe src/TreeProtocol/node.o
                0x000002b8                node_msg_cmd_encrypted
 *fill*         0x000002c6        0x2 
 .text.node_msg_send
                0x000002c8       0xec src/TreeProtocol/node.o
                0x000002c8                node_msg_send
 .text.node_msg_send_generic
                0x000003b4       0xdc src/TreeProtocol/node.o
                0x000003b4                node_msg_send_generic
 .text.node_msg_wait
                0x00000490      0x168 src/TreeProtocol/node.o
                0x00000490                node_msg_wait
 .text.node_msg_check
                0x000005f8      0x16c src/TreeProtocol/node.o
                0x000005f8                node_msg_check
 .text._tc_interrupt_handler
                0x00000764       0x64 src/ASF/sam0/drivers/tc/tc_interrupt.o
                0x00000764                _tc_interrupt_handler
 .text.TC0_Handler
                0x000007c8       0x10 src/ASF/sam0/drivers/tc/tc_interrupt.o
                0x000007c8                TC0_Handler
 .text.TC1_Handler
                0x000007d8       0x10 src/ASF/sam0/drivers/tc/tc_interrupt.o
                0x000007d8                TC1_Handler
 .text.TC2_Handler
                0x000007e8       0x10 src/ASF/sam0/drivers/tc/tc_interrupt.o
                0x000007e8                TC2_Handler
 .text.TC3_Handler
                0x000007f8       0x10 src/ASF/sam0/drivers/tc/tc_interrupt.o
                0x000007f8                TC3_Handler
 .text.TC4_Handler
                0x00000808       0x10 src/ASF/sam0/drivers/tc/tc_interrupt.o
                0x00000808                TC4_Handler
 .text.tsens_complete_callback
                0x00000818        0xc src/TempLib.o
 .text.initTSENS
                0x00000824       0x68 src/TempLib.o
                0x00000824                initTSENS
 .text.set_tsens_offset
                0x0000088c        0xc src/TempLib.o
                0x0000088c                set_tsens_offset
 .text.get_tsens_offset
                0x00000898        0xc src/TempLib.o
                0x00000898                get_tsens_offset
 .text.tsens_get_temp
                0x000008a4       0x4c src/TempLib.o
                0x000008a4                tsens_get_temp
 .text.tsens_init
                0x000008f0       0xbc src/ASF/sam0/drivers/tsens/tsens.o
                0x000008f0                tsens_init
 .text.tsens_get_config_defaults
                0x000009ac       0x38 src/ASF/sam0/drivers/tsens/tsens.o
                0x000009ac                tsens_get_config_defaults
 .text.TSENS_Handler
                0x000009e4       0x60 src/ASF/sam0/drivers/tsens/tsens_callback.o
                0x000009e4                TSENS_Handler
 .text.tsens_register_callback
                0x00000a44       0x1c src/ASF/sam0/drivers/tsens/tsens_callback.o
                0x00000a44                tsens_register_callback
 .text.tsens_read_job
                0x00000a60       0x24 src/ASF/sam0/drivers/tsens/tsens_callback.o
                0x00000a60                tsens_read_job
 .text.CAN_Rx   0x00000a84       0x58 src/CANLib.o
                0x00000a84                CAN_Rx
 .text.num_to_CAN
                0x00000adc       0x20 src/CANLib.o
                0x00000adc                num_to_CAN
 .text.CAN_Tx_Raw
                0x00000afc       0xd8 src/CANLib.o
                0x00000afc                CAN_Tx_Raw
 .text.CAN_Tx   0x00000bd4       0x40 src/CANLib.o
                0x00000bd4                CAN_Tx
 .text.network_start_listening
                0x00000c14       0x30 src/CANLib.o
                0x00000c14                network_start_listening
 .text.network_send
                0x00000c44       0xa4 src/CANLib.o
                0x00000c44                network_send
 .text.network_check_any
                0x00000ce8      0x2e8 src/CANLib.o
                0x00000ce8                network_check_any
 .text.InitKWIDKeyData
                0x00000fd0       0x50 src/EncLib.o
                0x00000fd0                InitKWIDKeyData
 .text.authToParent
                0x00001020      0x218 src/EncLib.o
                0x00001020                authToParent
 .text.crypto_aead_encrypt
                0x00001238      0x89c src/ASCON/aead.o
                0x00001238                crypto_aead_encrypt
 .text.crypto_aead_decrypt
                0x00001ad4      0x938 src/ASCON/aead.o
                0x00001ad4                crypto_aead_decrypt
 .text.cpu_irq_enter_critical
                0x0000240c       0x40 src/ASF/common/utils/interrupt/interrupt_sam_nvic.o
                0x0000240c                cpu_irq_enter_critical
 .text.cpu_irq_leave_critical
                0x0000244c       0x30 src/ASF/common/utils/interrupt/interrupt_sam_nvic.o
                0x0000244c                cpu_irq_leave_critical
 .text.system_board_init
                0x0000247c       0x34 src/ASF/sam0/boards/samc21_xplained_pro/board_init.o
                0x0000247c                board_init
                0x0000247c                system_board_init
 .text._can_enable_peripheral_clock
                0x000024b0       0x38 src/ASF/sam0/drivers/can/can.o
 .text.can_init
                0x000024e8      0x304 src/ASF/sam0/drivers/can/can.o
                0x000024e8                can_init
 .text.can_start
                0x000027ec       0x16 src/ASF/sam0/drivers/can/can.o
                0x000027ec                can_start
 .text.can_enable_fd_mode
                0x00002802       0x34 src/ASF/sam0/drivers/can/can.o
                0x00002802                can_enable_fd_mode
 *fill*         0x00002836        0x2 
 .text.can_set_rx_standard_filter
                0x00002838       0x3c src/ASF/sam0/drivers/can/can.o
                0x00002838                can_set_rx_standard_filter
 .text.can_get_rx_buffer_element
                0x00002874       0x58 src/ASF/sam0/drivers/can/can.o
                0x00002874                can_get_rx_buffer_element
 .text.can_set_tx_buffer_element
                0x000028cc       0x8c src/ASF/sam0/drivers/can/can.o
                0x000028cc                can_set_tx_buffer_element
 .text.port_pin_set_config
                0x00002958       0x24 src/ASF/sam0/drivers/port/port.o
                0x00002958                port_pin_set_config
 .text.long_division
                0x0000297c       0xba src/ASF/sam0/drivers/sercom/sercom.o
 .text._sercom_get_sync_baud_val
                0x00002a36       0x28 src/ASF/sam0/drivers/sercom/sercom.o
                0x00002a36                _sercom_get_sync_baud_val
 *fill*         0x00002a5e        0x2 
 .text._sercom_get_async_baud_val
                0x00002a60       0x94 src/ASF/sam0/drivers/sercom/sercom.o
                0x00002a60                _sercom_get_async_baud_val
 .text.sercom_set_gclk_generator
                0x00002af4       0x4c src/ASF/sam0/drivers/sercom/sercom.o
                0x00002af4                sercom_set_gclk_generator
 .text._sercom_get_default_pad
                0x00002b40      0x17c src/ASF/sam0/drivers/sercom/sercom.o
                0x00002b40                _sercom_get_default_pad
 .text._sercom_get_sercom_inst_index
                0x00002cbc       0x38 src/ASF/sam0/drivers/sercom/sercom.o
                0x00002cbc                _sercom_get_sercom_inst_index
 .text._sercom_default_handler
                0x00002cf4        0x2 src/ASF/sam0/drivers/sercom/sercom_interrupt.o
 *fill*         0x00002cf6        0x2 
 .text._sercom_set_handler
                0x00002cf8       0x3c src/ASF/sam0/drivers/sercom/sercom_interrupt.o
                0x00002cf8                _sercom_set_handler
 .text._sercom_get_interrupt_vector
                0x00002d34       0x30 src/ASF/sam0/drivers/sercom/sercom_interrupt.o
                0x00002d34                _sercom_get_interrupt_vector
 .text.SERCOM0_Handler
                0x00002d64       0x10 src/ASF/sam0/drivers/sercom/sercom_interrupt.o
                0x00002d64                SERCOM0_Handler
 .text.SERCOM1_Handler
                0x00002d74       0x10 src/ASF/sam0/drivers/sercom/sercom_interrupt.o
                0x00002d74                SERCOM1_Handler
 .text.SERCOM2_Handler
                0x00002d84       0x10 src/ASF/sam0/drivers/sercom/sercom_interrupt.o
                0x00002d84                SERCOM2_Handler
 .text.SERCOM3_Handler
                0x00002d94       0x10 src/ASF/sam0/drivers/sercom/sercom_interrupt.o
                0x00002d94                SERCOM3_Handler
 .text.SERCOM4_Handler
                0x00002da4       0x10 src/ASF/sam0/drivers/sercom/sercom_interrupt.o
                0x00002da4                SERCOM4_Handler
 .text.SERCOM5_Handler
                0x00002db4       0x10 src/ASF/sam0/drivers/sercom/sercom_interrupt.o
                0x00002db4                SERCOM5_Handler
 .text.usart_init
                0x00002dc4      0x3ac src/ASF/sam0/drivers/sercom/usart/usart.o
                0x00002dc4                usart_init
 .text.usart_write_wait
                0x00003170       0x26 src/ASF/sam0/drivers/sercom/usart/usart.o
                0x00003170                usart_write_wait
 .text.usart_read_wait
                0x00003196       0x6a src/ASF/sam0/drivers/sercom/usart/usart.o
                0x00003196                usart_read_wait
 .text._usart_interrupt_handler
                0x00003200      0x19c src/ASF/sam0/drivers/sercom/usart/usart_interrupt.o
                0x00003200                _usart_interrupt_handler
 .text.system_clock_source_get_hz
                0x0000339c       0x5c src/ASF/sam0/drivers/system/clock/clock_samc20_c21/clock.o
                0x0000339c                system_clock_source_get_hz
 .text.system_clock_source_xosc32k_set_config
                0x000033f8       0xb4 src/ASF/sam0/drivers/system/clock/clock_samc20_c21/clock.o
                0x000033f8                system_clock_source_xosc32k_set_config
 .text.system_clock_source_dpll_set_config
                0x000034ac       0xc8 src/ASF/sam0/drivers/system/clock/clock_samc20_c21/clock.o
                0x000034ac                system_clock_source_dpll_set_config
 .text.system_clock_source_enable
                0x00003574       0x74 src/ASF/sam0/drivers/system/clock/clock_samc20_c21/clock.o
                0x00003574                system_clock_source_enable
 .text.system_clock_init
                0x000035e8      0x13c src/ASF/sam0/drivers/system/clock/clock_samc20_c21/clock.o
                0x000035e8                system_clock_init
 .text.system_gclk_init
                0x00003724       0x24 src/ASF/sam0/drivers/system/clock/clock_samc20_c21/gclk.o
                0x00003724                system_gclk_init
 .text.system_gclk_gen_set_config
                0x00003748       0xac src/ASF/sam0/drivers/system/clock/clock_samc20_c21/gclk.o
                0x00003748                system_gclk_gen_set_config
 .text.system_gclk_gen_enable
                0x000037f4       0x40 src/ASF/sam0/drivers/system/clock/clock_samc20_c21/gclk.o
                0x000037f4                system_gclk_gen_enable
 .text.system_gclk_gen_get_hz
                0x00003834       0x6c src/ASF/sam0/drivers/system/clock/clock_samc20_c21/gclk.o
                0x00003834                system_gclk_gen_get_hz
 .text.system_gclk_chan_enable
                0x000038a0       0x38 src/ASF/sam0/drivers/system/clock/clock_samc20_c21/gclk.o
                0x000038a0                system_gclk_chan_enable
 .text.system_gclk_chan_disable
                0x000038d8       0x38 src/ASF/sam0/drivers/system/clock/clock_samc20_c21/gclk.o
                0x000038d8                system_gclk_chan_disable
 .text.system_gclk_chan_set_config
                0x00003910       0x24 src/ASF/sam0/drivers/system/clock/clock_samc20_c21/gclk.o
                0x00003910                system_gclk_chan_set_config
 .text.system_gclk_chan_get_hz
                0x00003934       0x30 src/ASF/sam0/drivers/system/clock/clock_samc20_c21/gclk.o
                0x00003934                system_gclk_chan_get_hz
 .text._system_pinmux_config
                0x00003964       0xa8 src/ASF/sam0/drivers/system/pinmux/pinmux.o
 .text.system_pinmux_pin_set_config
                0x00003a0c       0x2c src/ASF/sam0/drivers/system/pinmux/pinmux.o
                0x00003a0c                system_pinmux_pin_set_config
 .text._system_dummy_init
                0x00003a38        0x2 src/ASF/sam0/drivers/system/system.o
                0x00003a38                _system_extint_init
                0x00003a38                _system_events_init
                0x00003a38                _system_dummy_init
                0x00003a38                _system_divas_init
 *fill*         0x00003a3a        0x2 
 .text.system_init
                0x00003a3c       0x2c src/ASF/sam0/drivers/system/system.o
                0x00003a3c                system_init
 .text.Dummy_Handler
                0x00003a68        0x2 src/ASF/sam0/utils/cmsis/samc21/source/gcc/startup_samc21.o
                0x00003a68                DMAC_Handler
                0x00003a68                HardFault_Handler
                0x00003a68                AC_Handler
                0x00003a68                SysTick_Handler
                0x00003a68                PendSV_Handler
                0x00003a68                NMI_Handler
                0x00003a68                TCC1_Handler
                0x00003a68                TCC0_Handler
                0x00003a68                RTC_Handler
                0x00003a68                ADC1_Handler
                0x00003a68                EIC_Handler
                0x00003a68                WDT_Handler
                0x00003a68                SDADC_Handler
                0x00003a68                Dummy_Handler
                0x00003a68                CAN1_Handler
                0x00003a68                ADC0_Handler
                0x00003a68                SVC_Handler
                0x00003a68                TCC2_Handler
                0x00003a68                EVSYS_Handler
                0x00003a68                NVMCTRL_Handler
                0x00003a68                SYSTEM_Handler
                0x00003a68                DAC_Handler
                0x00003a68                PTC_Handler
                0x00003a68                FREQM_Handler
 *fill*         0x00003a6a        0x2 
 .text.Reset_Handler
                0x00003a6c       0x88 src/ASF/sam0/utils/cmsis/samc21/source/gcc/startup_samc21.o
                0x00003a6c                Reset_Handler
 .text._read    0x00003af4       0x44 src/ASF/sam0/utils/stdio/read.o
                0x00003af4                _read
 .text._write   0x00003b38       0x50 src/ASF/sam0/utils/stdio/write.o
                0x00003b38                _write
 .text._sbrk    0x00003b88       0x24 src/ASF/sam0/utils/syscalls/gcc/syscalls.o
                0x00003b88                _sbrk
 .text._close   0x00003bac        0x6 src/ASF/sam0/utils/syscalls/gcc/syscalls.o
                0x00003bac                _close
 .text._fstat   0x00003bb2        0xa src/ASF/sam0/utils/syscalls/gcc/syscalls.o
                0x00003bb2                _fstat
 .text._isatty  0x00003bbc        0x4 src/ASF/sam0/utils/syscalls/gcc/syscalls.o
                0x00003bbc                _isatty
 .text._lseek   0x00003bc0        0x4 src/ASF/sam0/utils/syscalls/gcc/syscalls.o
                0x00003bc0                _lseek
 .text._exit    0x00003bc4        0x4 src/ASF/sam0/utils/syscalls/gcc/syscalls.o
                0x00003bc4                _exit
 .text.is_zero_ct
                0x00003bc8       0x22 src/FourQ/crypto_util.o
                0x00003bc8                is_zero_ct
 *fill*         0x00003bea        0x2 
 .text.encode   0x00003bec       0x48 src/FourQ/crypto_util.o
                0x00003bec                encode
 .text.decode   0x00003c34      0x27c src/FourQ/crypto_util.o
                0x00003c34                decode
 .text.digit_x_digit
                0x00003eb0       0x52 src/FourQ/eccp2.o
                0x00003eb0                digit_x_digit
 .text.vadd1271
                0x00003f02       0x3c src/FourQ/eccp2.o
                0x00003f02                vadd1271
 .text.vsub1271
                0x00003f3e       0x2c src/FourQ/eccp2.o
                0x00003f3e                vsub1271
 *fill*         0x00003f6a        0x2 
 .text.vneg1271
                0x00003f6c       0x2c src/FourQ/eccp2.o
                0x00003f6c                vneg1271
 .text.vmul1271
                0x00003f98      0x294 src/FourQ/eccp2.o
                0x00003f98                vmul1271
 .text.vsqr1271
                0x0000422c      0x1dc src/FourQ/eccp2.o
                0x0000422c                vsqr1271
 .text.vmod1271_incomplete
                0x00004408       0x68 src/FourQ/eccp2.o
                0x00004408                vmod1271_incomplete
 .text.vmod1271
                0x00004470       0x90 src/FourQ/eccp2.o
                0x00004470                vmod1271
 .text.vexp1251
                0x00004500      0x134 src/FourQ/eccp2.o
                0x00004500                vexp1251
 .text.vinv1271
                0x00004634      0x148 src/FourQ/eccp2.o
                0x00004634                vinv1271
 .text.from_std_to_ext
                0x0000477c       0x88 src/FourQ/eccp2.o
                0x0000477c                from_std_to_ext
 .text.from_ext_to_std
                0x00004804       0x5e src/FourQ/eccp2.o
                0x00004804                from_ext_to_std
 *fill*         0x00004862        0x2 
 .text.mp_mul   0x00004864       0xa8 src/FourQ/eccp2.o
                0x00004864                mp_mul
 .text.subtract
                0x0000490c       0x5c src/FourQ/eccp2.o
                0x0000490c                subtract
 .text.Montgomery_multiply_mod_order
                0x00004968       0xcc src/FourQ/eccp2.o
                0x00004968                Montgomery_multiply_mod_order
 .text.modulo_order
                0x00004a34       0x38 src/FourQ/eccp2.o
                0x00004a34                modulo_order
 .text.conversion_to_odd
                0x00004a6c       0x64 src/FourQ/eccp2.o
                0x00004a6c                conversion_to_odd
 .text.vdiv1271
                0x00004ad0       0x52 src/FourQ/eccp2.o
                0x00004ad0                vdiv1271
 .text.v2copy1271
                0x00004b22       0x2a src/FourQ/eccp2.o
                0x00004b22                v2copy1271
 .text.table_lookup_1x8
                0x00004b4c      0x350 src/FourQ/eccp2.o
                0x00004b4c                table_lookup_1x8
 .text.table_lookup_fixed_base
                0x00004e9c      0x12c src/FourQ/eccp2.o
                0x00004e9c                table_lookup_fixed_base
 .text.v2zero1271
                0x00004fc8       0x18 src/FourQ/eccp2.o
                0x00004fc8                v2zero1271
 .text.v2add1271
                0x00004fe0       0x20 src/FourQ/eccp2.o
                0x00004fe0                v2add1271
 .text.v2sub1271
                0x00005000       0x20 src/FourQ/eccp2.o
                0x00005000                v2sub1271
 .text.v2dblsub1271
                0x00005020       0x68 src/FourQ/eccp2.o
                0x00005020                v2dblsub1271
 .text.v2neg1271
                0x00005088       0x4c src/FourQ/eccp2.o
                0x00005088                v2neg1271
 .text.v2div1271
                0x000050d4       0xb2 src/FourQ/eccp2.o
                0x000050d4                v2div1271
 *fill*         0x00005186        0x2 
 .text.v2mod1271_incomplete
                0x00005188       0x1c src/FourQ/eccp2.o
                0x00005188                v2mod1271_incomplete
 .text.v2mod1271
                0x000051a4       0x1c src/FourQ/eccp2.o
                0x000051a4                v2mod1271
 .text.v2mul1271
                0x000051c0       0x74 src/FourQ/eccp2.o
                0x000051c0                v2mul1271
 .text.v2sqr1271
                0x00005234       0x4c src/FourQ/eccp2.o
                0x00005234                v2sqr1271
 .text.v2inv1271
                0x00005280       0x58 src/FourQ/eccp2.o
                0x00005280                v2inv1271
 .text.clear_words
                0x000052d8       0x14 src/FourQ/eccp2.o
                0x000052d8                clear_words
 .text.eccnorm  0x000052ec       0x50 src/FourQ/eccp2.o
                0x000052ec                eccnorm
 .text.R1_to_R2
                0x0000533c       0xac src/FourQ/eccp2.o
                0x0000533c                R1_to_R2
 .text.R1_to_R3
                0x000053e8       0x78 src/FourQ/eccp2.o
                0x000053e8                R1_to_R3
 .text.R2_to_R4
                0x00005460       0x78 src/FourQ/eccp2.o
                0x00005460                R2_to_R4
 .text.eccdouble
                0x000054d8       0xdc src/FourQ/eccp2.o
                0x000054d8                eccdouble
 .text.eccadd_core
                0x000055b4       0xe4 src/FourQ/eccp2.o
                0x000055b4                eccadd_core
 .text.eccadd   0x00005698      0x110 src/FourQ/eccp2.o
                0x00005698                eccadd
 .text.point_setup
                0x000057a8       0x44 src/FourQ/eccp2.o
                0x000057a8                point_setup
 .text.ecc_point_validate
                0x000057ec       0xac src/FourQ/eccp2.o
                0x000057ec                ecc_point_validate
 .text.mLSB_set_recode
                0x00005898      0x190 src/FourQ/eccp2.o
                0x00005898                mLSB_set_recode
 .text.ecc_mul_fixed
                0x00005a28      0x3a0 src/FourQ/eccp2.o
                0x00005a28                ecc_mul_fixed
 .text.fixed_window_recode
                0x00005dc8      0x152 src/FourQ/eccp2_no_endo.o
                0x00005dc8                fixed_window_recode
 *fill*         0x00005f1a        0x2 
 .text.ecc_precomp
                0x00005f1c       0x80 src/FourQ/eccp2_no_endo.o
                0x00005f1c                ecc_precomp
 .text.cofactor_clearing
                0x00005f9c       0x4c src/FourQ/eccp2_no_endo.o
                0x00005f9c                cofactor_clearing
 .text.ecc_mul  0x00005fe8      0x1b0 src/FourQ/eccp2_no_endo.o
                0x00005fe8                ecc_mul
 .text.CompressedPublicKeyGeneration
                0x00006198       0x24 src/FourQ/kex.o
                0x00006198                CompressedPublicKeyGeneration
 .text.CompressedKeyGeneration
                0x000061bc       0x2c src/FourQ/kex.o
                0x000061bc                CompressedKeyGeneration
 .text.CompressedSecretAgreement
                0x000061e8       0x8c src/FourQ/kex.o
                0x000061e8                CompressedSecretAgreement
 .text.internalPermutation
                0x00006274      0x258 src/Photon/photon.o
 .text.photon128
                0x000064cc       0xe8 src/Photon/photon.o
                0x000064cc                photon128
 .text.usart_serial_getchar
                0x000065b4       0x2c src/qs_can_basic.o
 .text.usart_serial_putchar
                0x000065e0       0x18 src/qs_can_basic.o
 .text.CAN0_Handler
                0x000065f8       0xbc src/qs_can_basic.o
                0x000065f8                CAN0_Handler
 .text.client_discover
                0x000066b4       0xd4 src/qs_can_basic.o
                0x000066b4                client_discover
 .text.main     0x00006788      0x3e4 src/qs_can_basic.o
                0x00006788                main
 .text          0x00006b6c      0x114 c:/program files (x86)/atmel/studio/7.0/toolchain/arm/arm-gnu-toolchain/bin/../lib/gcc/arm-none-eabi/6.3.1/thumb/v6-m\libgcc.a(_udivsi3.o)
                0x00006b6c                __aeabi_uidiv
                0x00006b6c                __udivsi3
                0x00006c78                __aeabi_uidivmod
 .text          0x00006c80      0x1d4 c:/program files (x86)/atmel/studio/7.0/toolchain/arm/arm-gnu-toolchain/bin/../lib/gcc/arm-none-eabi/6.3.1/thumb/v6-m\libgcc.a(_divsi3.o)
                0x00006c80                __divsi3
                0x00006c80                __aeabi_idiv
                0x00006e4c                __aeabi_idivmod
 .text          0x00006e54        0x4 c:/program files (x86)/atmel/studio/7.0/toolchain/arm/arm-gnu-toolchain/bin/../lib/gcc/arm-none-eabi/6.3.1/thumb/v6-m\libgcc.a(_dvmd_tls.o)
                0x00006e54                __aeabi_idiv0
                0x00006e54                __aeabi_ldiv0
 .text          0x00006e58       0x54 c:/program files (x86)/atmel/studio/7.0/toolchain/arm/arm-gnu-toolchain/bin/../lib/gcc/arm-none-eabi/6.3.1/thumb/v6-m\libgcc.a(_muldi3.o)
                0x00006e58                __muldi3
                0x00006e58                __aeabi_lmul
 .text.exit     0x00006eac       0x2c c:/program files (x86)/atmel/studio/7.0/toolchain/arm/arm-gnu-toolchain/bin/../lib/gcc/arm-none-eabi/6.3.1/../../../../arm-none-eabi/lib/thumb/v6-m\libc_nano.a(lib_a-exit.o)
                0x00006eac                exit
 .text.__libc_init_array
                0x00006ed8       0x48 c:/program files (x86)/atmel/studio/7.0/toolchain/arm/arm-gnu-toolchain/bin/../lib/gcc/arm-none-eabi/6.3.1/../../../../arm-none-eabi/lib/thumb/v6-m\libc_nano.a(lib_a-init.o)
                0x00006ed8                __libc_init_array
 .text.malloc   0x00006f20       0x14 c:/program files (x86)/atmel/studio/7.0/toolchain/arm/arm-gnu-toolchain/bin/../lib/gcc/arm-none-eabi/6.3.1/../../../../arm-none-eabi/lib/thumb/v6-m\libc_nano.a(lib_a-malloc.o)
                0x00006f20                malloc
 .text.memcmp   0x00006f34       0x1e c:/program files (x86)/atmel/studio/7.0/toolchain/arm/arm-gnu-toolchain/bin/../lib/gcc/arm-none-eabi/6.3.1/../../../../arm-none-eabi/lib/thumb/v6-m\libc_nano.a(lib_a-memcmp.o)
                0x00006f34                memcmp
 .text.memcpy   0x00006f52       0x12 c:/program files (x86)/atmel/studio/7.0/toolchain/arm/arm-gnu-toolchain/bin/../lib/gcc/arm-none-eabi/6.3.1/../../../../arm-none-eabi/lib/thumb/v6-m\libc_nano.a(lib_a-memcpy-stub.o)
                0x00006f52                memcpy
 .text.memmove  0x00006f64       0x24 c:/program files (x86)/atmel/studio/7.0/toolchain/arm/arm-gnu-toolchain/bin/../lib/gcc/arm-none-eabi/6.3.1/../../../../arm-none-eabi/lib/thumb/v6-m\libc_nano.a(lib_a-memmove.o)
                0x00006f64                memmove
 .text.memset   0x00006f88       0x10 c:/program files (x86)/atmel/studio/7.0/toolchain/arm/arm-gnu-toolchain/bin/../lib/gcc/arm-none-eabi/6.3.1/../../../../arm-none-eabi/lib/thumb/v6-m\libc_nano.a(lib_a-memset.o)
                0x00006f88                memset
 .text._free_r  0x00006f98       0x94 c:/program files (x86)/atmel/studio/7.0/toolchain/arm/arm-gnu-toolchain/bin/../lib/gcc/arm-none-eabi/6.3.1/../../../../arm-none-eabi/lib/thumb/v6-m\libc_nano.a(lib_a-nano-freer.o)
                0x00006f98                _free_r
 .text._malloc_r
                0x0000702c       0xbc c:/program files (x86)/atmel/studio/7.0/toolchain/arm/arm-gnu-toolchain/bin/../lib/gcc/arm-none-eabi/6.3.1/../../../../arm-none-eabi/lib/thumb/v6-m\libc_nano.a(lib_a-nano-mallocr.o)
                0x0000702c                _malloc_r
 .text.printf   0x000070e8       0x34 c:/program files (x86)/atmel/studio/7.0/toolchain/arm/arm-gnu-toolchain/bin/../lib/gcc/arm-none-eabi/6.3.1/../../../../arm-none-eabi/lib/thumb/v6-m\libc_nano.a(lib_a-printf.o)
                0x000070e8                iprintf
                0x000070e8                printf
 .text._puts_r  0x0000711c       0xc0 c:/program files (x86)/atmel/studio/7.0/toolchain/arm/arm-gnu-toolchain/bin/../lib/gcc/arm-none-eabi/6.3.1/../../../../arm-none-eabi/lib/thumb/v6-m\libc_nano.a(lib_a-puts.o)
                0x0000711c                _puts_r
 .text.puts     0x000071dc       0x14 c:/program files (x86)/atmel/studio/7.0/toolchain/arm/arm-gnu-toolchain/bin/../lib/gcc/arm-none-eabi/6.3.1/../../../../arm-none-eabi/lib/thumb/v6-m\libc_nano.a(lib_a-puts.o)
                0x000071dc                puts
 .text.rand     0x000071f0       0x78 c:/program files (x86)/atmel/studio/7.0/toolchain/arm/arm-gnu-toolchain/bin/../lib/gcc/arm-none-eabi/6.3.1/../../../../arm-none-eabi/lib/thumb/v6-m\libc_nano.a(lib_a-rand.o)
                0x000071f0                rand
 .text._sbrk_r  0x00007268       0x24 c:/program files (x86)/atmel/studio/7.0/toolchain/arm/arm-gnu-toolchain/bin/../lib/gcc/arm-none-eabi/6.3.1/../../../../arm-none-eabi/lib/thumb/v6-m\libc_nano.a(lib_a-sbrkr.o)
                0x00007268                _sbrk_r
 .text.setbuf   0x0000728c       0x12 c:/program files (x86)/atmel/studio/7.0/toolchain/arm/arm-gnu-toolchain/bin/../lib/gcc/arm-none-eabi/6.3.1/../../../../arm-none-eabi/lib/thumb/v6-m\libc_nano.a(lib_a-setbuf.o)
                0x0000728c                setbuf
 *fill*         0x0000729e        0x2 
 .text.setvbuf  0x000072a0      0x158 c:/program files (x86)/atmel/studio/7.0/toolchain/arm/arm-gnu-toolchain/bin/../lib/gcc/arm-none-eabi/6.3.1/../../../../arm-none-eabi/lib/thumb/v6-m\libc_nano.a(lib_a-setvbuf.o)
                0x000072a0                setvbuf
 .text.__swbuf_r
                0x000073f8       0xac c:/program files (x86)/atmel/studio/7.0/toolchain/arm/arm-gnu-toolchain/bin/../lib/gcc/arm-none-eabi/6.3.1/../../../../arm-none-eabi/lib/thumb/v6-m\libc_nano.a(lib_a-wbuf.o)
                0x000073f8                __swbuf_r
 .text.__swsetup_r
                0x000074a4       0xec c:/program files (x86)/atmel/studio/7.0/toolchain/arm/arm-gnu-toolchain/bin/../lib/gcc/arm-none-eabi/6.3.1/../../../../arm-none-eabi/lib/thumb/v6-m\libc_nano.a(lib_a-wsetup.o)
                0x000074a4                __swsetup_r
 .text.__sflush_r
                0x00007590      0x114 c:/program files (x86)/atmel/studio/7.0/toolchain/arm/arm-gnu-toolchain/bin/../lib/gcc/arm-none-eabi/6.3.1/../../../../arm-none-eabi/lib/thumb/v6-m\libc_nano.a(lib_a-fflush.o)
                0x00007590                __sflush_r
 .text._fflush_r
                0x000076a4       0x58 c:/program files (x86)/atmel/studio/7.0/toolchain/arm/arm-gnu-toolchain/bin/../lib/gcc/arm-none-eabi/6.3.1/../../../../arm-none-eabi/lib/thumb/v6-m\libc_nano.a(lib_a-fflush.o)
                0x000076a4                _fflush_r
 .text._cleanup_r
                0x000076fc       0x10 c:/program files (x86)/atmel/studio/7.0/toolchain/arm/arm-gnu-toolchain/bin/../lib/gcc/arm-none-eabi/6.3.1/../../../../arm-none-eabi/lib/thumb/v6-m\libc_nano.a(lib_a-findfp.o)
                0x000076fc                _cleanup_r
 .text.std.isra.0
                0x0000770c       0x48 c:/program files (x86)/atmel/studio/7.0/toolchain/arm/arm-gnu-toolchain/bin/../lib/gcc/arm-none-eabi/6.3.1/../../../../arm-none-eabi/lib/thumb/v6-m\libc_nano.a(lib_a-findfp.o)
 .text.__sfmoreglue
                0x00007754       0x2c c:/program files (x86)/atmel/studio/7.0/toolchain/arm/arm-gnu-toolchain/bin/../lib/gcc/arm-none-eabi/6.3.1/../../../../arm-none-eabi/lib/thumb/v6-m\libc_nano.a(lib_a-findfp.o)
                0x00007754                __sfmoreglue
 .text.__sinit  0x00007780       0x68 c:/program files (x86)/atmel/studio/7.0/toolchain/arm/arm-gnu-toolchain/bin/../lib/gcc/arm-none-eabi/6.3.1/../../../../arm-none-eabi/lib/thumb/v6-m\libc_nano.a(lib_a-findfp.o)
                0x00007780                __sinit
 .text.__sfp    0x000077e8       0x80 c:/program files (x86)/atmel/studio/7.0/toolchain/arm/arm-gnu-toolchain/bin/../lib/gcc/arm-none-eabi/6.3.1/../../../../arm-none-eabi/lib/thumb/v6-m\libc_nano.a(lib_a-findfp.o)
                0x000077e8                __sfp
 .text._fwalk_reent
                0x00007868       0x42 c:/program files (x86)/atmel/studio/7.0/toolchain/arm/arm-gnu-toolchain/bin/../lib/gcc/arm-none-eabi/6.3.1/../../../../arm-none-eabi/lib/thumb/v6-m\libc_nano.a(lib_a-fwalk.o)
                0x00007868                _fwalk_reent
 *fill*         0x000078aa        0x2 
 .text.__swhatbuf_r
                0x000078ac       0x50 c:/program files (x86)/atmel/studio/7.0/toolchain/arm/arm-gnu-toolchain/bin/../lib/gcc/arm-none-eabi/6.3.1/../../../../arm-none-eabi/lib/thumb/v6-m\libc_nano.a(lib_a-makebuf.o)
                0x000078ac                __swhatbuf_r
 .text.__smakebuf_r
                0x000078fc       0x88 c:/program files (x86)/atmel/studio/7.0/toolchain/arm/arm-gnu-toolchain/bin/../lib/gcc/arm-none-eabi/6.3.1/../../../../arm-none-eabi/lib/thumb/v6-m\libc_nano.a(lib_a-makebuf.o)
                0x000078fc                __smakebuf_r
 .text.__malloc_lock
                0x00007984        0x2 c:/program files (x86)/atmel/studio/7.0/toolchain/arm/arm-gnu-toolchain/bin/../lib/gcc/arm-none-eabi/6.3.1/../../../../arm-none-eabi/lib/thumb/v6-m\libc_nano.a(lib_a-mlock.o)
                0x00007984                __malloc_lock
 .text.__malloc_unlock
                0x00007986        0x2 c:/program files (x86)/atmel/studio/7.0/toolchain/arm/arm-gnu-toolchain/bin/../lib/gcc/arm-none-eabi/6.3.1/../../../../arm-none-eabi/lib/thumb/v6-m\libc_nano.a(lib_a-mlock.o)
                0x00007986                __malloc_unlock
 .text.__sfputc_r
                0x00007988       0x2a c:/program files (x86)/atmel/studio/7.0/toolchain/arm/arm-gnu-toolchain/bin/../lib/gcc/arm-none-eabi/6.3.1/../../../../arm-none-eabi/lib/thumb/v6-m\libc_nano.a(lib_a-nano-vfprintf.o)
 .text.__sfputs_r
                0x000079b2       0x24 c:/program files (x86)/atmel/studio/7.0/toolchain/arm/arm-gnu-toolchain/bin/../lib/gcc/arm-none-eabi/6.3.1/../../../../arm-none-eabi/lib/thumb/v6-m\libc_nano.a(lib_a-nano-vfprintf.o)
                0x000079b2                __sfputs_r
 *fill*         0x000079d6        0x2 
 .text._vfprintf_r
                0x000079d8      0x238 c:/program files (x86)/atmel/studio/7.0/toolchain/arm/arm-gnu-toolchain/bin/../lib/gcc/arm-none-eabi/6.3.1/../../../../arm-none-eabi/lib/thumb/v6-m\libc_nano.a(lib_a-nano-vfprintf.o)
                0x000079d8                _vfprintf_r
                0x000079d8                _vfiprintf_r
 .text._printf_common
                0x00007c10       0xda c:/program files (x86)/atmel/studio/7.0/toolchain/arm/arm-gnu-toolchain/bin/../lib/gcc/arm-none-eabi/6.3.1/../../../../arm-none-eabi/lib/thumb/v6-m\libc_nano.a(lib_a-nano-vfprintf_i.o)
                0x00007c10                _printf_common
 *fill*         0x00007cea        0x2 
 .text._printf_i
                0x00007cec      0x234 c:/program files (x86)/atmel/studio/7.0/toolchain/arm/arm-gnu-toolchain/bin/../lib/gcc/arm-none-eabi/6.3.1/../../../../arm-none-eabi/lib/thumb/v6-m\libc_nano.a(lib_a-nano-vfprintf_i.o)
                0x00007cec                _printf_i
 .text.__sread  0x00007f20       0x28 c:/program files (x86)/atmel/studio/7.0/toolchain/arm/arm-gnu-toolchain/bin/../lib/gcc/arm-none-eabi/6.3.1/../../../../arm-none-eabi/lib/thumb/v6-m\libc_nano.a(lib_a-stdio.o)
                0x00007f20                __sread
 .text.__swrite
                0x00007f48       0x38 c:/program files (x86)/atmel/studio/7.0/toolchain/arm/arm-gnu-toolchain/bin/../lib/gcc/arm-none-eabi/6.3.1/../../../../arm-none-eabi/lib/thumb/v6-m\libc_nano.a(lib_a-stdio.o)
                0x00007f48                __swrite
 .text.__sseek  0x00007f80       0x2c c:/program files (x86)/atmel/studio/7.0/toolchain/arm/arm-gnu-toolchain/bin/../lib/gcc/arm-none-eabi/6.3.1/../../../../arm-none-eabi/lib/thumb/v6-m\libc_nano.a(lib_a-stdio.o)
                0x00007f80                __sseek
 .text.__sclose
                0x00007fac        0xc c:/program files (x86)/atmel/studio/7.0/toolchain/arm/arm-gnu-toolchain/bin/../lib/gcc/arm-none-eabi/6.3.1/../../../../arm-none-eabi/lib/thumb/v6-m\libc_nano.a(lib_a-stdio.o)
                0x00007fac                __sclose
 .text._write_r
                0x00007fb8       0x28 c:/program files (x86)/atmel/studio/7.0/toolchain/arm/arm-gnu-toolchain/bin/../lib/gcc/arm-none-eabi/6.3.1/../../../../arm-none-eabi/lib/thumb/v6-m\libc_nano.a(lib_a-writer.o)
                0x00007fb8                _write_r
 .text._close_r
                0x00007fe0       0x24 c:/program files (x86)/atmel/studio/7.0/toolchain/arm/arm-gnu-toolchain/bin/../lib/gcc/arm-none-eabi/6.3.1/../../../../arm-none-eabi/lib/thumb/v6-m\libc_nano.a(lib_a-closer.o)
                0x00007fe0                _close_r
 .text._fstat_r
                0x00008004       0x24 c:/program files (x86)/atmel/studio/7.0/toolchain/arm/arm-gnu-toolchain/bin/../lib/gcc/arm-none-eabi/6.3.1/../../../../arm-none-eabi/lib/thumb/v6-m\libc_nano.a(lib_a-fstatr.o)
                0x00008004                _fstat_r
 .text._isatty_r
                0x00008028       0x24 c:/program files (x86)/atmel/studio/7.0/toolchain/arm/arm-gnu-toolchain/bin/../lib/gcc/arm-none-eabi/6.3.1/../../../../arm-none-eabi/lib/thumb/v6-m\libc_nano.a(lib_a-isattyr.o)
                0x00008028                _isatty_r
 .text._lseek_r
                0x0000804c       0x28 c:/program files (x86)/atmel/studio/7.0/toolchain/arm/arm-gnu-toolchain/bin/../lib/gcc/arm-none-eabi/6.3.1/../../../../arm-none-eabi/lib/thumb/v6-m\libc_nano.a(lib_a-lseekr.o)
                0x0000804c                _lseek_r
 .text.memchr   0x00008074       0x16 c:/program files (x86)/atmel/studio/7.0/toolchain/arm/arm-gnu-toolchain/bin/../lib/gcc/arm-none-eabi/6.3.1/../../../../arm-none-eabi/lib/thumb/v6-m\libc_nano.a(lib_a-memchr-stub.o)
                0x00008074                memchr
 *fill*         0x0000808a        0x2 
 .text._read_r  0x0000808c       0x28 c:/program files (x86)/atmel/studio/7.0/toolchain/arm/arm-gnu-toolchain/bin/../lib/gcc/arm-none-eabi/6.3.1/../../../../arm-none-eabi/lib/thumb/v6-m\libc_nano.a(lib_a-readr.o)
                0x0000808c                _read_r
 *(.glue_7t)
 .glue_7t       0x000080b4        0x0 linker stubs
 *(.glue_7)
 .glue_7        0x000080b4        0x0 linker stubs
 *(.rodata .rodata* .gnu.linkonce.r.*)
 .rodata.node_msg_cmd_to_len
                0x000080b4       0x40 src/TreeProtocol/node.o
 .rodata.node_make_source_from_msg.str1.4
                0x000080f4       0x28 src/TreeProtocol/node.o
 .rodata.node_msg_check.str1.4
                0x0000811c       0x26 src/TreeProtocol/node.o
 *fill*         0x00008142        0x2 
 .rodata.node_msg_send.str1.4
                0x00008144       0x22 src/TreeProtocol/node.o
 *fill*         0x00008166        0x2 
 .rodata.node_msg_wait.str1.4
                0x00008168       0x5a src/TreeProtocol/node.o
                                 0x5e (size before relaxing)
 *fill*         0x000081c2        0x2 
 .rodata.CAN_Tx_Raw
                0x000081c4       0xd4 src/CANLib.o
 .rodata.network_check_any
                0x00008298       0xa8 src/CANLib.o
 .rodata.CAN_Tx_Raw.str1.4
                0x00008340       0x3c src/CANLib.o
 .rodata.map    0x0000837c       0x10 src/CANLib.o
                0x0000837c                map
 .rodata.network_check_any.str1.4
                0x0000838c       0xc4 src/CANLib.o
 .rodata.network_send.str1.4
                0x00008450       0x47 src/CANLib.o
                                 0x4f (size before relaxing)
 *fill*         0x00008497        0x1 
 .rodata.HARDWARE_ID_VAL
                0x00008498        0x4 src/EncLib.o
                0x00008498                HARDWARE_ID_VAL
 .rodata.authToParent.str1.4
                0x0000849c      0x104 src/EncLib.o
                                0x10c (size before relaxing)
 .rodata.str1.4
                0x000085a0        0xc src/EncLib.o
 .rodata        0x000085ac       0x18 src/ASF/sam0/drivers/sercom/sercom.o
 .rodata.system_clock_source_get_hz
                0x000085c4       0x20 src/ASF/sam0/drivers/system/clock/clock_samc20_c21/clock.o
 .rodata.system_clock_source_enable
                0x000085e4       0x20 src/ASF/sam0/drivers/system/clock/clock_samc20_c21/clock.o
 .rodata.PARAMETER_d
                0x00008604       0x28 src/FourQ/crypto_util.o
 .rodata.FIXED_BASE_TABLE
                0x0000862c     0x2580 src/FourQ/eccp2.o
 *fill*         0x0000abac        0x4 
 .rodata.Montgomery_Rprime
                0x0000abb0       0x20 src/FourQ/eccp2.o
 .rodata.Montgomery_rprime
                0x0000abd0       0x20 src/FourQ/eccp2.o
 .rodata.PARAMETER_d
                0x0000abf0       0x28 src/FourQ/eccp2.o
 .rodata.curve_order
                0x0000ac18       0x20 src/FourQ/eccp2.o
 .rodata.A144   0x0000ac38       0x24 src/Photon/photon.o
 .rodata.IC     0x0000ac5c        0x6 src/Photon/photon.o
 *fill*         0x0000ac62        0x2 
 .rodata.RC     0x0000ac64        0xc src/Photon/photon.o
 .rodata.sbox   0x0000ac70       0x10 src/Photon/photon.o
 .rodata.client_discover.str1.4
                0x0000ac80       0x55 src/qs_can_basic.o
 *fill*         0x0000acd5        0x3 
 .rodata.main.str1.4
                0x0000acd8       0xd0 src/qs_can_basic.o
                                 0xce (size before relaxing)
 .rodata._global_impure_ptr
                0x0000ada8        0x4 c:/program files (x86)/atmel/studio/7.0/toolchain/arm/arm-gnu-toolchain/bin/../lib/gcc/arm-none-eabi/6.3.1/../../../../arm-none-eabi/lib/thumb/v6-m\libc_nano.a(lib_a-impure.o)
                0x0000ada8                _global_impure_ptr
 .rodata.__sf_fake_stderr
                0x0000adac       0x20 c:/program files (x86)/atmel/studio/7.0/toolchain/arm/arm-gnu-toolchain/bin/../lib/gcc/arm-none-eabi/6.3.1/../../../../arm-none-eabi/lib/thumb/v6-m\libc_nano.a(lib_a-findfp.o)
                0x0000adac                __sf_fake_stderr
 .rodata.__sf_fake_stdin
                0x0000adcc       0x20 c:/program files (x86)/atmel/studio/7.0/toolchain/arm/arm-gnu-toolchain/bin/../lib/gcc/arm-none-eabi/6.3.1/../../../../arm-none-eabi/lib/thumb/v6-m\libc_nano.a(lib_a-findfp.o)
                0x0000adcc                __sf_fake_stdin
 .rodata.__sf_fake_stdout
                0x0000adec       0x20 c:/program files (x86)/atmel/studio/7.0/toolchain/arm/arm-gnu-toolchain/bin/../lib/gcc/arm-none-eabi/6.3.1/../../../../arm-none-eabi/lib/thumb/v6-m\libc_nano.a(lib_a-findfp.o)
                0x0000adec                __sf_fake_stdout
 .rodata._vfprintf_r.str1.1
                0x0000ae0c       0x11 c:/program files (x86)/atmel/studio/7.0/toolchain/arm/arm-gnu-toolchain/bin/../lib/gcc/arm-none-eabi/6.3.1/../../../../arm-none-eabi/lib/thumb/v6-m\libc_nano.a(lib_a-nano-vfprintf.o)
 .rodata._printf_i.str1.1
                0x0000ae1d       0x22 c:/program files (x86)/atmel/studio/7.0/toolchain/arm/arm-gnu-toolchain/bin/../lib/gcc/arm-none-eabi/6.3.1/../../../../arm-none-eabi/lib/thumb/v6-m\libc_nano.a(lib_a-nano-vfprintf_i.o)
 *(.ARM.extab* .gnu.linkonce.armextab.*)
                0x0000ae40                . = ALIGN (0x4)
 *fill*         0x0000ae3f        0x1 
 *(.init)
 .init          0x0000ae40        0x4 c:/program files (x86)/atmel/studio/7.0/toolchain/arm/arm-gnu-toolchain/bin/../lib/gcc/arm-none-eabi/6.3.1/thumb/v6-m/crti.o
                0x0000ae40                _init
 .init          0x0000ae44        0x8 c:/program files (x86)/atmel/studio/7.0/toolchain/arm/arm-gnu-toolchain/bin/../lib/gcc/arm-none-eabi/6.3.1/thumb/v6-m/crtn.o
                0x0000ae4c                . = ALIGN (0x4)
                0x0000ae4c                __preinit_array_start = .
 *(.preinit_array)
                0x0000ae4c                __preinit_array_end = .
                0x0000ae4c                . = ALIGN (0x4)
                0x0000ae4c                __init_array_start = .
 *(SORT(.init_array.*))
 *(.init_array)
 .init_array    0x0000ae4c        0x4 c:/program files (x86)/atmel/studio/7.0/toolchain/arm/arm-gnu-toolchain/bin/../lib/gcc/arm-none-eabi/6.3.1/thumb/v6-m/crtbegin.o
                0x0000ae50                __init_array_end = .
                0x0000ae50                . = ALIGN (0x4)
 *crtbegin.o(.ctors)
 *(EXCLUDE_FILE(*crtend.o) .ctors)
 *(SORT(.ctors.*))
 *crtend.o(.ctors)
                0x0000ae50                . = ALIGN (0x4)
 *(.fini)
 .fini          0x0000ae50        0x4 c:/program files (x86)/atmel/studio/7.0/toolchain/arm/arm-gnu-toolchain/bin/../lib/gcc/arm-none-eabi/6.3.1/thumb/v6-m/crti.o
                0x0000ae50                _fini
 .fini          0x0000ae54        0x8 c:/program files (x86)/atmel/studio/7.0/toolchain/arm/arm-gnu-toolchain/bin/../lib/gcc/arm-none-eabi/6.3.1/thumb/v6-m/crtn.o
                0x0000ae5c                . = ALIGN (0x4)
                0x0000ae5c                __fini_array_start = .
 *(.fini_array)
 .fini_array    0x0000ae5c        0x4 c:/program files (x86)/atmel/studio/7.0/toolchain/arm/arm-gnu-toolchain/bin/../lib/gcc/arm-none-eabi/6.3.1/thumb/v6-m/crtbegin.o
 *(SORT(.fini_array.*))
                0x0000ae60                __fini_array_end = .
 *crtbegin.o(.dtors)
 *(EXCLUDE_FILE(*crtend.o) .dtors)
 *(SORT(.dtors.*))
 *crtend.o(.dtors)
                0x0000ae60                . = ALIGN (0x4)
                0x0000ae60                _efixed = .
                [!provide]                PROVIDE (__exidx_start, .)

.vfp11_veneer   0x0000ae60        0x0
 .vfp11_veneer  0x0000ae60        0x0 linker stubs

.v4_bx          0x0000ae60        0x0
 .v4_bx         0x0000ae60        0x0 linker stubs

.iplt           0x0000ae60        0x0
 .iplt          0x0000ae60        0x0 c:/program files (x86)/atmel/studio/7.0/toolchain/arm/arm-gnu-toolchain/bin/../lib/gcc/arm-none-eabi/6.3.1/thumb/v6-m/crtbegin.o

.eh_frame       0x0000ae60        0x0
 .eh_frame      0x0000ae60        0x0 c:/program files (x86)/atmel/studio/7.0/toolchain/arm/arm-gnu-toolchain/bin/../lib/gcc/arm-none-eabi/6.3.1/thumb/v6-m/crtbegin.o

.rel.dyn        0x0000ae60        0x0
 .rel.iplt      0x0000ae60        0x0 c:/program files (x86)/atmel/studio/7.0/toolchain/arm/arm-gnu-toolchain/bin/../lib/gcc/arm-none-eabi/6.3.1/thumb/v6-m/crtbegin.o

.jcr            0x0000ae60        0x0
 .jcr           0x0000ae60        0x0 c:/program files (x86)/atmel/studio/7.0/toolchain/arm/arm-gnu-toolchain/bin/../lib/gcc/arm-none-eabi/6.3.1/thumb/v6-m/crtbegin.o

.igot.plt       0x0000ae60        0x0
 .igot.plt      0x0000ae60        0x0 c:/program files (x86)/atmel/studio/7.0/toolchain/arm/arm-gnu-toolchain/bin/../lib/gcc/arm-none-eabi/6.3.1/thumb/v6-m/crtbegin.o

.ARM.exidx
 *(.ARM.exidx* .gnu.linkonce.armexidx.*)
                [!provide]                PROVIDE (__exidx_end, .)
                0x0000ae60                . = ALIGN (0x4)
                0x0000ae60                _etext = .

.relocate       0x20000000      0x264 load address 0x0000ae60
                0x20000000                . = ALIGN (0x4)
                0x20000000                _srelocate = .
 *(.ramfunc .ramfunc.*)
 *(.data .data.*)
 .data.HWIDParent
                0x20000000       0x34 src/EncLib.o
                0x20000000                HWIDParent
 .data.myname   0x20000034        0x4 src/EncLib.o
                0x20000034                myname
 .data.parentStoredKeys
                0x20000038        0x4 src/EncLib.o
                0x20000038                parentStoredKeys
 .data.selfData
                0x2000003c       0xb0 src/EncLib.o
                0x2000003c                selfData
 .data.g_interrupt_enabled
                0x200000ec        0x1 src/ASF/common/utils/interrupt/interrupt_sam_nvic.o
                0x200000ec                g_interrupt_enabled
 *fill*         0x200000ed        0x3 
 .data.MMUL     0x200000f0      0x100 src/Photon/photon.o
 .data.my_node_type
                0x200001f0        0x1 src/qs_can_basic.o
                0x200001f0                my_node_type
 *fill*         0x200001f1        0x3 
 .data.parent_info
                0x200001f4        0x4 src/qs_can_basic.o
                0x200001f4                parent_info
 .data.parent_max_nodes
                0x200001f8        0x4 src/qs_can_basic.o
                0x200001f8                parent_max_nodes
 .data.parent_num_nodes
                0x200001fc        0x4 src/qs_can_basic.o
                0x200001fc                parent_num_nodes
 .data._impure_ptr
                0x20000200        0x4 c:/program files (x86)/atmel/studio/7.0/toolchain/arm/arm-gnu-toolchain/bin/../lib/gcc/arm-none-eabi/6.3.1/../../../../arm-none-eabi/lib/thumb/v6-m\libc_nano.a(lib_a-impure.o)
                0x20000200                _impure_ptr
 .data.impure_data
                0x20000204       0x60 c:/program files (x86)/atmel/studio/7.0/toolchain/arm/arm-gnu-toolchain/bin/../lib/gcc/arm-none-eabi/6.3.1/../../../../arm-none-eabi/lib/thumb/v6-m\libc_nano.a(lib_a-impure.o)
                0x20000264                . = ALIGN (0x4)
                0x20000264                _erelocate = .

.bss            0x20000264     0x293c load address 0x0000b0c4
                0x20000264                . = ALIGN (0x4)
                0x20000264                _sbss = .
                0x20000264                _szero = .
 *(.bss .bss.*)
 .bss           0x20000264       0x1c c:/program files (x86)/atmel/studio/7.0/toolchain/arm/arm-gnu-toolchain/bin/../lib/gcc/arm-none-eabi/6.3.1/thumb/v6-m/crtbegin.o
 .bss.TEMPOFFSETVAL
                0x20000280        0x4 src/TempLib.o
                0x20000280                TEMPOFFSETVAL
 .bss.tsens_read_done
                0x20000284        0x1 src/TempLib.o
                0x20000284                tsens_read_done
 *fill*         0x20000285        0x3 
 .bss.tsens_result
                0x20000288        0x4 src/TempLib.o
                0x20000288                tsens_result
 .bss.cpu_irq_critical_section_counter
                0x2000028c        0x4 src/ASF/common/utils/interrupt/interrupt_sam_nvic.o
 .bss.cpu_irq_prev_interrupt_state
                0x20000290        0x1 src/ASF/common/utils/interrupt/interrupt_sam_nvic.o
 *fill*         0x20000291        0x3 
 .bss.can0_rx_buffer
                0x20000294      0x480 src/ASF/sam0/drivers/can/can.o
 .bss.can0_rx_extended_filter
                0x20000714       0x80 src/ASF/sam0/drivers/can/can.o
 .bss.can0_rx_fifo_0
                0x20000794      0x480 src/ASF/sam0/drivers/can/can.o
 .bss.can0_rx_fifo_1
                0x20000c14      0x480 src/ASF/sam0/drivers/can/can.o
 .bss.can0_rx_standard_filter
                0x20001094       0x80 src/ASF/sam0/drivers/can/can.o
 .bss.can0_tx_buffer
                0x20001114      0x240 src/ASF/sam0/drivers/can/can.o
 .bss.can0_tx_event_fifo
                0x20001354       0x40 src/ASF/sam0/drivers/can/can.o
 .bss.can1_rx_buffer
                0x20001394      0x480 src/ASF/sam0/drivers/can/can.o
 .bss.can1_rx_extended_filter
                0x20001814       0x80 src/ASF/sam0/drivers/can/can.o
 .bss.can1_rx_fifo_0
                0x20001894      0x480 src/ASF/sam0/drivers/can/can.o
 .bss.can1_rx_fifo_1
                0x20001d14      0x480 src/ASF/sam0/drivers/can/can.o
 .bss.can1_rx_standard_filter
                0x20002194       0x80 src/ASF/sam0/drivers/can/can.o
 .bss.can1_tx_buffer
                0x20002214      0x240 src/ASF/sam0/drivers/can/can.o
 .bss.can1_tx_event_fifo
                0x20002454       0x40 src/ASF/sam0/drivers/can/can.o
 .bss._sercom_config
                0x20002494        0x2 src/ASF/sam0/drivers/sercom/sercom.o
 .bss._handler_table_initialized
                0x20002496        0x1 src/ASF/sam0/drivers/sercom/sercom_interrupt.o
 *fill*         0x20002497        0x1 
 .bss._sercom_interrupt_handlers
                0x20002498       0x18 src/ASF/sam0/drivers/sercom/sercom_interrupt.o
 .bss._system_clock_inst
                0x200024b0        0xc src/ASF/sam0/drivers/system/clock/clock_samc20_c21/clock.o
 .bss.heap.5296
                0x200024bc        0x4 src/ASF/sam0/utils/syscalls/gcc/syscalls.o
 .bss.cdc_instance
                0x200024c0       0x34 src/qs_can_basic.o
 .bss.my_parent_info
                0x200024f4        0x4 src/qs_can_basic.o
                0x200024f4                my_parent_info
 .bss.parent_table
                0x200024f8      0x190 src/qs_can_basic.o
                0x200024f8                parent_table
 .bss.__malloc_free_list
                0x20002688        0x4 c:/program files (x86)/atmel/studio/7.0/toolchain/arm/arm-gnu-toolchain/bin/../lib/gcc/arm-none-eabi/6.3.1/../../../../arm-none-eabi/lib/thumb/v6-m\libc_nano.a(lib_a-nano-mallocr.o)
                0x20002688                __malloc_free_list
 .bss.__malloc_sbrk_start
                0x2000268c        0x4 c:/program files (x86)/atmel/studio/7.0/toolchain/arm/arm-gnu-toolchain/bin/../lib/gcc/arm-none-eabi/6.3.1/../../../../arm-none-eabi/lib/thumb/v6-m\libc_nano.a(lib_a-nano-mallocr.o)
                0x2000268c                __malloc_sbrk_start
 *(COMMON)
 COMMON         0x20002690       0x14 src/ASF/sam0/drivers/tc/tc_interrupt.o
                0x20002690                _tc_instances
 COMMON         0x200026a4       0x14 src/TempLib.o
                0x200026a4                tsens_instance
 COMMON         0x200026b8        0x4 src/ASF/sam0/drivers/tsens/tsens_callback.o
                0x200026b8                _tsens_instances
 COMMON         0x200026bc      0x48c src/CANLib.o
                0x200026bc                can0_instance
                0x200026c0                CAN0_rx_element_buff
 COMMON         0x20002b48        0x1 src/ASF/sam0/drivers/can/can.o
                0x20002b48                gclk_chan_conf
 *fill*         0x20002b49        0x3 
 COMMON         0x20002b4c       0x18 src/ASF/sam0/drivers/sercom/sercom_interrupt.o
                0x20002b4c                _sercom_instances
 COMMON         0x20002b64        0x4 src/ASF/sam0/utils/stdio/read.o
                0x20002b64                ptr_get
 COMMON         0x20002b68        0x8 src/ASF/sam0/utils/stdio/write.o
                0x20002b68                ptr_put
                0x20002b6c                stdio_base
 COMMON         0x20002b70       0x2c src/qs_can_basic.o
                0x20002b70                parent_broadcast_info
                0x20002b98                node_my_name
 COMMON         0x20002b9c        0x4 c:/program files (x86)/atmel/studio/7.0/toolchain/arm/arm-gnu-toolchain/bin/../lib/gcc/arm-none-eabi/6.3.1/../../../../arm-none-eabi/lib/thumb/v6-m\libc_nano.a(lib_a-reent.o)
                0x20002b9c                errno
                0x20002ba0                . = ALIGN (0x4)
                0x20002ba0                _ebss = .
                0x20002ba0                _ezero = .

.stack          0x20002ba0     0x4000 load address 0x0000da00
                0x20002ba0                . = ALIGN (0x8)
                0x20002ba0                _sstack = .
                0x20006ba0                . = (. + STACK_SIZE)
 *fill*         0x20002ba0     0x4000 
                0x20006ba0                . = ALIGN (0x8)
                0x20006ba0                _estack = .
                0x20006ba0                . = ALIGN (0x4)
                0x20006ba0                _end = .
OUTPUT(CAN_QUICK_START1_FD.elf elf32-littlearm)

.ARM.attributes
                0x00000000       0x28
 .ARM.attributes
                0x00000000       0x1e c:/program files (x86)/atmel/studio/7.0/toolchain/arm/arm-gnu-toolchain/bin/../lib/gcc/arm-none-eabi/6.3.1/thumb/v6-m/crti.o
 .ARM.attributes
                0x0000001e       0x2c c:/program files (x86)/atmel/studio/7.0/toolchain/arm/arm-gnu-toolchain/bin/../lib/gcc/arm-none-eabi/6.3.1/thumb/v6-m/crtbegin.o
 .ARM.attributes
                0x0000004a       0x32 src/TreeProtocol/node.o
 .ARM.attributes
                0x0000007c       0x32 src/ASF/sam0/drivers/tc/tc_interrupt.o
 .ARM.attributes
                0x000000ae       0x32 src/TempLib.o
 .ARM.attributes
                0x000000e0       0x32 src/ASF/sam0/drivers/tsens/tsens.o
 .ARM.attributes
                0x00000112       0x32 src/ASF/sam0/drivers/tsens/tsens_callback.o
 .ARM.attributes
                0x00000144       0x32 src/CANLib.o
 .ARM.attributes
                0x00000176       0x32 src/EncLib.o
 .ARM.attributes
                0x000001a8       0x32 src/ASCON/aead.o
 .ARM.attributes
                0x000001da       0x32 src/ASF/common/utils/interrupt/interrupt_sam_nvic.o
 .ARM.attributes
                0x0000020c       0x32 src/ASF/sam0/boards/samc21_xplained_pro/board_init.o
 .ARM.attributes
                0x0000023e       0x32 src/ASF/sam0/drivers/can/can.o
 .ARM.attributes
                0x00000270       0x32 src/ASF/sam0/drivers/port/port.o
 .ARM.attributes
                0x000002a2       0x32 src/ASF/sam0/drivers/sercom/sercom.o
 .ARM.attributes
                0x000002d4       0x32 src/ASF/sam0/drivers/sercom/sercom_interrupt.o
 .ARM.attributes
                0x00000306       0x32 src/ASF/sam0/drivers/sercom/usart/usart.o
 .ARM.attributes
                0x00000338       0x32 src/ASF/sam0/drivers/sercom/usart/usart_interrupt.o
 .ARM.attributes
                0x0000036a       0x32 src/ASF/sam0/drivers/system/clock/clock_samc20_c21/clock.o
 .ARM.attributes
                0x0000039c       0x32 src/ASF/sam0/drivers/system/clock/clock_samc20_c21/gclk.o
 .ARM.attributes
                0x000003ce       0x32 src/ASF/sam0/drivers/system/pinmux/pinmux.o
 .ARM.attributes
                0x00000400       0x32 src/ASF/sam0/drivers/system/system.o
 .ARM.attributes
                0x00000432       0x32 src/ASF/sam0/utils/cmsis/samc21/source/gcc/startup_samc21.o
 .ARM.attributes
                0x00000464       0x32 src/ASF/sam0/utils/stdio/read.o
 .ARM.attributes
                0x00000496       0x32 src/ASF/sam0/utils/stdio/write.o
 .ARM.attributes
                0x000004c8       0x32 src/ASF/sam0/utils/syscalls/gcc/syscalls.o
 .ARM.attributes
                0x000004fa       0x32 src/FourQ/crypto_util.o
 .ARM.attributes
                0x0000052c       0x32 src/FourQ/eccp2.o
 .ARM.attributes
                0x0000055e       0x32 src/FourQ/eccp2_no_endo.o
 .ARM.attributes
                0x00000590       0x32 src/FourQ/kex.o
 .ARM.attributes
                0x000005c2       0x32 src/Photon/photon.o
 .ARM.attributes
                0x000005f4       0x32 src/qs_can_basic.o
 .ARM.attributes
                0x00000626       0x1e c:/program files (x86)/atmel/studio/7.0/toolchain/arm/arm-gnu-toolchain/bin/../lib/gcc/arm-none-eabi/6.3.1/thumb/v6-m\libgcc.a(_udivsi3.o)
 .ARM.attributes
                0x00000644       0x1e c:/program files (x86)/atmel/studio/7.0/toolchain/arm/arm-gnu-toolchain/bin/../lib/gcc/arm-none-eabi/6.3.1/thumb/v6-m\libgcc.a(_divsi3.o)
 .ARM.attributes
                0x00000662       0x1e c:/program files (x86)/atmel/studio/7.0/toolchain/arm/arm-gnu-toolchain/bin/../lib/gcc/arm-none-eabi/6.3.1/thumb/v6-m\libgcc.a(_dvmd_tls.o)
 .ARM.attributes
                0x00000680       0x2c c:/program files (x86)/atmel/studio/7.0/toolchain/arm/arm-gnu-toolchain/bin/../lib/gcc/arm-none-eabi/6.3.1/thumb/v6-m\libgcc.a(_muldi3.o)
 .ARM.attributes
                0x000006ac       0x2c c:/program files (x86)/atmel/studio/7.0/toolchain/arm/arm-gnu-toolchain/bin/../lib/gcc/arm-none-eabi/6.3.1/../../../../arm-none-eabi/lib/thumb/v6-m\libc_nano.a(lib_a-exit.o)
 .ARM.attributes
                0x000006d8       0x2c c:/program files (x86)/atmel/studio/7.0/toolchain/arm/arm-gnu-toolchain/bin/../lib/gcc/arm-none-eabi/6.3.1/../../../../arm-none-eabi/lib/thumb/v6-m\libc_nano.a(lib_a-impure.o)
 .ARM.attributes
                0x00000704       0x2c c:/program files (x86)/atmel/studio/7.0/toolchain/arm/arm-gnu-toolchain/bin/../lib/gcc/arm-none-eabi/6.3.1/../../../../arm-none-eabi/lib/thumb/v6-m\libc_nano.a(lib_a-init.o)
 .ARM.attributes
                0x00000730       0x2c c:/program files (x86)/atmel/studio/7.0/toolchain/arm/arm-gnu-toolchain/bin/../lib/gcc/arm-none-eabi/6.3.1/../../../../arm-none-eabi/lib/thumb/v6-m\libc_nano.a(lib_a-malloc.o)
 .ARM.attributes
                0x0000075c       0x2c c:/program files (x86)/atmel/studio/7.0/toolchain/arm/arm-gnu-toolchain/bin/../lib/gcc/arm-none-eabi/6.3.1/../../../../arm-none-eabi/lib/thumb/v6-m\libc_nano.a(lib_a-memcmp.o)
 .ARM.attributes
                0x00000788       0x2c c:/program files (x86)/atmel/studio/7.0/toolchain/arm/arm-gnu-toolchain/bin/../lib/gcc/arm-none-eabi/6.3.1/../../../../arm-none-eabi/lib/thumb/v6-m\libc_nano.a(lib_a-memcpy-stub.o)
 .ARM.attributes
                0x000007b4       0x2c c:/program files (x86)/atmel/studio/7.0/toolchain/arm/arm-gnu-toolchain/bin/../lib/gcc/arm-none-eabi/6.3.1/../../../../arm-none-eabi/lib/thumb/v6-m\libc_nano.a(lib_a-memmove.o)
 .ARM.attributes
                0x000007e0       0x2c c:/program files (x86)/atmel/studio/7.0/toolchain/arm/arm-gnu-toolchain/bin/../lib/gcc/arm-none-eabi/6.3.1/../../../../arm-none-eabi/lib/thumb/v6-m\libc_nano.a(lib_a-memset.o)
 .ARM.attributes
                0x0000080c       0x2c c:/program files (x86)/atmel/studio/7.0/toolchain/arm/arm-gnu-toolchain/bin/../lib/gcc/arm-none-eabi/6.3.1/../../../../arm-none-eabi/lib/thumb/v6-m\libc_nano.a(lib_a-nano-freer.o)
 .ARM.attributes
                0x00000838       0x2c c:/program files (x86)/atmel/studio/7.0/toolchain/arm/arm-gnu-toolchain/bin/../lib/gcc/arm-none-eabi/6.3.1/../../../../arm-none-eabi/lib/thumb/v6-m\libc_nano.a(lib_a-nano-mallocr.o)
 .ARM.attributes
                0x00000864       0x2c c:/program files (x86)/atmel/studio/7.0/toolchain/arm/arm-gnu-toolchain/bin/../lib/gcc/arm-none-eabi/6.3.1/../../../../arm-none-eabi/lib/thumb/v6-m\libc_nano.a(lib_a-printf.o)
 .ARM.attributes
                0x00000890       0x2c c:/program files (x86)/atmel/studio/7.0/toolchain/arm/arm-gnu-toolchain/bin/../lib/gcc/arm-none-eabi/6.3.1/../../../../arm-none-eabi/lib/thumb/v6-m\libc_nano.a(lib_a-puts.o)
 .ARM.attributes
                0x000008bc       0x2c c:/program files (x86)/atmel/studio/7.0/toolchain/arm/arm-gnu-toolchain/bin/../lib/gcc/arm-none-eabi/6.3.1/../../../../arm-none-eabi/lib/thumb/v6-m\libc_nano.a(lib_a-rand.o)
 .ARM.attributes
                0x000008e8       0x2c c:/program files (x86)/atmel/studio/7.0/toolchain/arm/arm-gnu-toolchain/bin/../lib/gcc/arm-none-eabi/6.3.1/../../../../arm-none-eabi/lib/thumb/v6-m\libc_nano.a(lib_a-sbrkr.o)
 .ARM.attributes
                0x00000914       0x2c c:/program files (x86)/atmel/studio/7.0/toolchain/arm/arm-gnu-toolchain/bin/../lib/gcc/arm-none-eabi/6.3.1/../../../../arm-none-eabi/lib/thumb/v6-m\libc_nano.a(lib_a-setbuf.o)
 .ARM.attributes
                0x00000940       0x2c c:/program files (x86)/atmel/studio/7.0/toolchain/arm/arm-gnu-toolchain/bin/../lib/gcc/arm-none-eabi/6.3.1/../../../../arm-none-eabi/lib/thumb/v6-m\libc_nano.a(lib_a-setvbuf.o)
 .ARM.attributes
                0x0000096c       0x2c c:/program files (x86)/atmel/studio/7.0/toolchain/arm/arm-gnu-toolchain/bin/../lib/gcc/arm-none-eabi/6.3.1/../../../../arm-none-eabi/lib/thumb/v6-m\libc_nano.a(lib_a-wbuf.o)
 .ARM.attributes
                0x00000998       0x2c c:/program files (x86)/atmel/studio/7.0/toolchain/arm/arm-gnu-toolchain/bin/../lib/gcc/arm-none-eabi/6.3.1/../../../../arm-none-eabi/lib/thumb/v6-m\libc_nano.a(lib_a-wsetup.o)
 .ARM.attributes
                0x000009c4       0x2c c:/program files (x86)/atmel/studio/7.0/toolchain/arm/arm-gnu-toolchain/bin/../lib/gcc/arm-none-eabi/6.3.1/../../../../arm-none-eabi/lib/thumb/v6-m\libc_nano.a(lib_a-fflush.o)
 .ARM.attributes
                0x000009f0       0x2c c:/program files (x86)/atmel/studio/7.0/toolchain/arm/arm-gnu-toolchain/bin/../lib/gcc/arm-none-eabi/6.3.1/../../../../arm-none-eabi/lib/thumb/v6-m\libc_nano.a(lib_a-findfp.o)
 .ARM.attributes
                0x00000a1c       0x2c c:/program files (x86)/atmel/studio/7.0/toolchain/arm/arm-gnu-toolchain/bin/../lib/gcc/arm-none-eabi/6.3.1/../../../../arm-none-eabi/lib/thumb/v6-m\libc_nano.a(lib_a-fwalk.o)
 .ARM.attributes
                0x00000a48       0x2c c:/program files (x86)/atmel/studio/7.0/toolchain/arm/arm-gnu-toolchain/bin/../lib/gcc/arm-none-eabi/6.3.1/../../../../arm-none-eabi/lib/thumb/v6-m\libc_nano.a(lib_a-makebuf.o)
 .ARM.attributes
                0x00000a74       0x2c c:/program files (x86)/atmel/studio/7.0/toolchain/arm/arm-gnu-toolchain/bin/../lib/gcc/arm-none-eabi/6.3.1/../../../../arm-none-eabi/lib/thumb/v6-m\libc_nano.a(lib_a-mlock.o)
 .ARM.attributes
                0x00000aa0       0x2c c:/program files (x86)/atmel/studio/7.0/toolchain/arm/arm-gnu-toolchain/bin/../lib/gcc/arm-none-eabi/6.3.1/../../../../arm-none-eabi/lib/thumb/v6-m\libc_nano.a(lib_a-nano-vfprintf.o)
 .ARM.attributes
                0x00000acc       0x2c c:/program files (x86)/atmel/studio/7.0/toolchain/arm/arm-gnu-toolchain/bin/../lib/gcc/arm-none-eabi/6.3.1/../../../../arm-none-eabi/lib/thumb/v6-m\libc_nano.a(lib_a-nano-vfprintf_i.o)
 .ARM.attributes
                0x00000af8       0x2c c:/program files (x86)/atmel/studio/7.0/toolchain/arm/arm-gnu-toolchain/bin/../lib/gcc/arm-none-eabi/6.3.1/../../../../arm-none-eabi/lib/thumb/v6-m\libc_nano.a(lib_a-reent.o)
 .ARM.attributes
                0x00000b24       0x2c c:/program files (x86)/atmel/studio/7.0/toolchain/arm/arm-gnu-toolchain/bin/../lib/gcc/arm-none-eabi/6.3.1/../../../../arm-none-eabi/lib/thumb/v6-m\libc_nano.a(lib_a-stdio.o)
 .ARM.attributes
                0x00000b50       0x2c c:/program files (x86)/atmel/studio/7.0/toolchain/arm/arm-gnu-toolchain/bin/../lib/gcc/arm-none-eabi/6.3.1/../../../../arm-none-eabi/lib/thumb/v6-m\libc_nano.a(lib_a-writer.o)
 .ARM.attributes
                0x00000b7c       0x2c c:/program files (x86)/atmel/studio/7.0/toolchain/arm/arm-gnu-toolchain/bin/../lib/gcc/arm-none-eabi/6.3.1/../../../../arm-none-eabi/lib/thumb/v6-m\libc_nano.a(lib_a-closer.o)
 .ARM.attributes
                0x00000ba8       0x2c c:/program files (x86)/atmel/studio/7.0/toolchain/arm/arm-gnu-toolchain/bin/../lib/gcc/arm-none-eabi/6.3.1/../../../../arm-none-eabi/lib/thumb/v6-m\libc_nano.a(lib_a-fstatr.o)
 .ARM.attributes
                0x00000bd4       0x2c c:/program files (x86)/atmel/studio/7.0/toolchain/arm/arm-gnu-toolchain/bin/../lib/gcc/arm-none-eabi/6.3.1/../../../../arm-none-eabi/lib/thumb/v6-m\libc_nano.a(lib_a-isattyr.o)
 .ARM.attributes
                0x00000c00       0x2c c:/program files (x86)/atmel/studio/7.0/toolchain/arm/arm-gnu-toolchain/bin/../lib/gcc/arm-none-eabi/6.3.1/../../../../arm-none-eabi/lib/thumb/v6-m\libc_nano.a(lib_a-lseekr.o)
 .ARM.attributes
                0x00000c2c       0x2c c:/program files (x86)/atmel/studio/7.0/toolchain/arm/arm-gnu-toolchain/bin/../lib/gcc/arm-none-eabi/6.3.1/../../../../arm-none-eabi/lib/thumb/v6-m\libc_nano.a(lib_a-memchr-stub.o)
 .ARM.attributes
                0x00000c58       0x2c c:/program files (x86)/atmel/studio/7.0/toolchain/arm/arm-gnu-toolchain/bin/../lib/gcc/arm-none-eabi/6.3.1/../../../../arm-none-eabi/lib/thumb/v6-m\libc_nano.a(lib_a-readr.o)
 .ARM.attributes
                0x00000c84       0x1e c:/program files (x86)/atmel/studio/7.0/toolchain/arm/arm-gnu-toolchain/bin/../lib/gcc/arm-none-eabi/6.3.1/thumb/v6-m/crtn.o

.comment        0x00000000       0x59
 .comment       0x00000000       0x59 src/TreeProtocol/node.o
                                 0x5a (size before relaxing)
 .comment       0x00000059       0x5a src/ASF/sam0/drivers/tc/tc_interrupt.o
 .comment       0x00000059       0x5a src/TempLib.o
 .comment       0x00000059       0x5a src/ASF/sam0/drivers/tsens/tsens.o
 .comment       0x00000059       0x5a src/ASF/sam0/drivers/tsens/tsens_callback.o
 .comment       0x00000059       0x5a src/CANLib.o
 .comment       0x00000059       0x5a src/EncLib.o
 .comment       0x00000059       0x5a src/ASCON/aead.o
 .comment       0x00000059       0x5a src/ASF/common/utils/interrupt/interrupt_sam_nvic.o
 .comment       0x00000059       0x5a src/ASF/sam0/boards/samc21_xplained_pro/board_init.o
 .comment       0x00000059       0x5a src/ASF/sam0/drivers/can/can.o
 .comment       0x00000059       0x5a src/ASF/sam0/drivers/port/port.o
 .comment       0x00000059       0x5a src/ASF/sam0/drivers/sercom/sercom.o
 .comment       0x00000059       0x5a src/ASF/sam0/drivers/sercom/sercom_interrupt.o
 .comment       0x00000059       0x5a src/ASF/sam0/drivers/sercom/usart/usart.o
 .comment       0x00000059       0x5a src/ASF/sam0/drivers/sercom/usart/usart_interrupt.o
 .comment       0x00000059       0x5a src/ASF/sam0/drivers/system/clock/clock_samc20_c21/clock.o
 .comment       0x00000059       0x5a src/ASF/sam0/drivers/system/clock/clock_samc20_c21/gclk.o
 .comment       0x00000059       0x5a src/ASF/sam0/drivers/system/pinmux/pinmux.o
 .comment       0x00000059       0x5a src/ASF/sam0/drivers/system/system.o
 .comment       0x00000059       0x5a src/ASF/sam0/utils/cmsis/samc21/source/gcc/startup_samc21.o
 .comment       0x00000059       0x5a src/ASF/sam0/utils/stdio/read.o
 .comment       0x00000059       0x5a src/ASF/sam0/utils/stdio/write.o
 .comment       0x00000059       0x5a src/ASF/sam0/utils/syscalls/gcc/syscalls.o
 .comment       0x00000059       0x5a src/FourQ/crypto_util.o
 .comment       0x00000059       0x5a src/FourQ/eccp2.o
 .comment       0x00000059       0x5a src/FourQ/eccp2_no_endo.o
 .comment       0x00000059       0x5a src/FourQ/kex.o
 .comment       0x00000059       0x5a src/Photon/photon.o
 .comment       0x00000059       0x5a src/qs_can_basic.o

.debug_info     0x00000000    0x506cc
 .debug_info    0x00000000     0x56db src/TreeProtocol/node.o
 .debug_info    0x000056db     0x1f58 src/ASF/sam0/drivers/tc/tc_interrupt.o
 .debug_info    0x00007633     0x1acc src/TempLib.o
 .debug_info    0x000090ff     0x1d4e src/ASF/sam0/drivers/tsens/tsens.o
 .debug_info    0x0000ae4d     0x1520 src/ASF/sam0/drivers/tsens/tsens_callback.o
 .debug_info    0x0000c36d     0x4f6c src/CANLib.o
 .debug_info    0x000112d9     0x4a11 src/EncLib.o
 .debug_info    0x00015cea     0x18b4 src/ASCON/aead.o
 .debug_info    0x0001759e      0xb05 src/ASF/common/utils/interrupt/interrupt_sam_nvic.o
 .debug_info    0x000180a3     0x124a src/ASF/sam0/boards/samc21_xplained_pro/board_init.o
 .debug_info    0x000192ed     0x562e src/ASF/sam0/drivers/can/can.o
 .debug_info    0x0001e91b     0x1254 src/ASF/sam0/drivers/port/port.o
 .debug_info    0x0001fb6f     0x2e9e src/ASF/sam0/drivers/sercom/sercom.o
 .debug_info    0x00022a0d     0x2cb8 src/ASF/sam0/drivers/sercom/sercom_interrupt.o
 .debug_info    0x000256c5     0x4ab0 src/ASF/sam0/drivers/sercom/usart/usart.o
 .debug_info    0x0002a175     0x30cb src/ASF/sam0/drivers/sercom/usart/usart_interrupt.o
 .debug_info    0x0002d240     0x3a35 src/ASF/sam0/drivers/system/clock/clock_samc20_c21/clock.o
 .debug_info    0x00030c75     0x1c3d src/ASF/sam0/drivers/system/clock/clock_samc20_c21/gclk.o
 .debug_info    0x000328b2     0x1391 src/ASF/sam0/drivers/system/pinmux/pinmux.o
 .debug_info    0x00033c43      0xa73 src/ASF/sam0/drivers/system/system.o
 .debug_info    0x000346b6      0x523 src/ASF/sam0/utils/cmsis/samc21/source/gcc/startup_samc21.o
 .debug_info    0x00034bd9      0xacf src/ASF/sam0/utils/stdio/read.o
 .debug_info    0x000356a8      0xacc src/ASF/sam0/utils/stdio/write.o
 .debug_info    0x00036174      0xd98 src/ASF/sam0/utils/syscalls/gcc/syscalls.o
 .debug_info    0x00036f0c     0x16b1 src/FourQ/crypto_util.o
 .debug_info    0x000385bd     0xcb64 src/FourQ/eccp2.o
 .debug_info    0x00045121      0x9cc src/FourQ/eccp2_no_endo.o
 .debug_info    0x00045aed     0x1190 src/FourQ/kex.o
 .debug_info    0x00046c7d     0x1209 src/Photon/photon.o
 .debug_info    0x00047e86     0x8846 src/qs_can_basic.o

.debug_abbrev   0x00000000     0x6105
 .debug_abbrev  0x00000000      0x472 src/TreeProtocol/node.o
 .debug_abbrev  0x00000472      0x2ff src/ASF/sam0/drivers/tc/tc_interrupt.o
 .debug_abbrev  0x00000771      0x3dc src/TempLib.o
 .debug_abbrev  0x00000b4d      0x3bf src/ASF/sam0/drivers/tsens/tsens.o
 .debug_abbrev  0x00000f0c      0x310 src/ASF/sam0/drivers/tsens/tsens_callback.o
 .debug_abbrev  0x0000121c      0x456 src/CANLib.o
 .debug_abbrev  0x00001672      0x36f src/EncLib.o
 .debug_abbrev  0x000019e1      0x35c src/ASCON/aead.o
 .debug_abbrev  0x00001d3d      0x23b src/ASF/common/utils/interrupt/interrupt_sam_nvic.o
 .debug_abbrev  0x00001f78      0x2c7 src/ASF/sam0/boards/samc21_xplained_pro/board_init.o
 .debug_abbrev  0x0000223f      0x434 src/ASF/sam0/drivers/can/can.o
 .debug_abbrev  0x00002673      0x283 src/ASF/sam0/drivers/port/port.o
 .debug_abbrev  0x000028f6      0x378 src/ASF/sam0/drivers/sercom/sercom.o
 .debug_abbrev  0x00002c6e      0x2d8 src/ASF/sam0/drivers/sercom/sercom_interrupt.o
 .debug_abbrev  0x00002f46      0x467 src/ASF/sam0/drivers/sercom/usart/usart.o
 .debug_abbrev  0x000033ad      0x416 src/ASF/sam0/drivers/sercom/usart/usart_interrupt.o
 .debug_abbrev  0x000037c3      0x449 src/ASF/sam0/drivers/system/clock/clock_samc20_c21/clock.o
 .debug_abbrev  0x00003c0c      0x405 src/ASF/sam0/drivers/system/clock/clock_samc20_c21/gclk.o
 .debug_abbrev  0x00004011      0x34c src/ASF/sam0/drivers/system/pinmux/pinmux.o
 .debug_abbrev  0x0000435d      0x1e1 src/ASF/sam0/drivers/system/system.o
 .debug_abbrev  0x0000453e      0x14f src/ASF/sam0/utils/cmsis/samc21/source/gcc/startup_samc21.o
 .debug_abbrev  0x0000468d      0x218 src/ASF/sam0/utils/stdio/read.o
 .debug_abbrev  0x000048a5      0x203 src/ASF/sam0/utils/stdio/write.o
 .debug_abbrev  0x00004aa8      0x257 src/ASF/sam0/utils/syscalls/gcc/syscalls.o
 .debug_abbrev  0x00004cff      0x294 src/FourQ/crypto_util.o
 .debug_abbrev  0x00004f93      0x432 src/FourQ/eccp2.o
 .debug_abbrev  0x000053c5      0x1af src/FourQ/eccp2_no_endo.o
 .debug_abbrev  0x00005574      0x2cd src/FourQ/kex.o
 .debug_abbrev  0x00005841      0x33b src/Photon/photon.o
 .debug_abbrev  0x00005b7c      0x589 src/qs_can_basic.o

.debug_loc      0x00000000     0xe4b2
 .debug_loc     0x00000000     0x10a0 src/TreeProtocol/node.o
 .debug_loc     0x000010a0      0x1c8 src/ASF/sam0/drivers/tc/tc_interrupt.o
 .debug_loc     0x00001268       0xaa src/TempLib.o
 .debug_loc     0x00001312      0x233 src/ASF/sam0/drivers/tsens/tsens.o
 .debug_loc     0x00001545      0x1cb src/ASF/sam0/drivers/tsens/tsens_callback.o
 .debug_loc     0x00001710      0x938 src/CANLib.o
 .debug_loc     0x00002048      0x1a4 src/EncLib.o
 .debug_loc     0x000021ec      0xeb2 src/ASCON/aead.o
 .debug_loc     0x0000309e       0x8a src/ASF/sam0/boards/samc21_xplained_pro/board_init.o
 .debug_loc     0x00003128      0xa51 src/ASF/sam0/drivers/can/can.o
 .debug_loc     0x00003b79      0x13d src/ASF/sam0/drivers/port/port.o
 .debug_loc     0x00003cb6      0x9d5 src/ASF/sam0/drivers/sercom/sercom.o
 .debug_loc     0x0000468b      0x161 src/ASF/sam0/drivers/sercom/sercom_interrupt.o
 .debug_loc     0x000047ec      0xd6a src/ASF/sam0/drivers/sercom/usart/usart.o
 .debug_loc     0x00005556      0x711 src/ASF/sam0/drivers/sercom/usart/usart_interrupt.o
 .debug_loc     0x00005c67      0xe09 src/ASF/sam0/drivers/system/clock/clock_samc20_c21/clock.o
 .debug_loc     0x00006a70      0x4dd src/ASF/sam0/drivers/system/clock/clock_samc20_c21/gclk.o
 .debug_loc     0x00006f4d      0x36d src/ASF/sam0/drivers/system/pinmux/pinmux.o
 .debug_loc     0x000072ba       0x20 src/ASF/sam0/drivers/system/system.o
 .debug_loc     0x000072da       0x40 src/ASF/sam0/utils/cmsis/samc21/source/gcc/startup_samc21.o
 .debug_loc     0x0000731a       0xca src/ASF/sam0/utils/stdio/read.o
 .debug_loc     0x000073e4      0x130 src/ASF/sam0/utils/stdio/write.o
 .debug_loc     0x00007514       0xef src/ASF/sam0/utils/syscalls/gcc/syscalls.o
 .debug_loc     0x00007603      0x3ec src/FourQ/crypto_util.o
 .debug_loc     0x000079ef     0x5469 src/FourQ/eccp2.o
 .debug_loc     0x0000ce58      0x3c6 src/FourQ/eccp2_no_endo.o
 .debug_loc     0x0000d21e      0x562 src/FourQ/kex.o
 .debug_loc     0x0000d780      0x61f src/Photon/photon.o
 .debug_loc     0x0000dd9f      0x713 src/qs_can_basic.o

.debug_aranges  0x00000000      0xa00
 .debug_aranges
                0x00000000       0x98 src/TreeProtocol/node.o
 .debug_aranges
                0x00000098       0x58 src/ASF/sam0/drivers/tc/tc_interrupt.o
 .debug_aranges
                0x000000f0       0x40 src/TempLib.o
 .debug_aranges
                0x00000130       0x30 src/ASF/sam0/drivers/tsens/tsens.o
 .debug_aranges
                0x00000160       0x38 src/ASF/sam0/drivers/tsens/tsens_callback.o
 .debug_aranges
                0x00000198       0x60 src/CANLib.o
 .debug_aranges
                0x000001f8       0x28 src/EncLib.o
 .debug_aranges
                0x00000220       0x28 src/ASCON/aead.o
 .debug_aranges
                0x00000248       0x28 src/ASF/common/utils/interrupt/interrupt_sam_nvic.o
 .debug_aranges
                0x00000270       0x20 src/ASF/sam0/boards/samc21_xplained_pro/board_init.o
 .debug_aranges
                0x00000290       0xd0 src/ASF/sam0/drivers/can/can.o
 .debug_aranges
                0x00000360       0x28 src/ASF/sam0/drivers/port/port.o
 .debug_aranges
                0x00000388       0x48 src/ASF/sam0/drivers/sercom/sercom.o
 .debug_aranges
                0x000003d0       0x60 src/ASF/sam0/drivers/sercom/sercom_interrupt.o
 .debug_aranges
                0x00000430       0x40 src/ASF/sam0/drivers/sercom/usart/usart.o
 .debug_aranges
                0x00000470       0x70 src/ASF/sam0/drivers/sercom/usart/usart_interrupt.o
 .debug_aranges
                0x000004e0       0x78 src/ASF/sam0/drivers/system/clock/clock_samc20_c21/clock.o
 .debug_aranges
                0x00000558       0x80 src/ASF/sam0/drivers/system/clock/clock_samc20_c21/gclk.o
 .debug_aranges
                0x000005d8       0x40 src/ASF/sam0/drivers/system/pinmux/pinmux.o
 .debug_aranges
                0x00000618       0x28 src/ASF/sam0/drivers/system/system.o
 .debug_aranges
                0x00000640       0x28 src/ASF/sam0/utils/cmsis/samc21/source/gcc/startup_samc21.o
 .debug_aranges
                0x00000668       0x20 src/ASF/sam0/utils/stdio/read.o
 .debug_aranges
                0x00000688       0x20 src/ASF/sam0/utils/stdio/write.o
 .debug_aranges
                0x000006a8       0x60 src/ASF/sam0/utils/syscalls/gcc/syscalls.o
 .debug_aranges
                0x00000708       0x48 src/FourQ/crypto_util.o
 .debug_aranges
                0x00000750      0x1b8 src/FourQ/eccp2.o
 .debug_aranges
                0x00000908       0x38 src/FourQ/eccp2_no_endo.o
 .debug_aranges
                0x00000940       0x48 src/FourQ/kex.o
 .debug_aranges
                0x00000988       0x28 src/Photon/photon.o
 .debug_aranges
                0x000009b0       0x50 src/qs_can_basic.o

.debug_ranges   0x00000000      0xde0
 .debug_ranges  0x00000000       0xd0 src/TreeProtocol/node.o
 .debug_ranges  0x000000d0       0x48 src/ASF/sam0/drivers/tc/tc_interrupt.o
 .debug_ranges  0x00000118       0x30 src/TempLib.o
 .debug_ranges  0x00000148       0x20 src/ASF/sam0/drivers/tsens/tsens.o
 .debug_ranges  0x00000168       0x28 src/ASF/sam0/drivers/tsens/tsens_callback.o
 .debug_ranges  0x00000190      0x110 src/CANLib.o
 .debug_ranges  0x000002a0       0x18 src/EncLib.o
 .debug_ranges  0x000002b8      0x150 src/ASCON/aead.o
 .debug_ranges  0x00000408       0x18 src/ASF/common/utils/interrupt/interrupt_sam_nvic.o
 .debug_ranges  0x00000420       0x10 src/ASF/sam0/boards/samc21_xplained_pro/board_init.o
 .debug_ranges  0x00000430       0xe0 src/ASF/sam0/drivers/can/can.o
 .debug_ranges  0x00000510       0x18 src/ASF/sam0/drivers/port/port.o
 .debug_ranges  0x00000528       0x50 src/ASF/sam0/drivers/sercom/sercom.o
 .debug_ranges  0x00000578       0x50 src/ASF/sam0/drivers/sercom/sercom_interrupt.o
 .debug_ranges  0x000005c8      0x140 src/ASF/sam0/drivers/sercom/usart/usart.o
 .debug_ranges  0x00000708       0x60 src/ASF/sam0/drivers/sercom/usart/usart_interrupt.o
 .debug_ranges  0x00000768       0x80 src/ASF/sam0/drivers/system/clock/clock_samc20_c21/clock.o
 .debug_ranges  0x000007e8       0x88 src/ASF/sam0/drivers/system/clock/clock_samc20_c21/gclk.o
 .debug_ranges  0x00000870       0x30 src/ASF/sam0/drivers/system/pinmux/pinmux.o
 .debug_ranges  0x000008a0       0x18 src/ASF/sam0/drivers/system/system.o
 .debug_ranges  0x000008b8       0x18 src/ASF/sam0/utils/cmsis/samc21/source/gcc/startup_samc21.o
 .debug_ranges  0x000008d0       0x10 src/ASF/sam0/utils/stdio/read.o
 .debug_ranges  0x000008e0       0x10 src/ASF/sam0/utils/stdio/write.o
 .debug_ranges  0x000008f0       0x50 src/ASF/sam0/utils/syscalls/gcc/syscalls.o
 .debug_ranges  0x00000940       0x38 src/FourQ/crypto_util.o
 .debug_ranges  0x00000978      0x250 src/FourQ/eccp2.o
 .debug_ranges  0x00000bc8       0x28 src/FourQ/eccp2_no_endo.o
 .debug_ranges  0x00000bf0       0x68 src/FourQ/kex.o
 .debug_ranges  0x00000c58       0x98 src/Photon/photon.o
 .debug_ranges  0x00000cf0       0xf0 src/qs_can_basic.o

.debug_macro    0x00000000    0x24907
 .debug_macro   0x00000000      0x807 src/TreeProtocol/node.o
 .debug_macro   0x00000807      0x8c8 src/TreeProtocol/node.o
 .debug_macro   0x000010cf       0x22 src/TreeProtocol/node.o
 .debug_macro   0x000010f1       0x52 src/TreeProtocol/node.o
 .debug_macro   0x00001143       0x8d src/TreeProtocol/node.o
 .debug_macro   0x000011d0       0x35 src/TreeProtocol/node.o
 .debug_macro   0x00001205       0x9c src/TreeProtocol/node.o
 .debug_macro   0x000012a1       0x16 src/TreeProtocol/node.o
 .debug_macro   0x000012b7      0x10e src/TreeProtocol/node.o
 .debug_macro   0x000013c5       0x86 src/TreeProtocol/node.o
 .debug_macro   0x0000144b       0x57 src/TreeProtocol/node.o
 .debug_macro   0x000014a2       0x58 src/TreeProtocol/node.o
 .debug_macro   0x000014fa       0x1f src/TreeProtocol/node.o
 .debug_macro   0x00001519       0x43 src/TreeProtocol/node.o
 .debug_macro   0x0000155c       0x20 src/TreeProtocol/node.o
 .debug_macro   0x0000157c      0x187 src/TreeProtocol/node.o
 .debug_macro   0x00001703      0x353 src/TreeProtocol/node.o
 .debug_macro   0x00001a56       0x16 src/TreeProtocol/node.o
 .debug_macro   0x00001a6c       0x29 src/TreeProtocol/node.o
 .debug_macro   0x00001a95       0x16 src/TreeProtocol/node.o
 .debug_macro   0x00001aab       0x35 src/TreeProtocol/node.o
 .debug_macro   0x00001ae0       0x1c src/TreeProtocol/node.o
 .debug_macro   0x00001afc       0x10 src/TreeProtocol/node.o
 .debug_macro   0x00001b0c       0x10 src/TreeProtocol/node.o
 .debug_macro   0x00001b1c       0x6a src/TreeProtocol/node.o
 .debug_macro   0x00001b86       0x1c src/TreeProtocol/node.o
 .debug_macro   0x00001ba2       0x52 src/TreeProtocol/node.o
 .debug_macro   0x00001bf4       0x40 src/TreeProtocol/node.o
 .debug_macro   0x00001c34       0x10 src/TreeProtocol/node.o
 .debug_macro   0x00001c44       0x40 src/TreeProtocol/node.o
 .debug_macro   0x00001c84       0xd7 src/TreeProtocol/node.o
 .debug_macro   0x00001d5b       0x16 src/TreeProtocol/node.o
 .debug_macro   0x00001d71      0x18b src/TreeProtocol/node.o
 .debug_macro   0x00001efc       0xef src/TreeProtocol/node.o
 .debug_macro   0x00001feb      0x1df src/TreeProtocol/node.o
 .debug_macro   0x000021ca       0xa0 src/TreeProtocol/node.o
 .debug_macro   0x0000226a      0x71d src/TreeProtocol/node.o
 .debug_macro   0x00002987       0x16 src/TreeProtocol/node.o
 .debug_macro   0x0000299d       0x76 src/TreeProtocol/node.o
 .debug_macro   0x00002a13       0x16 src/TreeProtocol/node.o
 .debug_macro   0x00002a29      0x6db src/TreeProtocol/node.o
 .debug_macro   0x00003104      0xdd8 src/TreeProtocol/node.o
 .debug_macro   0x00003edc       0x22 src/TreeProtocol/node.o
 .debug_macro   0x00003efe       0x40 src/TreeProtocol/node.o
 .debug_macro   0x00003f3e       0x1c src/TreeProtocol/node.o
 .debug_macro   0x00003f5a       0x22 src/TreeProtocol/node.o
 .debug_macro   0x00003f7c       0xaf src/TreeProtocol/node.o
 .debug_macro   0x0000402b      0x4da src/TreeProtocol/node.o
 .debug_macro   0x00004505      0x11f src/TreeProtocol/node.o
 .debug_macro   0x00004624      0x897 src/TreeProtocol/node.o
 .debug_macro   0x00004ebb      0x8c4 src/TreeProtocol/node.o
 .debug_macro   0x0000577f     0x2d61 src/TreeProtocol/node.o
 .debug_macro   0x000084e0      0x222 src/TreeProtocol/node.o
 .debug_macro   0x00008702      0x286 src/TreeProtocol/node.o
 .debug_macro   0x00008988      0x137 src/TreeProtocol/node.o
 .debug_macro   0x00008abf      0xc3a src/TreeProtocol/node.o
 .debug_macro   0x000096f9      0x5f0 src/TreeProtocol/node.o
 .debug_macro   0x00009ce9      0x5be src/TreeProtocol/node.o
 .debug_macro   0x0000a2a7      0x828 src/TreeProtocol/node.o
 .debug_macro   0x0000aacf      0x172 src/TreeProtocol/node.o
 .debug_macro   0x0000ac41      0x286 src/TreeProtocol/node.o
 .debug_macro   0x0000aec7      0x55f src/TreeProtocol/node.o
 .debug_macro   0x0000b426      0x433 src/TreeProtocol/node.o
 .debug_macro   0x0000b859      0x21c src/TreeProtocol/node.o
 .debug_macro   0x0000ba75      0x7a2 src/TreeProtocol/node.o
 .debug_macro   0x0000c217      0x557 src/TreeProtocol/node.o
 .debug_macro   0x0000c76e      0x335 src/TreeProtocol/node.o
 .debug_macro   0x0000caa3      0x6ab src/TreeProtocol/node.o
 .debug_macro   0x0000d14e       0xc4 src/TreeProtocol/node.o
 .debug_macro   0x0000d212      0x349 src/TreeProtocol/node.o
 .debug_macro   0x0000d55b       0x6a src/TreeProtocol/node.o
 .debug_macro   0x0000d5c5     0x1216 src/TreeProtocol/node.o
 .debug_macro   0x0000e7db      0x5a9 src/TreeProtocol/node.o
 .debug_macro   0x0000ed84      0xfc5 src/TreeProtocol/node.o
 .debug_macro   0x0000fd49      0x5a1 src/TreeProtocol/node.o
 .debug_macro   0x000102ea      0x3c4 src/TreeProtocol/node.o
 .debug_macro   0x000106ae      0x8b2 src/TreeProtocol/node.o
 .debug_macro   0x00010f60     0x19c2 src/TreeProtocol/node.o
 .debug_macro   0x00012922      0x39c src/TreeProtocol/node.o
 .debug_macro   0x00012cbe      0x36e src/TreeProtocol/node.o
 .debug_macro   0x0001302c       0x94 src/TreeProtocol/node.o
 .debug_macro   0x000130c0       0xac src/TreeProtocol/node.o
 .debug_macro   0x0001316c       0xac src/TreeProtocol/node.o
 .debug_macro   0x00013218      0x14d src/TreeProtocol/node.o
 .debug_macro   0x00013365      0x14d src/TreeProtocol/node.o
 .debug_macro   0x000134b2       0x4c src/TreeProtocol/node.o
 .debug_macro   0x000134fe       0x58 src/TreeProtocol/node.o
 .debug_macro   0x00013556       0x3a src/TreeProtocol/node.o
 .debug_macro   0x00013590       0xd0 src/TreeProtocol/node.o
 .debug_macro   0x00013660       0xb8 src/TreeProtocol/node.o
 .debug_macro   0x00013718       0x64 src/TreeProtocol/node.o
 .debug_macro   0x0001377c      0x5fe src/TreeProtocol/node.o
 .debug_macro   0x00013d7a       0x46 src/TreeProtocol/node.o
 .debug_macro   0x00013dc0      0x1c2 src/TreeProtocol/node.o
 .debug_macro   0x00013f82      0x188 src/TreeProtocol/node.o
 .debug_macro   0x0001410a       0x52 src/TreeProtocol/node.o
 .debug_macro   0x0001415c       0xa0 src/TreeProtocol/node.o
 .debug_macro   0x000141fc       0xdc src/TreeProtocol/node.o
 .debug_macro   0x000142d8       0x8e src/TreeProtocol/node.o
 .debug_macro   0x00014366       0x4c src/TreeProtocol/node.o
 .debug_macro   0x000143b2       0x64 src/TreeProtocol/node.o
 .debug_macro   0x00014416       0x22 src/TreeProtocol/node.o
 .debug_macro   0x00014438      0x16e src/TreeProtocol/node.o
 .debug_macro   0x000145a6       0x16 src/TreeProtocol/node.o
 .debug_macro   0x000145bc       0xd6 src/TreeProtocol/node.o
 .debug_macro   0x00014692       0xa0 src/TreeProtocol/node.o
 .debug_macro   0x00014732      0x136 src/TreeProtocol/node.o
 .debug_macro   0x00014868      0x136 src/TreeProtocol/node.o
 .debug_macro   0x0001499e      0x136 src/TreeProtocol/node.o
 .debug_macro   0x00014ad4      0x136 src/TreeProtocol/node.o
 .debug_macro   0x00014c0a      0x136 src/TreeProtocol/node.o
 .debug_macro   0x00014d40      0x136 src/TreeProtocol/node.o
 .debug_macro   0x00014e76       0x4c src/TreeProtocol/node.o
 .debug_macro   0x00014ec2      0x16c src/TreeProtocol/node.o
 .debug_macro   0x0001502e       0xfa src/TreeProtocol/node.o
 .debug_macro   0x00015128       0xfa src/TreeProtocol/node.o
 .debug_macro   0x00015222       0xfa src/TreeProtocol/node.o
 .debug_macro   0x0001531c       0xfa src/TreeProtocol/node.o
 .debug_macro   0x00015416       0xfa src/TreeProtocol/node.o
 .debug_macro   0x00015510      0x124 src/TreeProtocol/node.o
 .debug_macro   0x00015634       0xfa src/TreeProtocol/node.o
 .debug_macro   0x0001572e       0xee src/TreeProtocol/node.o
 .debug_macro   0x0001581c       0x76 src/TreeProtocol/node.o
 .debug_macro   0x00015892       0x3a src/TreeProtocol/node.o
 .debug_macro   0x000158cc      0x487 src/TreeProtocol/node.o
 .debug_macro   0x00015d53     0x2683 src/TreeProtocol/node.o
 .debug_macro   0x000183d6       0x82 src/TreeProtocol/node.o