Archive member included to satisfy reference by file (symbol)

c:/program files (x86)/atmel/studio/7.0/toolchain/arm/arm-gnu-toolchain/bin/../lib/gcc/arm-none-eabi/6.3.1/thumb/v6-m\libgcc.a(_udivsi3.o)
                              src/ASF/sam0/drivers/can/can.o (__aeabi_uidiv)
c:/program files (x86)/atmel/studio/7.0/toolchain/arm/arm-gnu-toolchain/bin/../lib/gcc/arm-none-eabi/6.3.1/thumb/v6-m\libgcc.a(_dvmd_tls.o)
                              c:/program files (x86)/atmel/studio/7.0/toolchain/arm/arm-gnu-toolchain/bin/../lib/gcc/arm-none-eabi/6.3.1/thumb/v6-m\libgcc.a(_udivsi3.o) (__aeabi_idiv0)
c:/program files (x86)/atmel/studio/7.0/toolchain/arm/arm-gnu-toolchain/bin/../lib/gcc/arm-none-eabi/6.3.1/thumb/v6-m\libgcc.a(_muldi3.o)
                              src/ASF/sam0/drivers/sercom/sercom.o (__aeabi_lmul)
c:/program files (x86)/atmel/studio/7.0/toolchain/arm/arm-gnu-toolchain/bin/../lib/gcc/arm-none-eabi/6.3.1/../../../../arm-none-eabi/lib/thumb/v6-m\libc_nano.a(lib_a-exit.o)
                              c:/program files (x86)/atmel/studio/7.0/toolchain/arm/arm-gnu-toolchain/bin/../lib/gcc/arm-none-eabi/6.3.1/../../../../arm-none-eabi/lib/thumb/v6-m/crt0.o (exit)
c:/program files (x86)/atmel/studio/7.0/toolchain/arm/arm-gnu-toolchain/bin/../lib/gcc/arm-none-eabi/6.3.1/../../../../arm-none-eabi/lib/thumb/v6-m\libc_nano.a(lib_a-impure.o)
                              c:/program files (x86)/atmel/studio/7.0/toolchain/arm/arm-gnu-toolchain/bin/../lib/gcc/arm-none-eabi/6.3.1/../../../../arm-none-eabi/lib/thumb/v6-m\libc_nano.a(lib_a-exit.o) (_global_impure_ptr)
c:/program files (x86)/atmel/studio/7.0/toolchain/arm/arm-gnu-toolchain/bin/../lib/gcc/arm-none-eabi/6.3.1/../../../../arm-none-eabi/lib/thumb/v6-m\libc_nano.a(lib_a-init.o)
                              c:/program files (x86)/atmel/studio/7.0/toolchain/arm/arm-gnu-toolchain/bin/../lib/gcc/arm-none-eabi/6.3.1/../../../../arm-none-eabi/lib/thumb/v6-m/crt0.o (__libc_init_array)
c:/program files (x86)/atmel/studio/7.0/toolchain/arm/arm-gnu-toolchain/bin/../lib/gcc/arm-none-eabi/6.3.1/../../../../arm-none-eabi/lib/thumb/v6-m\libc_nano.a(lib_a-memcpy-stub.o)
                              src/ASF/sam0/drivers/can/can.o (memcpy)
c:/program files (x86)/atmel/studio/7.0/toolchain/arm/arm-gnu-toolchain/bin/../lib/gcc/arm-none-eabi/6.3.1/../../../../arm-none-eabi/lib/thumb/v6-m\libc_nano.a(lib_a-memset.o)
                              c:/program files (x86)/atmel/studio/7.0/toolchain/arm/arm-gnu-toolchain/bin/../lib/gcc/arm-none-eabi/6.3.1/../../../../arm-none-eabi/lib/thumb/v6-m/crt0.o (memset)
c:/program files (x86)/atmel/studio/7.0/toolchain/arm/arm-gnu-toolchain/bin/../lib/gcc/arm-none-eabi/6.3.1/../../../../arm-none-eabi/lib/thumb/v6-m\libc_nano.a(lib_a-printf.o)
                              src/qs_can_basic.o (printf)
c:/program files (x86)/atmel/studio/7.0/toolchain/arm/arm-gnu-toolchain/bin/../lib/gcc/arm-none-eabi/6.3.1/../../../../arm-none-eabi/lib/thumb/v6-m\libc_nano.a(lib_a-puts.o)
                              src/qs_can_basic.o (puts)
c:/program files (x86)/atmel/studio/7.0/toolchain/arm/arm-gnu-toolchain/bin/../lib/gcc/arm-none-eabi/6.3.1/../../../../arm-none-eabi/lib/thumb/v6-m\libc_nano.a(lib_a-scanf.o)
                              src/qs_can_basic.o (scanf)
c:/program files (x86)/atmel/studio/7.0/toolchain/arm/arm-gnu-toolchain/bin/../lib/gcc/arm-none-eabi/6.3.1/../../../../arm-none-eabi/lib/thumb/v6-m\libc_nano.a(lib_a-setbuf.o)
                              src/qs_can_basic.o (setbuf)
c:/program files (x86)/atmel/studio/7.0/toolchain/arm/arm-gnu-toolchain/bin/../lib/gcc/arm-none-eabi/6.3.1/../../../../arm-none-eabi/lib/thumb/v6-m\libc_nano.a(lib_a-setvbuf.o)
                              c:/program files (x86)/atmel/studio/7.0/toolchain/arm/arm-gnu-toolchain/bin/../lib/gcc/arm-none-eabi/6.3.1/../../../../arm-none-eabi/lib/thumb/v6-m\libc_nano.a(lib_a-setbuf.o) (setvbuf)
c:/program files (x86)/atmel/studio/7.0/toolchain/arm/arm-gnu-toolchain/bin/../lib/gcc/arm-none-eabi/6.3.1/../../../../arm-none-eabi/lib/thumb/v6-m\libc_nano.a(lib_a-wbuf.o)
                              c:/program files (x86)/atmel/studio/7.0/toolchain/arm/arm-gnu-toolchain/bin/../lib/gcc/arm-none-eabi/6.3.1/../../../../arm-none-eabi/lib/thumb/v6-m\libc_nano.a(lib_a-puts.o) (__swbuf_r)
c:/program files (x86)/atmel/studio/7.0/toolchain/arm/arm-gnu-toolchain/bin/../lib/gcc/arm-none-eabi/6.3.1/../../../../arm-none-eabi/lib/thumb/v6-m\libc_nano.a(lib_a-wsetup.o)
                              c:/program files (x86)/atmel/studio/7.0/toolchain/arm/arm-gnu-toolchain/bin/../lib/gcc/arm-none-eabi/6.3.1/../../../../arm-none-eabi/lib/thumb/v6-m\libc_nano.a(lib_a-puts.o) (__swsetup_r)
c:/program files (x86)/atmel/studio/7.0/toolchain/arm/arm-gnu-toolchain/bin/../lib/gcc/arm-none-eabi/6.3.1/../../../../arm-none-eabi/lib/thumb/v6-m\libc_nano.a(lib_a-fflush.o)
[...]
Memory Configuration

Name             Origin             Length             Attributes
rom              0x00000000         0x00040000         xr
ram              0x20000000         0x00008000         xrw
*default*        0x00000000         0xffffffff

Linker script and memory map

LOAD c:/program files (x86)/atmel/studio/7.0/toolchain/arm/arm-gnu-toolchain/bin/../lib/gcc/arm-none-eabi/6.3.1/thumb/v6-m/crti.o
LOAD c:/program files (x86)/atmel/studio/7.0/toolchain/arm/arm-gnu-toolchain/bin/../lib/gcc/arm-none-eabi/6.3.1/thumb/v6-m/crtbegin.o
LOAD c:/program files (x86)/atmel/studio/7.0/toolchain/arm/arm-gnu-toolchain/bin/../lib/gcc/arm-none-eabi/6.3.1/../../../../arm-none-eabi/lib/thumb/v6-m/crt0.o
LOAD src/ASF/common/utils/interrupt/interrupt_sam_nvic.o
LOAD src/ASF/sam0/boards/samc21_xplained_pro/board_init.o
LOAD src/ASF/sam0/drivers/can/can.o
LOAD src/ASF/sam0/drivers/port/port.o
LOAD src/ASF/sam0/drivers/sercom/sercom.o
LOAD src/ASF/sam0/drivers/sercom/sercom_interrupt.o
LOAD src/ASF/sam0/drivers/sercom/usart/usart.o
LOAD src/ASF/sam0/drivers/sercom/usart/usart_interrupt.o
LOAD src/ASF/sam0/drivers/system/clock/clock_samc20_c21/clock.o
LOAD src/ASF/sam0/drivers/system/clock/clock_samc20_c21/gclk.o
LOAD src/ASF/sam0/drivers/system/interrupt/system_interrupt.o
LOAD src/ASF/sam0/drivers/system/pinmux/pinmux.o
LOAD src/ASF/sam0/drivers/system/system.o
LOAD src/ASF/sam0/utils/cmsis/samc21/source/gcc/startup_samc21.o
LOAD src/ASF/sam0/utils/cmsis/samc21/source/system_samc21.o
LOAD src/ASF/sam0/utils/stdio/read.o
LOAD src/ASF/sam0/utils/stdio/write.o
LOAD src/ASF/sam0/utils/syscalls/gcc/syscalls.o
LOAD src/qs_can_basic.o
START GROUP
LOAD ../src/ASF/thirdparty/CMSIS/Lib/GCC\libarm_cortexM0l_math.a
LOAD c:/program files (x86)/atmel/studio/7.0/toolchain/arm/arm-gnu-toolchain/bin/../lib/gcc/arm-none-eabi/6.3.1/../../../../arm-none-eabi/lib/thumb/v6-m\libm.a
END GROUP
START GROUP
LOAD c:/program files (x86)/atmel/studio/7.0/toolchain/arm/arm-gnu-toolchain/bin/../lib/gcc/arm-none-eabi/6.3.1/thumb/v6-m\libgcc.a
LOAD c:/program files (x86)/atmel/studio/7.0/toolchain/arm/arm-gnu-toolchain/bin/../lib/gcc/arm-none-eabi/6.3.1/../../../../arm-none-eabi/lib/thumb/v6-m\libc_nano.a
END GROUP
START GROUP
LOAD c:/program files (x86)/atmel/studio/7.0/toolchain/arm/arm-gnu-toolchain/bin/../lib/gcc/arm-none-eabi/6.3.1/thumb/v6-m\libgcc.a
LOAD c:/program files (x86)/atmel/studio/7.0/toolchain/arm/arm-gnu-toolchain/bin/../lib/gcc/arm-none-eabi/6.3.1/../../../../arm-none-eabi/lib/thumb/v6-m\libc_nano.a
END GROUP
LOAD c:/program files (x86)/atmel/studio/7.0/toolchain/arm/arm-gnu-toolchain/bin/../lib/gcc/arm-none-eabi/6.3.1/thumb/v6-m/crtend.o
LOAD c:/program files (x86)/atmel/studio/7.0/toolchain/arm/arm-gnu-toolchain/bin/../lib/gcc/arm-none-eabi/6.3.1/thumb/v6-m/crtn.o
                0x00002000                STACK_SIZE = DEFINED (STACK_SIZE)?STACK_SIZE:DEFINED (__stack_size__)?__stack_size__:0x2000

.text           0x00000000     0x48d8
                0x00000000                . = ALIGN (0x4)
                0x00000000                _sfixed = .
 *(.vectors .vectors.*)
 .vectors       0x00000000       0xbc src/ASF/sam0/utils/cmsis/samc21/source/gcc/startup_samc21.o
                0x00000000                exception_table
 *(.text .text.* .gnu.linkonce.t.*)
 .text          0x000000bc       0x60 c:/program files (x86)/atmel/studio/7.0/toolchain/arm/arm-gnu-toolchain/bin/../lib/gcc/arm-none-eabi/6.3.1/thumb/v6-m/crtbegin.o
 .text.cpu_irq_enter_critical
                0x0000011c       0x40 src/ASF/common/utils/interrupt/interrupt_sam_nvic.o
                0x0000011c                cpu_irq_enter_critical
 .text.cpu_irq_leave_critical
                0x0000015c       0x30 src/ASF/common/utils/interrupt/interrupt_sam_nvic.o
                0x0000015c                cpu_irq_leave_critical
 .text.system_board_init
                0x0000018c       0x34 src/ASF/sam0/boards/samc21_xplained_pro/board_init.o
                0x0000018c                board_init
                0x0000018c                system_board_init
 .text._can_enable_peripheral_clock
                0x000001c0       0x38 src/ASF/sam0/drivers/can/can.o
 .text.can_init
                0x000001f8      0x2fc src/ASF/sam0/drivers/can/can.o
                0x000001f8                can_init
 .text.can_start
                0x000004f4       0x16 src/ASF/sam0/drivers/can/can.o
                0x000004f4                can_start
 *fill*         0x0000050a        0x2 
 .text.can_set_rx_standard_filter
                0x0000050c       0x3c src/ASF/sam0/drivers/can/can.o
                0x0000050c                can_set_rx_standard_filter
 .text.can_set_rx_extended_filter
                0x00000548       0x48 src/ASF/sam0/drivers/can/can.o
                0x00000548                can_set_rx_extended_filter
 .text.can_get_rx_buffer_element
                0x00000590       0x50 src/ASF/sam0/drivers/can/can.o
                0x00000590                can_get_rx_buffer_element
 .text.can_get_rx_fifo_0_element
                0x000005e0       0x50 src/ASF/sam0/drivers/can/can.o
                0x000005e0                can_get_rx_fifo_0_element
 .text.can_get_rx_fifo_1_element
                0x00000630       0x50 src/ASF/sam0/drivers/can/can.o
                0x00000630                can_get_rx_fifo_1_element
 .text.can_set_tx_buffer_element
                0x00000680       0x74 src/ASF/sam0/drivers/can/can.o
                0x00000680                can_set_tx_buffer_element
 .text.port_pin_set_config
                0x000006f4       0x24 src/ASF/sam0/drivers/port/port.o
                0x000006f4                port_pin_set_config
 .text.long_division
                0x00000718       0xba src/ASF/sam0/drivers/sercom/sercom.o
 .text._sercom_get_sync_baud_val
                0x000007d2       0x28 src/ASF/sam0/drivers/sercom/sercom.o
                0x000007d2                _sercom_get_sync_baud_val
 *fill*         0x000007fa        0x2 
 .text._sercom_get_async_baud_val
                0x000007fc       0x94 src/ASF/sam0/drivers/sercom/sercom.o
                0x000007fc                _sercom_get_async_baud_val
 .text.sercom_set_gclk_generator
                0x00000890       0x4c src/ASF/sam0/drivers/sercom/sercom.o
                0x00000890                sercom_set_gclk_generator
 .text._sercom_get_default_pad
                0x000008dc      0x17c src/ASF/sam0/drivers/sercom/sercom.o
                0x000008dc                _sercom_get_default_pad
 .text._sercom_get_sercom_inst_index
                0x00000a58       0x38 src/ASF/sam0/drivers/sercom/sercom.o
                0x00000a58                _sercom_get_sercom_inst_index
 .text._sercom_default_handler
                0x00000a90        0x2 src/ASF/sam0/drivers/sercom/sercom_interrupt.o
 *fill*         0x00000a92        0x2 
 .text._sercom_set_handler
                0x00000a94       0x3c src/ASF/sam0/drivers/sercom/sercom_interrupt.o
                0x00000a94                _sercom_set_handler
 .text._sercom_get_interrupt_vector
                0x00000ad0       0x30 src/ASF/sam0/drivers/sercom/sercom_interrupt.o
                0x00000ad0                _sercom_get_interrupt_vector
 .text.SERCOM0_Handler
                0x00000b00       0x10 src/ASF/sam0/drivers/sercom/sercom_interrupt.o
                0x00000b00                SERCOM0_Handler
 .text.SERCOM1_Handler
                0x00000b10       0x10 src/ASF/sam0/drivers/sercom/sercom_interrupt.o
                0x00000b10                SERCOM1_Handler
 .text.SERCOM2_Handler
                0x00000b20       0x10 src/ASF/sam0/drivers/sercom/sercom_interrupt.o
                0x00000b20                SERCOM2_Handler
 .text.SERCOM3_Handler
                0x00000b30       0x10 src/ASF/sam0/drivers/sercom/sercom_interrupt.o
                0x00000b30                SERCOM3_Handler
 .text.SERCOM4_Handler
                0x00000b40       0x10 src/ASF/sam0/drivers/sercom/sercom_interrupt.o
                0x00000b40                SERCOM4_Handler
 .text.SERCOM5_Handler
                0x00000b50       0x10 src/ASF/sam0/drivers/sercom/sercom_interrupt.o
                0x00000b50                SERCOM5_Handler
 .text.usart_init
                0x00000b60      0x3ac src/ASF/sam0/drivers/sercom/usart/usart.o
                0x00000b60                usart_init
 .text.usart_write_wait
                0x00000f0c       0x26 src/ASF/sam0/drivers/sercom/usart/usart.o
                0x00000f0c                usart_write_wait
 .text.usart_read_wait
                0x00000f32       0x6a src/ASF/sam0/drivers/sercom/usart/usart.o
                0x00000f32                usart_read_wait
 .text._usart_interrupt_handler
                0x00000f9c      0x19c src/ASF/sam0/drivers/sercom/usart/usart_interrupt.o
                0x00000f9c                _usart_interrupt_handler
 .text.system_clock_source_get_hz
                0x00001138       0x5c src/ASF/sam0/drivers/system/clock/clock_samc20_c21/clock.o
                0x00001138                system_clock_source_get_hz
 .text.system_clock_source_xosc32k_set_config
                0x00001194       0xb4 src/ASF/sam0/drivers/system/clock/clock_samc20_c21/clock.o
                0x00001194                system_clock_source_xosc32k_set_config
 .text.system_clock_source_dpll_set_config
                0x00001248       0xc8 src/ASF/sam0/drivers/system/clock/clock_samc20_c21/clock.o
                0x00001248                system_clock_source_dpll_set_config
 .text.system_clock_source_enable
                0x00001310       0x74 src/ASF/sam0/drivers/system/clock/clock_samc20_c21/clock.o
                0x00001310                system_clock_source_enable
 .text.system_clock_init
                0x00001384      0x13c src/ASF/sam0/drivers/system/clock/clock_samc20_c21/clock.o
                0x00001384                system_clock_init
 .text.system_gclk_init
                0x000014c0       0x24 src/ASF/sam0/drivers/system/clock/clock_samc20_c21/gclk.o
                0x000014c0                system_gclk_init
 .text.system_gclk_gen_set_config
                0x000014e4       0xac src/ASF/sam0/drivers/system/clock/clock_samc20_c21/gclk.o
                0x000014e4                system_gclk_gen_set_config
 .text.system_gclk_gen_enable
                0x00001590       0x40 src/ASF/sam0/drivers/system/clock/clock_samc20_c21/gclk.o
                0x00001590                system_gclk_gen_enable
 .text.system_gclk_gen_get_hz
                0x000015d0       0x6c src/ASF/sam0/drivers/system/clock/clock_samc20_c21/gclk.o
                0x000015d0                system_gclk_gen_get_hz
 .text.system_gclk_chan_enable
                0x0000163c       0x38 src/ASF/sam0/drivers/system/clock/clock_samc20_c21/gclk.o
                0x0000163c                system_gclk_chan_enable
 .text.system_gclk_chan_disable
                0x00001674       0x38 src/ASF/sam0/drivers/system/clock/clock_samc20_c21/gclk.o
                0x00001674                system_gclk_chan_disable
 .text.system_gclk_chan_set_config
                0x000016ac       0x24 src/ASF/sam0/drivers/system/clock/clock_samc20_c21/gclk.o
                0x000016ac                system_gclk_chan_set_config
 .text.system_gclk_chan_get_hz
                0x000016d0       0x30 src/ASF/sam0/drivers/system/clock/clock_samc20_c21/gclk.o
                0x000016d0                system_gclk_chan_get_hz
 .text._system_pinmux_config
                0x00001700       0xa8 src/ASF/sam0/drivers/system/pinmux/pinmux.o
 .text.system_pinmux_pin_set_config
                0x000017a8       0x2c src/ASF/sam0/drivers/system/pinmux/pinmux.o
                0x000017a8                system_pinmux_pin_set_config
 .text._system_dummy_init
                0x000017d4        0x2 src/ASF/sam0/drivers/system/system.o
                0x000017d4                _system_extint_init
                0x000017d4                _system_events_init
                0x000017d4                _system_dummy_init
                0x000017d4                _system_divas_init
 *fill*         0x000017d6        0x2 
 .text.system_init
                0x000017d8       0x2c src/ASF/sam0/drivers/system/system.o
                0x000017d8                system_init
 .text.Dummy_Handler
                0x00001804        0x2 src/ASF/sam0/utils/cmsis/samc21/source/gcc/startup_samc21.o
                0x00001804                DMAC_Handler
                0x00001804                HardFault_Handler
                0x00001804                TC2_Handler
                0x00001804                AC_Handler
                0x00001804                SysTick_Handler
                0x00001804                PendSV_Handler
                0x00001804                NMI_Handler
                0x00001804                TCC1_Handler
                0x00001804                TCC0_Handler
                0x00001804                RTC_Handler
                0x00001804                ADC1_Handler
                0x00001804                EIC_Handler
                0x00001804                WDT_Handler
                0x00001804                TC4_Handler
                0x00001804                TC1_Handler
                0x00001804                TC3_Handler
                0x00001804                SDADC_Handler
                0x00001804                Dummy_Handler
                0x00001804                CAN1_Handler
                0x00001804                ADC0_Handler
                0x00001804                TSENS_Handler
                0x00001804                SVC_Handler
                0x00001804                TCC2_Handler
                0x00001804                EVSYS_Handler
                0x00001804                NVMCTRL_Handler
                0x00001804                SYSTEM_Handler
                0x00001804                DAC_Handler
                0x00001804                PTC_Handler
                0x00001804                FREQM_Handler
                0x00001804                TC0_Handler
 *fill*         0x00001806        0x2 
 .text.Reset_Handler
                0x00001808       0x88 src/ASF/sam0/utils/cmsis/samc21/source/gcc/startup_samc21.o
                0x00001808                Reset_Handler
 .text._read    0x00001890       0x44 src/ASF/sam0/utils/stdio/read.o
                0x00001890                _read
 .text._write   0x000018d4       0x50 src/ASF/sam0/utils/stdio/write.o
                0x000018d4                _write
 .text._sbrk    0x00001924       0x24 src/ASF/sam0/utils/syscalls/gcc/syscalls.o
                0x00001924                _sbrk
 .text._close   0x00001948        0x6 src/ASF/sam0/utils/syscalls/gcc/syscalls.o
                0x00001948                _close
 .text._fstat   0x0000194e        0xa src/ASF/sam0/utils/syscalls/gcc/syscalls.o
                0x0000194e                _fstat
 .text._isatty  0x00001958        0x4 src/ASF/sam0/utils/syscalls/gcc/syscalls.o
                0x00001958                _isatty
 .text._lseek   0x0000195c        0x4 src/ASF/sam0/utils/syscalls/gcc/syscalls.o
                0x0000195c                _lseek
 .text.usart_serial_getchar
                0x00001960       0x2c src/qs_can_basic.o
 .text.usart_serial_putchar
                0x0000198c       0x18 src/qs_can_basic.o
 .text.can_send_standard_message
                0x000019a4       0x6c src/qs_can_basic.o
 .text.can_send_extended_message
                0x00001a10       0x6c src/qs_can_basic.o
 .text.CAN0_Handler
                0x00001a7c      0x25c src/qs_can_basic.o
                0x00001a7c                CAN0_Handler
 .text.main     0x00001cd8      0x394 src/qs_can_basic.o
                0x00001cd8                main
 .text          0x0000206c      0x114 c:/program files (x86)/atmel/studio/7.0/toolchain/arm/arm-gnu-toolchain/bin/../lib/gcc/arm-none-eabi/6.3.1/thumb/v6-m\libgcc.a(_udivsi3.o)
                0x0000206c                __aeabi_uidiv
                0x0000206c                __udivsi3
                0x00002178                __aeabi_uidivmod
 .text          0x00002180        0x4 c:/program files (x86)/atmel/studio/7.0/toolchain/arm/arm-gnu-toolchain/bin/../lib/gcc/arm-none-eabi/6.3.1/thumb/v6-m\libgcc.a(_dvmd_tls.o)
                0x00002180                __aeabi_idiv0
                0x00002180                __aeabi_ldiv0
 .text          0x00002184       0x54 c:/program files (x86)/atmel/studio/7.0/toolchain/arm/arm-gnu-toolchain/bin/../lib/gcc/arm-none-eabi/6.3.1/thumb/v6-m\libgcc.a(_muldi3.o)
                0x00002184                __muldi3
                0x00002184                __aeabi_lmul
 .text.__libc_init_array
                0x000021d8       0x48 c:/program files (x86)/atmel/studio/7.0/toolchain/arm/arm-gnu-toolchain/bin/../lib/gcc/arm-none-eabi/6.3.1/../../../../arm-none-eabi/lib/thumb/v6-m\libc_nano.a(lib_a-init.o)
                0x000021d8                __libc_init_array
 .text.memcpy   0x00002220       0x12 c:/program files (x86)/atmel/studio/7.0/toolchain/arm/arm-gnu-toolchain/bin/../lib/gcc/arm-none-eabi/6.3.1/../../../../arm-none-eabi/lib/thumb/v6-m\libc_nano.a(lib_a-memcpy-stub.o)
                0x00002220                memcpy
 .text.memset   0x00002232       0x10 c:/program files (x86)/atmel/studio/7.0/toolchain/arm/arm-gnu-toolchain/bin/../lib/gcc/arm-none-eabi/6.3.1/../../../../arm-none-eabi/lib/thumb/v6-m\libc_nano.a(lib_a-memset.o)
                0x00002232                memset
 *fill*         0x00002242        0x2 
 .text.printf   0x00002244       0x34 c:/program files (x86)/atmel/studio/7.0/toolchain/arm/arm-gnu-toolchain/bin/../lib/gcc/arm-none-eabi/6.3.1/../../../../arm-none-eabi/lib/thumb/v6-m\libc_nano.a(lib_a-printf.o)
                0x00002244                iprintf
                0x00002244                printf
 .text._puts_r  0x00002278       0xc0 c:/program files (x86)/atmel/studio/7.0/toolchain/arm/arm-gnu-toolchain/bin/../lib/gcc/arm-none-eabi/6.3.1/../../../../arm-none-eabi/lib/thumb/v6-m\libc_nano.a(lib_a-puts.o)
                0x00002278                _puts_r
 .text.puts     0x00002338       0x14 c:/program files (x86)/atmel/studio/7.0/toolchain/arm/arm-gnu-toolchain/bin/../lib/gcc/arm-none-eabi/6.3.1/../../../../arm-none-eabi/lib/thumb/v6-m\libc_nano.a(lib_a-puts.o)
                0x00002338                puts
 .text.scanf    0x0000234c       0x34 c:/program files (x86)/atmel/studio/7.0/toolchain/arm/arm-gnu-toolchain/bin/../lib/gcc/arm-none-eabi/6.3.1/../../../../arm-none-eabi/lib/thumb/v6-m\libc_nano.a(lib_a-scanf.o)
                0x0000234c                scanf
                0x0000234c                iscanf
 .text.setbuf   0x00002380       0x12 c:/program files (x86)/atmel/studio/7.0/toolchain/arm/arm-gnu-toolchain/bin/../lib/gcc/arm-none-eabi/6.3.1/../../../../arm-none-eabi/lib/thumb/v6-m\libc_nano.a(lib_a-setbuf.o)
                0x00002380                setbuf
 *fill*         0x00002392        0x2 
 .text.setvbuf  0x00002394      0x158 c:/program files (x86)/atmel/studio/7.0/toolchain/arm/arm-gnu-toolchain/bin/../lib/gcc/arm-none-eabi/6.3.1/../../../../arm-none-eabi/lib/thumb/v6-m\libc_nano.a(lib_a-setvbuf.o)
                0x00002394                setvbuf
 .text.__swbuf_r
                0x000024ec       0xac c:/program files (x86)/atmel/studio/7.0/toolchain/arm/arm-gnu-toolchain/bin/../lib/gcc/arm-none-eabi/6.3.1/../../../../arm-none-eabi/lib/thumb/v6-m\libc_nano.a(lib_a-wbuf.o)
                0x000024ec                __swbuf_r
 .text.__swsetup_r
                0x00002598       0xec c:/program files (x86)/atmel/studio/7.0/toolchain/arm/arm-gnu-toolchain/bin/../lib/gcc/arm-none-eabi/6.3.1/../../../../arm-none-eabi/lib/thumb/v6-m\libc_nano.a(lib_a-wsetup.o)
                0x00002598                __swsetup_r
 .text.__sflush_r
                0x00002684      0x114 c:/program files (x86)/atmel/studio/7.0/toolchain/arm/arm-gnu-toolchain/bin/../lib/gcc/arm-none-eabi/6.3.1/../../../../arm-none-eabi/lib/thumb/v6-m\libc_nano.a(lib_a-fflush.o)
                0x00002684                __sflush_r
 .text._fflush_r
                0x00002798       0x58 c:/program files (x86)/atmel/studio/7.0/toolchain/arm/arm-gnu-toolchain/bin/../lib/gcc/arm-none-eabi/6.3.1/../../../../arm-none-eabi/lib/thumb/v6-m\libc_nano.a(lib_a-fflush.o)
                0x00002798                _fflush_r
 .text.fflush   0x000027f0       0x28 c:/program files (x86)/atmel/studio/7.0/toolchain/arm/arm-gnu-toolchain/bin/../lib/gcc/arm-none-eabi/6.3.1/../../../../arm-none-eabi/lib/thumb/v6-m\libc_nano.a(lib_a-fflush.o)
                0x000027f0                fflush
 .text._cleanup_r
                0x00002818       0x10 c:/program files (x86)/atmel/studio/7.0/toolchain/arm/arm-gnu-toolchain/bin/../lib/gcc/arm-none-eabi/6.3.1/../../../../arm-none-eabi/lib/thumb/v6-m\libc_nano.a(lib_a-findfp.o)
                0x00002818                _cleanup_r
 .text.std.isra.0
                0x00002828       0x48 c:/program files (x86)/atmel/studio/7.0/toolchain/arm/arm-gnu-toolchain/bin/../lib/gcc/arm-none-eabi/6.3.1/../../../../arm-none-eabi/lib/thumb/v6-m\libc_nano.a(lib_a-findfp.o)
 .text.__sfmoreglue
                0x00002870       0x2c c:/program files (x86)/atmel/studio/7.0/toolchain/arm/arm-gnu-toolchain/bin/../lib/gcc/arm-none-eabi/6.3.1/../../../../arm-none-eabi/lib/thumb/v6-m\libc_nano.a(lib_a-findfp.o)
                0x00002870                __sfmoreglue
 .text.__sinit  0x0000289c       0x68 c:/program files (x86)/atmel/studio/7.0/toolchain/arm/arm-gnu-toolchain/bin/../lib/gcc/arm-none-eabi/6.3.1/../../../../arm-none-eabi/lib/thumb/v6-m\libc_nano.a(lib_a-findfp.o)
                0x0000289c                __sinit
 .text.__sfp    0x00002904       0x80 c:/program files (x86)/atmel/studio/7.0/toolchain/arm/arm-gnu-toolchain/bin/../lib/gcc/arm-none-eabi/6.3.1/../../../../arm-none-eabi/lib/thumb/v6-m\libc_nano.a(lib_a-findfp.o)
                0x00002904                __sfp
 .text._fwalk   0x00002984       0x38 c:/program files (x86)/atmel/studio/7.0/toolchain/arm/arm-gnu-toolchain/bin/../lib/gcc/arm-none-eabi/6.3.1/../../../../arm-none-eabi/lib/thumb/v6-m\libc_nano.a(lib_a-fwalk.o)
                0x00002984                _fwalk
 .text._fwalk_reent
                0x000029bc       0x42 c:/program files (x86)/atmel/studio/7.0/toolchain/arm/arm-gnu-toolchain/bin/../lib/gcc/arm-none-eabi/6.3.1/../../../../arm-none-eabi/lib/thumb/v6-m\libc_nano.a(lib_a-fwalk.o)
                0x000029bc                _fwalk_reent
 *fill*         0x000029fe        0x2 
 .text.__swhatbuf_r
                0x00002a00       0x50 c:/program files (x86)/atmel/studio/7.0/toolchain/arm/arm-gnu-toolchain/bin/../lib/gcc/arm-none-eabi/6.3.1/../../../../arm-none-eabi/lib/thumb/v6-m\libc_nano.a(lib_a-makebuf.o)
                0x00002a00                __swhatbuf_r
 .text.__smakebuf_r
                0x00002a50       0x88 c:/program files (x86)/atmel/studio/7.0/toolchain/arm/arm-gnu-toolchain/bin/../lib/gcc/arm-none-eabi/6.3.1/../../../../arm-none-eabi/lib/thumb/v6-m\libc_nano.a(lib_a-makebuf.o)
                0x00002a50                __smakebuf_r
 .text.malloc   0x00002ad8       0x14 c:/program files (x86)/atmel/studio/7.0/toolchain/arm/arm-gnu-toolchain/bin/../lib/gcc/arm-none-eabi/6.3.1/../../../../arm-none-eabi/lib/thumb/v6-m\libc_nano.a(lib_a-malloc.o)
                0x00002ad8                malloc
 .text._free_r  0x00002aec       0x94 c:/program files (x86)/atmel/studio/7.0/toolchain/arm/arm-gnu-toolchain/bin/../lib/gcc/arm-none-eabi/6.3.1/../../../../arm-none-eabi/lib/thumb/v6-m\libc_nano.a(lib_a-nano-freer.o)
                0x00002aec                _free_r
 .text._malloc_r
                0x00002b80       0xbc c:/program files (x86)/atmel/studio/7.0/toolchain/arm/arm-gnu-toolchain/bin/../lib/gcc/arm-none-eabi/6.3.1/../../../../arm-none-eabi/lib/thumb/v6-m\libc_nano.a(lib_a-nano-mallocr.o)
                0x00002b80                _malloc_r
 .text.__sfputc_r
                0x00002c3c       0x2a c:/program files (x86)/atmel/studio/7.0/toolchain/arm/arm-gnu-toolchain/bin/../lib/gcc/arm-none-eabi/6.3.1/../../../../arm-none-eabi/lib/thumb/v6-m\libc_nano.a(lib_a-nano-vfprintf.o)
 .text.__sfputs_r
                0x00002c66       0x24 c:/program files (x86)/atmel/studio/7.0/toolchain/arm/arm-gnu-toolchain/bin/../lib/gcc/arm-none-eabi/6.3.1/../../../../arm-none-eabi/lib/thumb/v6-m\libc_nano.a(lib_a-nano-vfprintf.o)
                0x00002c66                __sfputs_r
 *fill*         0x00002c8a        0x2 
 .text._vfprintf_r
                0x00002c8c      0x238 c:/program files (x86)/atmel/studio/7.0/toolchain/arm/arm-gnu-toolchain/bin/../lib/gcc/arm-none-eabi/6.3.1/../../../../arm-none-eabi/lib/thumb/v6-m\libc_nano.a(lib_a-nano-vfprintf.o)
                0x00002c8c                _vfprintf_r
                0x00002c8c                _vfiprintf_r
 .text._printf_common
                0x00002ec4       0xda c:/program files (x86)/atmel/studio/7.0/toolchain/arm/arm-gnu-toolchain/bin/../lib/gcc/arm-none-eabi/6.3.1/../../../../arm-none-eabi/lib/thumb/v6-m\libc_nano.a(lib_a-nano-vfprintf_i.o)
                0x00002ec4                _printf_common
 *fill*         0x00002f9e        0x2 
 .text._printf_i
                0x00002fa0      0x234 c:/program files (x86)/atmel/studio/7.0/toolchain/arm/arm-gnu-toolchain/bin/../lib/gcc/arm-none-eabi/6.3.1/../../../../arm-none-eabi/lib/thumb/v6-m\libc_nano.a(lib_a-nano-vfprintf_i.o)
                0x00002fa0                _printf_i
 .text.__svfscanf_r
                0x000031d4      0x30c c:/program files (x86)/atmel/studio/7.0/toolchain/arm/arm-gnu-toolchain/bin/../lib/gcc/arm-none-eabi/6.3.1/../../../../arm-none-eabi/lib/thumb/v6-m\libc_nano.a(lib_a-nano-vfscanf.o)
                0x000031d4                __svfscanf_r
                0x000031d4                __svfiscanf_r
 .text._vfscanf_r
                0x000034e0       0x50 c:/program files (x86)/atmel/studio/7.0/toolchain/arm/arm-gnu-toolchain/bin/../lib/gcc/arm-none-eabi/6.3.1/../../../../arm-none-eabi/lib/thumb/v6-m\libc_nano.a(lib_a-nano-vfscanf.o)
                0x000034e0                _vfscanf_r
                0x000034e0                _vfiscanf_r
 .text._scanf_chars
                0x00003530       0xc8 c:/program files (x86)/atmel/studio/7.0/toolchain/arm/arm-gnu-toolchain/bin/../lib/gcc/arm-none-eabi/6.3.1/../../../../arm-none-eabi/lib/thumb/v6-m\libc_nano.a(lib_a-nano-vfscanf_i.o)
                0x00003530                _scanf_chars
 .text._scanf_i
                0x000035f8      0x200 c:/program files (x86)/atmel/studio/7.0/toolchain/arm/arm-gnu-toolchain/bin/../lib/gcc/arm-none-eabi/6.3.1/../../../../arm-none-eabi/lib/thumb/v6-m\libc_nano.a(lib_a-nano-vfscanf_i.o)
                0x000035f8                _scanf_i
 .text.lflush   0x000037f8       0x18 c:/program files (x86)/atmel/studio/7.0/toolchain/arm/arm-gnu-toolchain/bin/../lib/gcc/arm-none-eabi/6.3.1/../../../../arm-none-eabi/lib/thumb/v6-m\libc_nano.a(lib_a-refill.o)
 .text.__srefill_r
                0x00003810      0x120 c:/program files (x86)/atmel/studio/7.0/toolchain/arm/arm-gnu-toolchain/bin/../lib/gcc/arm-none-eabi/6.3.1/../../../../arm-none-eabi/lib/thumb/v6-m\libc_nano.a(lib_a-refill.o)
                0x00003810                __srefill_r
 .text._sbrk_r  0x00003930       0x24 c:/program files (x86)/atmel/studio/7.0/toolchain/arm/arm-gnu-toolchain/bin/../lib/gcc/arm-none-eabi/6.3.1/../../../../arm-none-eabi/lib/thumb/v6-m\libc_nano.a(lib_a-sbrkr.o)
                0x00003930                _sbrk_r
 .text.__sccl   0x00003954       0x62 c:/program files (x86)/atmel/studio/7.0/toolchain/arm/arm-gnu-toolchain/bin/../lib/gcc/arm-none-eabi/6.3.1/../../../../arm-none-eabi/lib/thumb/v6-m\libc_nano.a(lib_a-sccl.o)
                0x00003954                __sccl
 *fill*         0x000039b6        0x2 
 .text.__sread  0x000039b8       0x28 c:/program files (x86)/atmel/studio/7.0/toolchain/arm/arm-gnu-toolchain/bin/../lib/gcc/arm-none-eabi/6.3.1/../../../../arm-none-eabi/lib/thumb/v6-m\libc_nano.a(lib_a-stdio.o)
                0x000039b8                __sread
 .text.__swrite
                0x000039e0       0x38 c:/program files (x86)/atmel/studio/7.0/toolchain/arm/arm-gnu-toolchain/bin/../lib/gcc/arm-none-eabi/6.3.1/../../../../arm-none-eabi/lib/thumb/v6-m\libc_nano.a(lib_a-stdio.o)
                0x000039e0                __swrite
 .text.__sseek  0x00003a18       0x2c c:/program files (x86)/atmel/studio/7.0/toolchain/arm/arm-gnu-toolchain/bin/../lib/gcc/arm-none-eabi/6.3.1/../../../../arm-none-eabi/lib/thumb/v6-m\libc_nano.a(lib_a-stdio.o)
                0x00003a18                __sseek
 .text.__sclose
                0x00003a44        0xc c:/program files (x86)/atmel/studio/7.0/toolchain/arm/arm-gnu-toolchain/bin/../lib/gcc/arm-none-eabi/6.3.1/../../../../arm-none-eabi/lib/thumb/v6-m\libc_nano.a(lib_a-stdio.o)
                0x00003a44                __sclose
 .text._strtol_l.isra.0
                0x00003a50      0x10c c:/program files (x86)/atmel/studio/7.0/toolchain/arm/arm-gnu-toolchain/bin/../lib/gcc/arm-none-eabi/6.3.1/../../../../arm-none-eabi/lib/thumb/v6-m\libc_nano.a(lib_a-strtol.o)
 .text._strtol_r
                0x00003b5c       0x20 c:/program files (x86)/atmel/studio/7.0/toolchain/arm/arm-gnu-toolchain/bin/../lib/gcc/arm-none-eabi/6.3.1/../../../../arm-none-eabi/lib/thumb/v6-m\libc_nano.a(lib_a-strtol.o)
                0x00003b5c                _strtol_r
 .text._strtoul_l.isra.0
                0x00003b7c      0x10e c:/program files (x86)/atmel/studio/7.0/toolchain/arm/arm-gnu-toolchain/bin/../lib/gcc/arm-none-eabi/6.3.1/../../../../arm-none-eabi/lib/thumb/v6-m\libc_nano.a(lib_a-strtoul.o)
 *fill*         0x00003c8a        0x2 
 .text._strtoul_r
                0x00003c8c       0x20 c:/program files (x86)/atmel/studio/7.0/toolchain/arm/arm-gnu-toolchain/bin/../lib/gcc/arm-none-eabi/6.3.1/../../../../arm-none-eabi/lib/thumb/v6-m\libc_nano.a(lib_a-strtoul.o)
                0x00003c8c                _strtoul_r
 .text.__submore
                0x00003cac       0x7c c:/program files (x86)/atmel/studio/7.0/toolchain/arm/arm-gnu-toolchain/bin/../lib/gcc/arm-none-eabi/6.3.1/../../../../arm-none-eabi/lib/thumb/v6-m\libc_nano.a(lib_a-ungetc.o)
                0x00003cac                __submore
 .text._ungetc_r
                0x00003d28       0xe4 c:/program files (x86)/atmel/studio/7.0/toolchain/arm/arm-gnu-toolchain/bin/../lib/gcc/arm-none-eabi/6.3.1/../../../../arm-none-eabi/lib/thumb/v6-m\libc_nano.a(lib_a-ungetc.o)
                0x00003d28                _ungetc_r
 .text._write_r
                0x00003e0c       0x28 c:/program files (x86)/atmel/studio/7.0/toolchain/arm/arm-gnu-toolchain/bin/../lib/gcc/arm-none-eabi/6.3.1/../../../../arm-none-eabi/lib/thumb/v6-m\libc_nano.a(lib_a-writer.o)
                0x00003e0c                _write_r
 .text._close_r
                0x00003e34       0x24 c:/program files (x86)/atmel/studio/7.0/toolchain/arm/arm-gnu-toolchain/bin/../lib/gcc/arm-none-eabi/6.3.1/../../../../arm-none-eabi/lib/thumb/v6-m\libc_nano.a(lib_a-closer.o)
                0x00003e34                _close_r
 .text._fstat_r
                0x00003e58       0x24 c:/program files (x86)/atmel/studio/7.0/toolchain/arm/arm-gnu-toolchain/bin/../lib/gcc/arm-none-eabi/6.3.1/../../../../arm-none-eabi/lib/thumb/v6-m\libc_nano.a(lib_a-fstatr.o)
                0x00003e58                _fstat_r
 .text._isatty_r
                0x00003e7c       0x24 c:/program files (x86)/atmel/studio/7.0/toolchain/arm/arm-gnu-toolchain/bin/../lib/gcc/arm-none-eabi/6.3.1/../../../../arm-none-eabi/lib/thumb/v6-m\libc_nano.a(lib_a-isattyr.o)
                0x00003e7c                _isatty_r
 .text.__locale_ctype_ptr_l
                0x00003ea0        0x6 c:/program files (x86)/atmel/studio/7.0/toolchain/arm/arm-gnu-toolchain/bin/../lib/gcc/arm-none-eabi/6.3.1/../../../../arm-none-eabi/lib/thumb/v6-m\libc_nano.a(lib_a-locale.o)
                0x00003ea0                __locale_ctype_ptr_l
 *fill*         0x00003ea6        0x2 
 .text.__locale_ctype_ptr
                0x00003ea8       0x1c c:/program files (x86)/atmel/studio/7.0/toolchain/arm/arm-gnu-toolchain/bin/../lib/gcc/arm-none-eabi/6.3.1/../../../../arm-none-eabi/lib/thumb/v6-m\libc_nano.a(lib_a-locale.o)
                0x00003ea8                __locale_ctype_ptr
 .text._lseek_r
                0x00003ec4       0x28 c:/program files (x86)/atmel/studio/7.0/toolchain/arm/arm-gnu-toolchain/bin/../lib/gcc/arm-none-eabi/6.3.1/../../../../arm-none-eabi/lib/thumb/v6-m\libc_nano.a(lib_a-lseekr.o)
                0x00003ec4                _lseek_r
 .text.__ascii_mbtowc
                0x00003eec       0x24 c:/program files (x86)/atmel/studio/7.0/toolchain/arm/arm-gnu-toolchain/bin/../lib/gcc/arm-none-eabi/6.3.1/../../../../arm-none-eabi/lib/thumb/v6-m\libc_nano.a(lib_a-mbtowc_r.o)
                0x00003eec                __ascii_mbtowc
 .text.memchr   0x00003f10       0x16 c:/program files (x86)/atmel/studio/7.0/toolchain/arm/arm-gnu-toolchain/bin/../lib/gcc/arm-none-eabi/6.3.1/../../../../arm-none-eabi/lib/thumb/v6-m\libc_nano.a(lib_a-memchr-stub.o)
                0x00003f10                memchr
 .text.__malloc_lock
                0x00003f26        0x2 c:/program files (x86)/atmel/studio/7.0/toolchain/arm/arm-gnu-toolchain/bin/../lib/gcc/arm-none-eabi/6.3.1/../../../../arm-none-eabi/lib/thumb/v6-m\libc_nano.a(lib_a-mlock.o)
                0x00003f26                __malloc_lock
 .text.__malloc_unlock
                0x00003f28        0x2 c:/program files (x86)/atmel/studio/7.0/toolchain/arm/arm-gnu-toolchain/bin/../lib/gcc/arm-none-eabi/6.3.1/../../../../arm-none-eabi/lib/thumb/v6-m\libc_nano.a(lib_a-mlock.o)
                0x00003f28                __malloc_unlock
 .text._realloc_r
                0x00003f2a       0x4c c:/program files (x86)/atmel/studio/7.0/toolchain/arm/arm-gnu-toolchain/bin/../lib/gcc/arm-none-eabi/6.3.1/../../../../arm-none-eabi/lib/thumb/v6-m\libc_nano.a(lib_a-nano-reallocr.o)
                0x00003f2a                _realloc_r
 *fill*         0x00003f76        0x2 
 .text._read_r  0x00003f78       0x28 c:/program files (x86)/atmel/studio/7.0/toolchain/arm/arm-gnu-toolchain/bin/../lib/gcc/arm-none-eabi/6.3.1/../../../../arm-none-eabi/lib/thumb/v6-m\libc_nano.a(lib_a-readr.o)
                0x00003f78                _read_r
 .text.__ascii_wctomb
                0x00003fa0       0x18 c:/program files (x86)/atmel/studio/7.0/toolchain/arm/arm-gnu-toolchain/bin/../lib/gcc/arm-none-eabi/6.3.1/../../../../arm-none-eabi/lib/thumb/v6-m\libc_nano.a(lib_a-wctomb_r.o)
                0x00003fa0                __ascii_wctomb
 .text._malloc_usable_size_r
                0x00003fb8       0x10 c:/program files (x86)/atmel/studio/7.0/toolchain/arm/arm-gnu-toolchain/bin/../lib/gcc/arm-none-eabi/6.3.1/../../../../arm-none-eabi/lib/thumb/v6-m\libc_nano.a(lib_a-nano-msizer.o)
                0x00003fb8                _malloc_usable_size_r
 *(.glue_7t)
 .glue_7t       0x00003fc8        0x0 linker stubs
 *(.glue_7)
 .glue_7        0x00003fc8        0x0 linker stubs
 *(.rodata .rodata* .gnu.linkonce.r.*)
 .rodata        0x00003fc8       0x18 src/ASF/sam0/drivers/sercom/sercom.o
 .rodata.system_clock_source_get_hz
                0x00003fe0       0x20 src/ASF/sam0/drivers/system/clock/clock_samc20_c21/clock.o
 .rodata.system_clock_source_enable
                0x00004000       0x20 src/ASF/sam0/drivers/system/clock/clock_samc20_c21/clock.o
 .rodata.main   0x00004020       0xe4 src/qs_can_basic.o
 .rodata.CAN0_Handler.str1.4
                0x00004104      0x155 src/qs_can_basic.o
 *fill*         0x00004259        0x3 
 .rodata.main.str1.4
                0x0000425c      0x490 src/qs_can_basic.o
                                0x48d (size before relaxing)
 .rodata._global_impure_ptr
                0x000046ec        0x4 c:/program files (x86)/atmel/studio/7.0/toolchain/arm/arm-gnu-toolchain/bin/../lib/gcc/arm-none-eabi/6.3.1/../../../../arm-none-eabi/lib/thumb/v6-m\libc_nano.a(lib_a-impure.o)
                0x000046ec                _global_impure_ptr
 .rodata.__sf_fake_stderr
                0x000046f0       0x20 c:/program files (x86)/atmel/studio/7.0/toolchain/arm/arm-gnu-toolchain/bin/../lib/gcc/arm-none-eabi/6.3.1/../../../../arm-none-eabi/lib/thumb/v6-m\libc_nano.a(lib_a-findfp.o)
                0x000046f0                __sf_fake_stderr
 .rodata.__sf_fake_stdin
                0x00004710       0x20 c:/program files (x86)/atmel/studio/7.0/toolchain/arm/arm-gnu-toolchain/bin/../lib/gcc/arm-none-eabi/6.3.1/../../../../arm-none-eabi/lib/thumb/v6-m\libc_nano.a(lib_a-findfp.o)
                0x00004710                __sf_fake_stdin
 .rodata.__sf_fake_stdout
                0x00004730       0x20 c:/program files (x86)/atmel/studio/7.0/toolchain/arm/arm-gnu-toolchain/bin/../lib/gcc/arm-none-eabi/6.3.1/../../../../arm-none-eabi/lib/thumb/v6-m\libc_nano.a(lib_a-findfp.o)
                0x00004730                __sf_fake_stdout
 .rodata._vfprintf_r.str1.1
                0x00004750       0x11 c:/program files (x86)/atmel/studio/7.0/toolchain/arm/arm-gnu-toolchain/bin/../lib/gcc/arm-none-eabi/6.3.1/../../../../arm-none-eabi/lib/thumb/v6-m\libc_nano.a(lib_a-nano-vfprintf.o)
 .rodata._printf_i.str1.1
                0x00004761       0x22 c:/program files (x86)/atmel/studio/7.0/toolchain/arm/arm-gnu-toolchain/bin/../lib/gcc/arm-none-eabi/6.3.1/../../../../arm-none-eabi/lib/thumb/v6-m\libc_nano.a(lib_a-nano-vfprintf_i.o)
 .rodata.__svfscanf_r.str1.1
                0x00004783        0x4 c:/program files (x86)/atmel/studio/7.0/toolchain/arm/arm-gnu-toolchain/bin/../lib/gcc/arm-none-eabi/6.3.1/../../../../arm-none-eabi/lib/thumb/v6-m\libc_nano.a(lib_a-nano-vfscanf.o)
 *fill*         0x00004783        0x1 
 .rodata        0x00004784        0xc c:/program files (x86)/atmel/studio/7.0/toolchain/arm/arm-gnu-toolchain/bin/../lib/gcc/arm-none-eabi/6.3.1/../../../../arm-none-eabi/lib/thumb/v6-m\libc_nano.a(lib_a-nano-vfscanf_i.o)
 .rodata._scanf_i.str1.1
                0x00004790       0x12 c:/program files (x86)/atmel/studio/7.0/toolchain/arm/arm-gnu-toolchain/bin/../lib/gcc/arm-none-eabi/6.3.1/../../../../arm-none-eabi/lib/thumb/v6-m\libc_nano.a(lib_a-nano-vfscanf_i.o)
 .rodata.str1.1
                0x000047a2        0x9 c:/program files (x86)/atmel/studio/7.0/toolchain/arm/arm-gnu-toolchain/bin/../lib/gcc/arm-none-eabi/6.3.1/../../../../arm-none-eabi/lib/thumb/v6-m\libc_nano.a(lib_a-nano-vfscanf_i.o)
 .rodata._setlocale_r.str1.1
                0x000047ab        0x8 c:/program files (x86)/atmel/studio/7.0/toolchain/arm/arm-gnu-toolchain/bin/../lib/gcc/arm-none-eabi/6.3.1/../../../../arm-none-eabi/lib/thumb/v6-m\libc_nano.a(lib_a-locale.o)
                                  0x9 (size before relaxing)
 .rodata.str1.1
                0x000047b3        0x2 c:/program files (x86)/atmel/studio/7.0/toolchain/arm/arm-gnu-toolchain/bin/../lib/gcc/arm-none-eabi/6.3.1/../../../../arm-none-eabi/lib/thumb/v6-m\libc_nano.a(lib_a-locale.o)
 .rodata._ctype_
                0x000047b5      0x101 c:/program files (x86)/atmel/studio/7.0/toolchain/arm/arm-gnu-toolchain/bin/../lib/gcc/arm-none-eabi/6.3.1/../../../../arm-none-eabi/lib/thumb/v6-m\libc_nano.a(lib_a-ctype_.o)
                0x000047b5                _ctype_
 *(.ARM.extab* .gnu.linkonce.armextab.*)
                0x000048b8                . = ALIGN (0x4)
 *fill*         0x000048b6        0x2 
 *(.init)
 .init          0x000048b8        0x4 c:/program files (x86)/atmel/studio/7.0/toolchain/arm/arm-gnu-toolchain/bin/../lib/gcc/arm-none-eabi/6.3.1/thumb/v6-m/crti.o
                0x000048b8                _init
 .init          0x000048bc        0x8 c:/program files (x86)/atmel/studio/7.0/toolchain/arm/arm-gnu-toolchain/bin/../lib/gcc/arm-none-eabi/6.3.1/thumb/v6-m/crtn.o
                0x000048c4                . = ALIGN (0x4)
                0x000048c4                __preinit_array_start = .
 *(.preinit_array)
                0x000048c4                __preinit_array_end = .
                0x000048c4                . = ALIGN (0x4)
                0x000048c4                __init_array_start = .
 *(SORT(.init_array.*))
 *(.init_array)
 .init_array    0x000048c4        0x4 c:/program files (x86)/atmel/studio/7.0/toolchain/arm/arm-gnu-toolchain/bin/../lib/gcc/arm-none-eabi/6.3.1/thumb/v6-m/crtbegin.o
                0x000048c8                __init_array_end = .
                0x000048c8                . = ALIGN (0x4)
 *crtbegin.o(.ctors)
 *(EXCLUDE_FILE(*crtend.o) .ctors)
 *(SORT(.ctors.*))
 *crtend.o(.ctors)
                0x000048c8                . = ALIGN (0x4)
 *(.fini)
 .fini          0x000048c8        0x4 c:/program files (x86)/atmel/studio/7.0/toolchain/arm/arm-gnu-toolchain/bin/../lib/gcc/arm-none-eabi/6.3.1/thumb/v6-m/crti.o
                0x000048c8                _fini
 .fini          0x000048cc        0x8 c:/program files (x86)/atmel/studio/7.0/toolchain/arm/arm-gnu-toolchain/bin/../lib/gcc/arm-none-eabi/6.3.1/thumb/v6-m/crtn.o
                0x000048d4                . = ALIGN (0x4)
                0x000048d4                __fini_array_start = .
 *(.fini_array)
 .fini_array    0x000048d4        0x4 c:/program files (x86)/atmel/studio/7.0/toolchain/arm/arm-gnu-toolchain/bin/../lib/gcc/arm-none-eabi/6.3.1/thumb/v6-m/crtbegin.o
 *(SORT(.fini_array.*))
                0x000048d8                __fini_array_end = .
 *crtbegin.o(.dtors)
 *(EXCLUDE_FILE(*crtend.o) .dtors)
 *(SORT(.dtors.*))
 *crtend.o(.dtors)
                0x000048d8                . = ALIGN (0x4)
                0x000048d8                _efixed = .
                [!provide]                PROVIDE (__exidx_start, .)

.vfp11_veneer   0x000048d8        0x0
 .vfp11_veneer  0x000048d8        0x0 linker stubs

.v4_bx          0x000048d8        0x0
 .v4_bx         0x000048d8        0x0 linker stubs

.iplt           0x000048d8        0x0
 .iplt          0x000048d8        0x0 c:/program files (x86)/atmel/studio/7.0/toolchain/arm/arm-gnu-toolchain/bin/../lib/gcc/arm-none-eabi/6.3.1/thumb/v6-m/crtbegin.o

.eh_frame       0x000048d8        0x0
 .eh_frame      0x000048d8        0x0 c:/program files (x86)/atmel/studio/7.0/toolchain/arm/arm-gnu-toolchain/bin/../lib/gcc/arm-none-eabi/6.3.1/thumb/v6-m/crtbegin.o

.rel.dyn        0x000048d8        0x0
 .rel.iplt      0x000048d8        0x0 c:/program files (x86)/atmel/studio/7.0/toolchain/arm/arm-gnu-toolchain/bin/../lib/gcc/arm-none-eabi/6.3.1/thumb/v6-m/crtbegin.o

.jcr            0x000048d8        0x0
 .jcr           0x000048d8        0x0 c:/program files (x86)/atmel/studio/7.0/toolchain/arm/arm-gnu-toolchain/bin/../lib/gcc/arm-none-eabi/6.3.1/thumb/v6-m/crtbegin.o

.igot.plt       0x000048d8        0x0
 .igot.plt      0x000048d8        0x0 c:/program files (x86)/atmel/studio/7.0/toolchain/arm/arm-gnu-toolchain/bin/../lib/gcc/arm-none-eabi/6.3.1/thumb/v6-m/crtbegin.o

.ARM.exidx
 *(.ARM.exidx* .gnu.linkonce.armexidx.*)
                [!provide]                PROVIDE (__exidx_end, .)
                0x000048d8                . = ALIGN (0x4)
                0x000048d8                _etext = .

.relocate       0x20000000      0x1d4 load address 0x000048d8
                0x20000000                . = ALIGN (0x4)
                0x20000000                _srelocate = .
 *(.ramfunc .ramfunc.*)
 *(.data .data.*)
 .data.g_interrupt_enabled
                0x20000000        0x1 src/ASF/common/utils/interrupt/interrupt_sam_nvic.o
                0x20000000                g_interrupt_enabled
 *fill*         0x20000001        0x3 
 .data._impure_ptr
                0x20000004        0x4 c:/program files (x86)/atmel/studio/7.0/toolchain/arm/arm-gnu-toolchain/bin/../lib/gcc/arm-none-eabi/6.3.1/../../../../arm-none-eabi/lib/thumb/v6-m\libc_nano.a(lib_a-impure.o)
                0x20000004                _impure_ptr
 .data.impure_data
                0x20000008       0x60 c:/program files (x86)/atmel/studio/7.0/toolchain/arm/arm-gnu-toolchain/bin/../lib/gcc/arm-none-eabi/6.3.1/../../../../arm-none-eabi/lib/thumb/v6-m\libc_nano.a(lib_a-impure.o)
 .data.__global_locale
                0x20000068      0x16c c:/program files (x86)/atmel/studio/7.0/toolchain/arm/arm-gnu-toolchain/bin/../lib/gcc/arm-none-eabi/6.3.1/../../../../arm-none-eabi/lib/thumb/v6-m\libc_nano.a(lib_a-locale.o)
                0x20000068                __global_locale
                0x200001d4                . = ALIGN (0x4)
                0x200001d4                _erelocate = .

.bss            0x200001d4      0xa84 load address 0x00004aac
                0x200001d4                . = ALIGN (0x4)
                0x200001d4                _sbss = .
                0x200001d4                _szero = .
 *(.bss .bss.*)
 .bss           0x200001d4       0x1c c:/program files (x86)/atmel/studio/7.0/toolchain/arm/arm-gnu-toolchain/bin/../lib/gcc/arm-none-eabi/6.3.1/thumb/v6-m/crtbegin.o
 .bss.cpu_irq_critical_section_counter
                0x200001f0        0x4 src/ASF/common/utils/interrupt/interrupt_sam_nvic.o
 .bss.cpu_irq_prev_interrupt_state
                0x200001f4        0x1 src/ASF/common/utils/interrupt/interrupt_sam_nvic.o
 *fill*         0x200001f5        0x3 
 .bss.can0_rx_buffer
                0x200001f8      0x100 src/ASF/sam0/drivers/can/can.o
 .bss.can0_rx_extended_filter
                0x200002f8       0x80 src/ASF/sam0/drivers/can/can.o
 .bss.can0_rx_fifo_0
                0x20000378      0x100 src/ASF/sam0/drivers/can/can.o
 .bss.can0_rx_fifo_1
                0x20000478      0x100 src/ASF/sam0/drivers/can/can.o
 .bss.can0_rx_standard_filter
                0x20000578       0x80 src/ASF/sam0/drivers/can/can.o
 .bss.can0_tx_buffer
                0x200005f8       0x80 src/ASF/sam0/drivers/can/can.o
 .bss.can0_tx_event_fifo
                0x20000678       0x40 src/ASF/sam0/drivers/can/can.o
 .bss.can1_rx_buffer
                0x200006b8      0x100 src/ASF/sam0/drivers/can/can.o
 .bss.can1_rx_extended_filter
                0x200007b8       0x80 src/ASF/sam0/drivers/can/can.o
 .bss.can1_rx_fifo_0
                0x20000838      0x100 src/ASF/sam0/drivers/can/can.o
 .bss.can1_rx_fifo_1
                0x20000938      0x100 src/ASF/sam0/drivers/can/can.o
 .bss.can1_rx_standard_filter
                0x20000a38       0x80 src/ASF/sam0/drivers/can/can.o
 .bss.can1_tx_buffer
                0x20000ab8       0x80 src/ASF/sam0/drivers/can/can.o
 .bss.can1_tx_event_fifo
                0x20000b38       0x40 src/ASF/sam0/drivers/can/can.o
 .bss._sercom_config
                0x20000b78        0x2 src/ASF/sam0/drivers/sercom/sercom.o
 .bss._handler_table_initialized
                0x20000b7a        0x1 src/ASF/sam0/drivers/sercom/sercom_interrupt.o
 *fill*         0x20000b7b        0x1 
 .bss._sercom_interrupt_handlers
                0x20000b7c       0x18 src/ASF/sam0/drivers/sercom/sercom_interrupt.o
 .bss._system_clock_inst
                0x20000b94        0xc src/ASF/sam0/drivers/system/clock/clock_samc20_c21/clock.o
 .bss.heap.5296
                0x20000ba0        0x4 src/ASF/sam0/utils/syscalls/gcc/syscalls.o
 .bss.can_instance
                0x20000ba4        0x4 src/qs_can_basic.o
 .bss.cdc_instance
                0x20000ba8       0x34 src/qs_can_basic.o
 .bss.extended_receive_index
                0x20000bdc        0x4 src/qs_can_basic.o
 .bss.rx_element_buffer
                0x20000be0       0x10 src/qs_can_basic.o
 .bss.rx_element_fifo_0
                0x20000bf0       0x10 src/qs_can_basic.o
 .bss.rx_element_fifo_1
                0x20000c00       0x10 src/qs_can_basic.o
 .bss.standard_receive_index
                0x20000c10        0x4 src/qs_can_basic.o
 .bss.tx_message_0
                0x20000c14        0x8 src/qs_can_basic.o
 .bss.tx_message_1
                0x20000c1c        0x8 src/qs_can_basic.o
 .bss.__malloc_free_list
                0x20000c24        0x4 c:/program files (x86)/atmel/studio/7.0/toolchain/arm/arm-gnu-toolchain/bin/../lib/gcc/arm-none-eabi/6.3.1/../../../../arm-none-eabi/lib/thumb/v6-m\libc_nano.a(lib_a-nano-mallocr.o)
                0x20000c24                __malloc_free_list
 .bss.__malloc_sbrk_start
                0x20000c28        0x4 c:/program files (x86)/atmel/studio/7.0/toolchain/arm/arm-gnu-toolchain/bin/../lib/gcc/arm-none-eabi/6.3.1/../../../../arm-none-eabi/lib/thumb/v6-m\libc_nano.a(lib_a-nano-mallocr.o)
                0x20000c28                __malloc_sbrk_start
 *(COMMON)
 COMMON         0x20000c2c        0x1 src/ASF/sam0/drivers/can/can.o
                0x20000c2c                gclk_chan_conf
 *fill*         0x20000c2d        0x3 
 COMMON         0x20000c30       0x18 src/ASF/sam0/drivers/sercom/sercom_interrupt.o
                0x20000c30                _sercom_instances
 COMMON         0x20000c48        0x4 src/ASF/sam0/utils/stdio/read.o
                0x20000c48                ptr_get
 COMMON         0x20000c4c        0x8 src/ASF/sam0/utils/stdio/write.o
                0x20000c4c                ptr_put
                0x20000c50                stdio_base
 COMMON         0x20000c54        0x4 c:/program files (x86)/atmel/studio/7.0/toolchain/arm/arm-gnu-toolchain/bin/../lib/gcc/arm-none-eabi/6.3.1/../../../../arm-none-eabi/lib/thumb/v6-m\libc_nano.a(lib_a-reent.o)
                0x20000c54                errno
                0x20000c58                . = ALIGN (0x4)
                0x20000c58                _ebss = .
                0x20000c58                _ezero = .

.stack          0x20000c58     0x2000 load address 0x00005530
                0x20000c58                . = ALIGN (0x8)
                0x20000c58                _sstack = .
                0x20002c58                . = (. + STACK_SIZE)
 *fill*         0x20000c58     0x2000 
                0x20002c58                . = ALIGN (0x8)
                0x20002c58                _estack = .
                0x20002c58                . = ALIGN (0x4)
                0x20002c58                _end = .
OUTPUT(CAN_QUICK_START2.elf elf32-littlearm)

.ARM.attributes
                0x00000000       0x28
 .ARM.attributes
                0x00000000       0x1e c:/program files (x86)/atmel/studio/7.0/toolchain/arm/arm-gnu-toolchain/bin/../lib/gcc/arm-none-eabi/6.3.1/thumb/v6-m/crti.o
 .ARM.attributes
                0x0000001e       0x2c c:/program files (x86)/atmel/studio/7.0/toolchain/arm/arm-gnu-toolchain/bin/../lib/gcc/arm-none-eabi/6.3.1/thumb/v6-m/crtbegin.o
 .ARM.attributes
                0x0000004a       0x32 src/ASF/common/utils/interrupt/interrupt_sam_nvic.o
 .ARM.attributes
                0x0000007c       0x32 src/ASF/sam0/boards/samc21_xplained_pro/board_init.o
 .ARM.attributes
                0x000000ae       0x32 src/ASF/sam0/drivers/can/can.o
 .ARM.attributes
                0x000000e0       0x32 src/ASF/sam0/drivers/port/port.o
 .ARM.attributes
                0x00000112       0x32 src/ASF/sam0/drivers/sercom/sercom.o
 .ARM.attributes
                0x00000144       0x32 src/ASF/sam0/drivers/sercom/sercom_interrupt.o
 .ARM.attributes
                0x00000176       0x32 src/ASF/sam0/drivers/sercom/usart/usart.o
 .ARM.attributes
                0x000001a8       0x32 src/ASF/sam0/drivers/sercom/usart/usart_interrupt.o
 .ARM.attributes
                0x000001da       0x32 src/ASF/sam0/drivers/system/clock/clock_samc20_c21/clock.o
 .ARM.attributes
                0x0000020c       0x32 src/ASF/sam0/drivers/system/clock/clock_samc20_c21/gclk.o
 .ARM.attributes
                0x0000023e       0x32 src/ASF/sam0/drivers/system/pinmux/pinmux.o
 .ARM.attributes
                0x00000270       0x32 src/ASF/sam0/drivers/system/system.o
 .ARM.attributes
                0x000002a2       0x32 src/ASF/sam0/utils/cmsis/samc21/source/gcc/startup_samc21.o
 .ARM.attributes
                0x000002d4       0x32 src/ASF/sam0/utils/stdio/read.o
 .ARM.attributes
                0x00000306       0x32 src/ASF/sam0/utils/stdio/write.o
 .ARM.attributes
                0x00000338       0x32 src/ASF/sam0/utils/syscalls/gcc/syscalls.o
 .ARM.attributes
                0x0000036a       0x32 src/qs_can_basic.o
 .ARM.attributes
                0x0000039c       0x1e c:/program files (x86)/atmel/studio/7.0/toolchain/arm/arm-gnu-toolchain/bin/../lib/gcc/arm-none-eabi/6.3.1/thumb/v6-m\libgcc.a(_udivsi3.o)
 .ARM.attributes
                0x000003ba       0x1e c:/program files (x86)/atmel/studio/7.0/toolchain/arm/arm-gnu-toolchain/bin/../lib/gcc/arm-none-eabi/6.3.1/thumb/v6-m\libgcc.a(_dvmd_tls.o)
 .ARM.attributes
                0x000003d8       0x2c c:/program files (x86)/atmel/studio/7.0/toolchain/arm/arm-gnu-toolchain/bin/../lib/gcc/arm-none-eabi/6.3.1/thumb/v6-m\libgcc.a(_muldi3.o)
 .ARM.attributes
                0x00000404       0x2c c:/program files (x86)/atmel/studio/7.0/toolchain/arm/arm-gnu-toolchain/bin/../lib/gcc/arm-none-eabi/6.3.1/../../../../arm-none-eabi/lib/thumb/v6-m\libc_nano.a(lib_a-impure.o)
 .ARM.attributes
                0x00000430       0x2c c:/program files (x86)/atmel/studio/7.0/toolchain/arm/arm-gnu-toolchain/bin/../lib/gcc/arm-none-eabi/6.3.1/../../../../arm-none-eabi/lib/thumb/v6-m\libc_nano.a(lib_a-init.o)
 .ARM.attributes
                0x0000045c       0x2c c:/program files (x86)/atmel/studio/7.0/toolchain/arm/arm-gnu-toolchain/bin/../lib/gcc/arm-none-eabi/6.3.1/../../../../arm-none-eabi/lib/thumb/v6-m\libc_nano.a(lib_a-memcpy-stub.o)
 .ARM.attributes
                0x00000488       0x2c c:/program files (x86)/atmel/studio/7.0/toolchain/arm/arm-gnu-toolchain/bin/../lib/gcc/arm-none-eabi/6.3.1/../../../../arm-none-eabi/lib/thumb/v6-m\libc_nano.a(lib_a-memset.o)
 .ARM.attributes
                0x000004b4       0x2c c:/program files (x86)/atmel/studio/7.0/toolchain/arm/arm-gnu-toolchain/bin/../lib/gcc/arm-none-eabi/6.3.1/../../../../arm-none-eabi/lib/thumb/v6-m\libc_nano.a(lib_a-printf.o)
 .ARM.attributes
                0x000004e0       0x2c c:/program files (x86)/atmel/studio/7.0/toolchain/arm/arm-gnu-toolchain/bin/../lib/gcc/arm-none-eabi/6.3.1/../../../../arm-none-eabi/lib/thumb/v6-m\libc_nano.a(lib_a-puts.o)
 .ARM.attributes
                0x0000050c       0x2c c:/program files (x86)/atmel/studio/7.0/toolchain/arm/arm-gnu-toolchain/bin/../lib/gcc/arm-none-eabi/6.3.1/../../../../arm-none-eabi/lib/thumb/v6-m\libc_nano.a(lib_a-scanf.o)
 .ARM.attributes
                0x00000538       0x2c c:/program files (x86)/atmel/studio/7.0/toolchain/arm/arm-gnu-toolchain/bin/../lib/gcc/arm-none-eabi/6.3.1/../../../../arm-none-eabi/lib/thumb/v6-m\libc_nano.a(lib_a-setbuf.o)
 .ARM.attributes
                0x00000564       0x2c c:/program files (x86)/atmel/studio/7.0/toolchain/arm/arm-gnu-toolchain/bin/../lib/gcc/arm-none-eabi/6.3.1/../../../../arm-none-eabi/lib/thumb/v6-m\libc_nano.a(lib_a-setvbuf.o)
 .ARM.attributes
                0x00000590       0x2c c:/program files (x86)/atmel/studio/7.0/toolchain/arm/arm-gnu-toolchain/bin/../lib/gcc/arm-none-eabi/6.3.1/../../../../arm-none-eabi/lib/thumb/v6-m\libc_nano.a(lib_a-wbuf.o)
 .ARM.attributes
                0x000005bc       0x2c c:/program files (x86)/atmel/studio/7.0/toolchain/arm/arm-gnu-toolchain/bin/../lib/gcc/arm-none-eabi/6.3.1/../../../../arm-none-eabi/lib/thumb/v6-m\libc_nano.a(lib_a-wsetup.o)
 .ARM.attributes
                0x000005e8       0x2c c:/program files (x86)/atmel/studio/7.0/toolchain/arm/arm-gnu-toolchain/bin/../lib/gcc/arm-none-eabi/6.3.1/../../../../arm-none-eabi/lib/thumb/v6-m\libc_nano.a(lib_a-fflush.o)
 .ARM.attributes
                0x00000614       0x2c c:/program files (x86)/atmel/studio/7.0/toolchain/arm/arm-gnu-toolchain/bin/../lib/gcc/arm-none-eabi/6.3.1/../../../../arm-none-eabi/lib/thumb/v6-m\libc_nano.a(lib_a-findfp.o)
 .ARM.attributes
                0x00000640       0x2c c:/program files (x86)/atmel/studio/7.0/toolchain/arm/arm-gnu-toolchain/bin/../lib/gcc/arm-none-eabi/6.3.1/../../../../arm-none-eabi/lib/thumb/v6-m\libc_nano.a(lib_a-fwalk.o)
 .ARM.attributes
                0x0000066c       0x2c c:/program files (x86)/atmel/studio/7.0/toolchain/arm/arm-gnu-toolchain/bin/../lib/gcc/arm-none-eabi/6.3.1/../../../../arm-none-eabi/lib/thumb/v6-m\libc_nano.a(lib_a-makebuf.o)
 .ARM.attributes
                0x00000698       0x2c c:/program files (x86)/atmel/studio/7.0/toolchain/arm/arm-gnu-toolchain/bin/../lib/gcc/arm-none-eabi/6.3.1/../../../../arm-none-eabi/lib/thumb/v6-m\libc_nano.a(lib_a-malloc.o)
 .ARM.attributes
                0x000006c4       0x2c c:/program files (x86)/atmel/studio/7.0/toolchain/arm/arm-gnu-toolchain/bin/../lib/gcc/arm-none-eabi/6.3.1/../../../../arm-none-eabi/lib/thumb/v6-m\libc_nano.a(lib_a-nano-freer.o)
 .ARM.attributes
                0x000006f0       0x2c c:/program files (x86)/atmel/studio/7.0/toolchain/arm/arm-gnu-toolchain/bin/../lib/gcc/arm-none-eabi/6.3.1/../../../../arm-none-eabi/lib/thumb/v6-m\libc_nano.a(lib_a-nano-mallocr.o)
 .ARM.attributes
                0x0000071c       0x2c c:/program files (x86)/atmel/studio/7.0/toolchain/arm/arm-gnu-toolchain/bin/../lib/gcc/arm-none-eabi/6.3.1/../../../../arm-none-eabi/lib/thumb/v6-m\libc_nano.a(lib_a-nano-vfprintf.o)
 .ARM.attributes
                0x00000748       0x2c c:/program files (x86)/atmel/studio/7.0/toolchain/arm/arm-gnu-toolchain/bin/../lib/gcc/arm-none-eabi/6.3.1/../../../../arm-none-eabi/lib/thumb/v6-m\libc_nano.a(lib_a-nano-vfprintf_i.o)
 .ARM.attributes
                0x00000774       0x2c c:/program files (x86)/atmel/studio/7.0/toolchain/arm/arm-gnu-toolchain/bin/../lib/gcc/arm-none-eabi/6.3.1/../../../../arm-none-eabi/lib/thumb/v6-m\libc_nano.a(lib_a-nano-vfscanf.o)
 .ARM.attributes
                0x000007a0       0x2c c:/program files (x86)/atmel/studio/7.0/toolchain/arm/arm-gnu-toolchain/bin/../lib/gcc/arm-none-eabi/6.3.1/../../../../arm-none-eabi/lib/thumb/v6-m\libc_nano.a(lib_a-nano-vfscanf_i.o)
 .ARM.attributes
                0x000007cc       0x2c c:/program files (x86)/atmel/studio/7.0/toolchain/arm/arm-gnu-toolchain/bin/../lib/gcc/arm-none-eabi/6.3.1/../../../../arm-none-eabi/lib/thumb/v6-m\libc_nano.a(lib_a-refill.o)
 .ARM.attributes
                0x000007f8       0x2c c:/program files (x86)/atmel/studio/7.0/toolchain/arm/arm-gnu-toolchain/bin/../lib/gcc/arm-none-eabi/6.3.1/../../../../arm-none-eabi/lib/thumb/v6-m\libc_nano.a(lib_a-sbrkr.o)
 .ARM.attributes
                0x00000824       0x2c c:/program files (x86)/atmel/studio/7.0/toolchain/arm/arm-gnu-toolchain/bin/../lib/gcc/arm-none-eabi/6.3.1/../../../../arm-none-eabi/lib/thumb/v6-m\libc_nano.a(lib_a-sccl.o)
 .ARM.attributes
                0x00000850       0x2c c:/program files (x86)/atmel/studio/7.0/toolchain/arm/arm-gnu-toolchain/bin/../lib/gcc/arm-none-eabi/6.3.1/../../../../arm-none-eabi/lib/thumb/v6-m\libc_nano.a(lib_a-stdio.o)
 .ARM.attributes
                0x0000087c       0x2c c:/program files (x86)/atmel/studio/7.0/toolchain/arm/arm-gnu-toolchain/bin/../lib/gcc/arm-none-eabi/6.3.1/../../../../arm-none-eabi/lib/thumb/v6-m\libc_nano.a(lib_a-strtol.o)
 .ARM.attributes
                0x000008a8       0x2c c:/program files (x86)/atmel/studio/7.0/toolchain/arm/arm-gnu-toolchain/bin/../lib/gcc/arm-none-eabi/6.3.1/../../../../arm-none-eabi/lib/thumb/v6-m\libc_nano.a(lib_a-strtoul.o)
 .ARM.attributes
                0x000008d4       0x2c c:/program files (x86)/atmel/studio/7.0/toolchain/arm/arm-gnu-toolchain/bin/../lib/gcc/arm-none-eabi/6.3.1/../../../../arm-none-eabi/lib/thumb/v6-m\libc_nano.a(lib_a-ungetc.o)
 .ARM.attributes
                0x00000900       0x2c c:/program files (x86)/atmel/studio/7.0/toolchain/arm/arm-gnu-toolchain/bin/../lib/gcc/arm-none-eabi/6.3.1/../../../../arm-none-eabi/lib/thumb/v6-m\libc_nano.a(lib_a-writer.o)
 .ARM.attributes
                0x0000092c       0x2c c:/program files (x86)/atmel/studio/7.0/toolchain/arm/arm-gnu-toolchain/bin/../lib/gcc/arm-none-eabi/6.3.1/../../../../arm-none-eabi/lib/thumb/v6-m\libc_nano.a(lib_a-closer.o)
 .ARM.attributes
                0x00000958       0x2c c:/program files (x86)/atmel/studio/7.0/toolchain/arm/arm-gnu-toolchain/bin/../lib/gcc/arm-none-eabi/6.3.1/../../../../arm-none-eabi/lib/thumb/v6-m\libc_nano.a(lib_a-fstatr.o)
 .ARM.attributes
                0x00000984       0x2c c:/program files (x86)/atmel/studio/7.0/toolchain/arm/arm-gnu-toolchain/bin/../lib/gcc/arm-none-eabi/6.3.1/../../../../arm-none-eabi/lib/thumb/v6-m\libc_nano.a(lib_a-isattyr.o)
 .ARM.attributes
                0x000009b0       0x2c c:/program files (x86)/atmel/studio/7.0/toolchain/arm/arm-gnu-toolchain/bin/../lib/gcc/arm-none-eabi/6.3.1/../../../../arm-none-eabi/lib/thumb/v6-m\libc_nano.a(lib_a-locale.o)
 .ARM.attributes
                0x000009dc       0x2c c:/program files (x86)/atmel/studio/7.0/toolchain/arm/arm-gnu-toolchain/bin/../lib/gcc/arm-none-eabi/6.3.1/../../../../arm-none-eabi/lib/thumb/v6-m\libc_nano.a(lib_a-lseekr.o)
 .ARM.attributes
                0x00000a08       0x2c c:/program files (x86)/atmel/studio/7.0/toolchain/arm/arm-gnu-toolchain/bin/../lib/gcc/arm-none-eabi/6.3.1/../../../../arm-none-eabi/lib/thumb/v6-m\libc_nano.a(lib_a-mbtowc_r.o)
 .ARM.attributes
                0x00000a34       0x2c c:/program files (x86)/atmel/studio/7.0/toolchain/arm/arm-gnu-toolchain/bin/../lib/gcc/arm-none-eabi/6.3.1/../../../../arm-none-eabi/lib/thumb/v6-m\libc_nano.a(lib_a-memchr-stub.o)
 .ARM.attributes
                0x00000a60       0x2c c:/program files (x86)/atmel/studio/7.0/toolchain/arm/arm-gnu-toolchain/bin/../lib/gcc/arm-none-eabi/6.3.1/../../../../arm-none-eabi/lib/thumb/v6-m\libc_nano.a(lib_a-mlock.o)
 .ARM.attributes
                0x00000a8c       0x2c c:/program files (x86)/atmel/studio/7.0/toolchain/arm/arm-gnu-toolchain/bin/../lib/gcc/arm-none-eabi/6.3.1/../../../../arm-none-eabi/lib/thumb/v6-m\libc_nano.a(lib_a-nano-reallocr.o)
 .ARM.attributes
                0x00000ab8       0x2c c:/program files (x86)/atmel/studio/7.0/toolchain/arm/arm-gnu-toolchain/bin/../lib/gcc/arm-none-eabi/6.3.1/../../../../arm-none-eabi/lib/thumb/v6-m\libc_nano.a(lib_a-readr.o)
 .ARM.attributes
                0x00000ae4       0x2c c:/program files (x86)/atmel/studio/7.0/toolchain/arm/arm-gnu-toolchain/bin/../lib/gcc/arm-none-eabi/6.3.1/../../../../arm-none-eabi/lib/thumb/v6-m\libc_nano.a(lib_a-reent.o)
 .ARM.attributes
                0x00000b10       0x2c c:/program files (x86)/atmel/studio/7.0/toolchain/arm/arm-gnu-toolchain/bin/../lib/gcc/arm-none-eabi/6.3.1/../../../../arm-none-eabi/lib/thumb/v6-m\libc_nano.a(lib_a-wctomb_r.o)
 .ARM.attributes
                0x00000b3c       0x2c c:/program files (x86)/atmel/studio/7.0/toolchain/arm/arm-gnu-toolchain/bin/../lib/gcc/arm-none-eabi/6.3.1/../../../../arm-none-eabi/lib/thumb/v6-m\libc_nano.a(lib_a-ctype_.o)
 .ARM.attributes
                0x00000b68       0x2c c:/program files (x86)/atmel/studio/7.0/toolchain/arm/arm-gnu-toolchain/bin/../lib/gcc/arm-none-eabi/6.3.1/../../../../arm-none-eabi/lib/thumb/v6-m\libc_nano.a(lib_a-nano-msizer.o)
 .ARM.attributes
                0x00000b94       0x1e c:/program files (x86)/atmel/studio/7.0/toolchain/arm/arm-gnu-toolchain/bin/../lib/gcc/arm-none-eabi/6.3.1/thumb/v6-m/crtn.o

.comment        0x00000000       0x59
 .comment       0x00000000       0x59 src/ASF/common/utils/interrupt/interrupt_sam_nvic.o
                                 0x5a (size before relaxing)
 .comment       0x00000059       0x5a src/ASF/sam0/boards/samc21_xplained_pro/board_init.o
 .comment       0x00000059       0x5a src/ASF/sam0/drivers/can/can.o
 .comment       0x00000059       0x5a src/ASF/sam0/drivers/port/port.o
 .comment       0x00000059       0x5a src/ASF/sam0/drivers/sercom/sercom.o
 .comment       0x00000059       0x5a src/ASF/sam0/drivers/sercom/sercom_interrupt.o
 .comment       0x00000059       0x5a src/ASF/sam0/drivers/sercom/usart/usart.o
 .comment       0x00000059       0x5a src/ASF/sam0/drivers/sercom/usart/usart_interrupt.o
 .comment       0x00000059       0x5a src/ASF/sam0/drivers/system/clock/clock_samc20_c21/clock.o
 .comment       0x00000059       0x5a src/ASF/sam0/drivers/system/clock/clock_samc20_c21/gclk.o
 .comment       0x00000059       0x5a src/ASF/sam0/drivers/system/pinmux/pinmux.o
 .comment       0x00000059       0x5a src/ASF/sam0/drivers/system/system.o
 .comment       0x00000059       0x5a src/ASF/sam0/utils/cmsis/samc21/source/gcc/startup_samc21.o
 .comment       0x00000059       0x5a src/ASF/sam0/utils/stdio/read.o
 .comment       0x00000059       0x5a src/ASF/sam0/utils/stdio/write.o
 .comment       0x00000059       0x5a src/ASF/sam0/utils/syscalls/gcc/syscalls.o
 .comment       0x00000059       0x5a src/qs_can_basic.o

.debug_info     0x00000000    0x2769f
 .debug_info    0x00000000      0xb05 src/ASF/common/utils/interrupt/interrupt_sam_nvic.o
 .debug_info    0x00000b05     0x124a src/ASF/sam0/boards/samc21_xplained_pro/board_init.o
 .debug_info    0x00001d4f     0x5604 src/ASF/sam0/drivers/can/can.o
 .debug_info    0x00007353     0x1254 src/ASF/sam0/drivers/port/port.o
 .debug_info    0x000085a7     0x2e9e src/ASF/sam0/drivers/sercom/sercom.o
 .debug_info    0x0000b445     0x2cb8 src/ASF/sam0/drivers/sercom/sercom_interrupt.o
 .debug_info    0x0000e0fd     0x4ab0 src/ASF/sam0/drivers/sercom/usart/usart.o
 .debug_info    0x00012bad     0x30cb src/ASF/sam0/drivers/sercom/usart/usart_interrupt.o
 .debug_info    0x00015c78     0x3a35 src/ASF/sam0/drivers/system/clock/clock_samc20_c21/clock.o
 .debug_info    0x000196ad     0x1c3d src/ASF/sam0/drivers/system/clock/clock_samc20_c21/gclk.o
 .debug_info    0x0001b2ea     0x1391 src/ASF/sam0/drivers/system/pinmux/pinmux.o
 .debug_info    0x0001c67b      0xa73 src/ASF/sam0/drivers/system/system.o
 .debug_info    0x0001d0ee      0x523 src/ASF/sam0/utils/cmsis/samc21/source/gcc/startup_samc21.o
 .debug_info    0x0001d611      0xacf src/ASF/sam0/utils/stdio/read.o
 .debug_info    0x0001e0e0      0xacc src/ASF/sam0/utils/stdio/write.o
 .debug_info    0x0001ebac      0xd98 src/ASF/sam0/utils/syscalls/gcc/syscalls.o
 .debug_info    0x0001f944     0x7d5b src/qs_can_basic.o

.debug_abbrev   0x00000000     0x346c
 .debug_abbrev  0x00000000      0x23b src/ASF/common/utils/interrupt/interrupt_sam_nvic.o
 .debug_abbrev  0x0000023b      0x2c7 src/ASF/sam0/boards/samc21_xplained_pro/board_init.o
 .debug_abbrev  0x00000502      0x434 src/ASF/sam0/drivers/can/can.o
 .debug_abbrev  0x00000936      0x283 src/ASF/sam0/drivers/port/port.o
 .debug_abbrev  0x00000bb9      0x378 src/ASF/sam0/drivers/sercom/sercom.o
 .debug_abbrev  0x00000f31      0x2d8 src/ASF/sam0/drivers/sercom/sercom_interrupt.o
 .debug_abbrev  0x00001209      0x467 src/ASF/sam0/drivers/sercom/usart/usart.o
 .debug_abbrev  0x00001670      0x416 src/ASF/sam0/drivers/sercom/usart/usart_interrupt.o
 .debug_abbrev  0x00001a86      0x449 src/ASF/sam0/drivers/system/clock/clock_samc20_c21/clock.o
 .debug_abbrev  0x00001ecf      0x405 src/ASF/sam0/drivers/system/clock/clock_samc20_c21/gclk.o
 .debug_abbrev  0x000022d4      0x34c src/ASF/sam0/drivers/system/pinmux/pinmux.o
 .debug_abbrev  0x00002620      0x1e1 src/ASF/sam0/drivers/system/system.o
 .debug_abbrev  0x00002801      0x14f src/ASF/sam0/utils/cmsis/samc21/source/gcc/startup_samc21.o
 .debug_abbrev  0x00002950      0x218 src/ASF/sam0/utils/stdio/read.o
 .debug_abbrev  0x00002b68      0x203 src/ASF/sam0/utils/stdio/write.o
 .debug_abbrev  0x00002d6b      0x257 src/ASF/sam0/utils/syscalls/gcc/syscalls.o
 .debug_abbrev  0x00002fc2      0x4aa src/qs_can_basic.o

.debug_aranges  0x00000000      0x508
 .debug_aranges
                0x00000000       0x28 src/ASF/common/utils/interrupt/interrupt_sam_nvic.o
 .debug_aranges
                0x00000028       0x20 src/ASF/sam0/boards/samc21_xplained_pro/board_init.o
 .debug_aranges
                0x00000048       0xd0 src/ASF/sam0/drivers/can/can.o
 .debug_aranges
                0x00000118       0x28 src/ASF/sam0/drivers/port/port.o
 .debug_aranges
                0x00000140       0x48 src/ASF/sam0/drivers/sercom/sercom.o
 .debug_aranges
                0x00000188       0x60 src/ASF/sam0/drivers/sercom/sercom_interrupt.o
 .debug_aranges
                0x000001e8       0x40 src/ASF/sam0/drivers/sercom/usart/usart.o
 .debug_aranges
                0x00000228       0x70 src/ASF/sam0/drivers/sercom/usart/usart_interrupt.o
 .debug_aranges
                0x00000298       0x78 src/ASF/sam0/drivers/system/clock/clock_samc20_c21/clock.o
 .debug_aranges
                0x00000310       0x80 src/ASF/sam0/drivers/system/clock/clock_samc20_c21/gclk.o
 .debug_aranges
                0x00000390       0x40 src/ASF/sam0/drivers/system/pinmux/pinmux.o
 .debug_aranges
                0x000003d0       0x28 src/ASF/sam0/drivers/system/system.o
 .debug_aranges
                0x000003f8       0x28 src/ASF/sam0/utils/cmsis/samc21/source/gcc/startup_samc21.o
 .debug_aranges
                0x00000420       0x20 src/ASF/sam0/utils/stdio/read.o
 .debug_aranges
                0x00000440       0x20 src/ASF/sam0/utils/stdio/write.o
 .debug_aranges
                0x00000460       0x60 src/ASF/sam0/utils/syscalls/gcc/syscalls.o
 .debug_aranges
                0x000004c0       0x48 src/qs_can_basic.o

.debug_ranges   0x00000000      0x5a8
 .debug_ranges  0x00000000       0x18 src/ASF/common/utils/interrupt/interrupt_sam_nvic.o
 .debug_ranges  0x00000018       0x10 src/ASF/sam0/boards/samc21_xplained_pro/board_init.o
 .debug_ranges  0x00000028       0xe0 src/ASF/sam0/drivers/can/can.o
 .debug_ranges  0x00000108       0x18 src/ASF/sam0/drivers/port/port.o
 .debug_ranges  0x00000120       0x50 src/ASF/sam0/drivers/sercom/sercom.o
 .debug_ranges  0x00000170       0x50 src/ASF/sam0/drivers/sercom/sercom_interrupt.o
 .debug_ranges  0x000001c0      0x140 src/ASF/sam0/drivers/sercom/usart/usart.o
 .debug_ranges  0x00000300       0x60 src/ASF/sam0/drivers/sercom/usart/usart_interrupt.o
 .debug_ranges  0x00000360       0x80 src/ASF/sam0/drivers/system/clock/clock_samc20_c21/clock.o
 .debug_ranges  0x000003e0       0x88 src/ASF/sam0/drivers/system/clock/clock_samc20_c21/gclk.o
 .debug_ranges  0x00000468       0x30 src/ASF/sam0/drivers/system/pinmux/pinmux.o
 .debug_ranges  0x00000498       0x18 src/ASF/sam0/drivers/system/system.o
 .debug_ranges  0x000004b0       0x18 src/ASF/sam0/utils/cmsis/samc21/source/gcc/startup_samc21.o
 .debug_ranges  0x000004c8       0x10 src/ASF/sam0/utils/stdio/read.o
 .debug_ranges  0x000004d8       0x10 src/ASF/sam0/utils/stdio/write.o
 .debug_ranges  0x000004e8       0x50 src/ASF/sam0/utils/syscalls/gcc/syscalls.o
 .debug_ranges  0x00000538       0x70 src/qs_can_basic.o

.debug_macro    0x00000000    0x1ff05
 .debug_macro   0x00000000      0x5e0 src/ASF/common/utils/interrupt/interrupt_sam_nvic.o
 .debug_macro   0x000005e0      0x8b6 src/ASF/common/utils/interrupt/interrupt_sam_nvic.o
 .debug_macro   0x00000e96      0x16d src/ASF/common/utils/interrupt/interrupt_sam_nvic.o
 .debug_macro   0x00001003      0x71d src/ASF/common/utils/interrupt/interrupt_sam_nvic.o
 .debug_macro   0x00001720       0x22 src/ASF/common/utils/interrupt/interrupt_sam_nvic.o
 .debug_macro   0x00001742       0x87 src/ASF/common/utils/interrupt/interrupt_sam_nvic.o
 .debug_macro   0x000017c9       0x51 src/ASF/common/utils/interrupt/interrupt_sam_nvic.o
 .debug_macro   0x0000181a       0xef src/ASF/common/utils/interrupt/interrupt_sam_nvic.o
 .debug_macro   0x00001909       0x6a src/ASF/common/utils/interrupt/interrupt_sam_nvic.o
 .debug_macro   0x00001973      0x1df src/ASF/common/utils/interrupt/interrupt_sam_nvic.o
 .debug_macro   0x00001b52       0x10 src/ASF/common/utils/interrupt/interrupt_sam_nvic.o
 .debug_macro   0x00001b62       0x76 src/ASF/common/utils/interrupt/interrupt_sam_nvic.o
 .debug_macro   0x00001bd8       0x16 src/ASF/common/utils/interrupt/interrupt_sam_nvic.o
 .debug_macro   0x00001bee      0x6db src/ASF/common/utils/interrupt/interrupt_sam_nvic.o
 .debug_macro   0x000022c9      0xdd8 src/ASF/common/utils/interrupt/interrupt_sam_nvic.o
 .debug_macro   0x000030a1       0x22 src/ASF/common/utils/interrupt/interrupt_sam_nvic.o
 .debug_macro   0x000030c3       0x40 src/ASF/common/utils/interrupt/interrupt_sam_nvic.o
 .debug_macro   0x00003103       0x1c src/ASF/common/utils/interrupt/interrupt_sam_nvic.o
 .debug_macro   0x0000311f       0x22 src/ASF/common/utils/interrupt/interrupt_sam_nvic.o
 .debug_macro   0x00003141       0xb5 src/ASF/common/utils/interrupt/interrupt_sam_nvic.o
 .debug_macro   0x000031f6      0x4da src/ASF/common/utils/interrupt/interrupt_sam_nvic.o
 .debug_macro   0x000036d0      0x11f src/ASF/common/utils/interrupt/interrupt_sam_nvic.o
 .debug_macro   0x000037ef      0x897 src/ASF/common/utils/interrupt/interrupt_sam_nvic.o
 .debug_macro   0x00004086      0x8c4 src/ASF/common/utils/interrupt/interrupt_sam_nvic.o
 .debug_macro   0x0000494a     0x2d61 src/ASF/common/utils/interrupt/interrupt_sam_nvic.o
 .debug_macro   0x000076ab      0x222 src/ASF/common/utils/interrupt/interrupt_sam_nvic.o
 .debug_macro   0x000078cd      0x286 src/ASF/common/utils/interrupt/interrupt_sam_nvic.o
 .debug_macro   0x00007b53      0x137 src/ASF/common/utils/interrupt/interrupt_sam_nvic.o
 .debug_macro   0x00007c8a      0xc3a src/ASF/common/utils/interrupt/interrupt_sam_nvic.o
 .debug_macro   0x000088c4      0x5f0 src/ASF/common/utils/interrupt/interrupt_sam_nvic.o
 .debug_macro   0x00008eb4      0x5be src/ASF/common/utils/interrupt/interrupt_sam_nvic.o
 .debug_macro   0x00009472      0x828 src/ASF/common/utils/interrupt/interrupt_sam_nvic.o
 .debug_macro   0x00009c9a      0x172 src/ASF/common/utils/interrupt/interrupt_sam_nvic.o
 .debug_macro   0x00009e0c      0x286 src/ASF/common/utils/interrupt/interrupt_sam_nvic.o
 .debug_macro   0x0000a092      0x55f src/ASF/common/utils/interrupt/interrupt_sam_nvic.o
 .debug_macro   0x0000a5f1      0x433 src/ASF/common/utils/interrupt/interrupt_sam_nvic.o
 .debug_macro   0x0000aa24      0x21c src/ASF/common/utils/interrupt/interrupt_sam_nvic.o
 .debug_macro   0x0000ac40      0x7a2 src/ASF/common/utils/interrupt/interrupt_sam_nvic.o
 .debug_macro   0x0000b3e2      0x557 src/ASF/common/utils/interrupt/interrupt_sam_nvic.o
 .debug_macro   0x0000b939      0x335 src/ASF/common/utils/interrupt/interrupt_sam_nvic.o
 .debug_macro   0x0000bc6e      0x6ab src/ASF/common/utils/interrupt/interrupt_sam_nvic.o
 .debug_macro   0x0000c319       0xc4 src/ASF/common/utils/interrupt/interrupt_sam_nvic.o
 .debug_macro   0x0000c3dd      0x349 src/ASF/common/utils/interrupt/interrupt_sam_nvic.o
 .debug_macro   0x0000c726       0x6a src/ASF/common/utils/interrupt/interrupt_sam_nvic.o
 .debug_macro   0x0000c790     0x1216 src/ASF/common/utils/interrupt/interrupt_sam_nvic.o
 .debug_macro   0x0000d9a6      0x5a9 src/ASF/common/utils/interrupt/interrupt_sam_nvic.o
 .debug_macro   0x0000df4f      0xfc5 src/ASF/common/utils/interrupt/interrupt_sam_nvic.o
 .debug_macro   0x0000ef14      0x5a1 src/ASF/common/utils/interrupt/interrupt_sam_nvic.o
 .debug_macro   0x0000f4b5      0x3c4 src/ASF/common/utils/interrupt/interrupt_sam_nvic.o
 .debug_macro   0x0000f879      0x8b2 src/ASF/common/utils/interrupt/interrupt_sam_nvic.o
 .debug_macro   0x0001012b     0x19c2 src/ASF/common/utils/interrupt/interrupt_sam_nvic.o
 .debug_macro   0x00011aed      0x39c src/ASF/common/utils/interrupt/interrupt_sam_nvic.o
 .debug_macro   0x00011e89      0x36e src/ASF/common/utils/interrupt/interrupt_sam_nvic.o
 .debug_macro   0x000121f7       0x94 src/ASF/common/utils/interrupt/interrupt_sam_nvic.o
 .debug_macro   0x0001228b       0xac src/ASF/common/utils/interrupt/interrupt_sam_nvic.o
 .debug_macro   0x00012337       0xac src/ASF/common/utils/interrupt/interrupt_sam_nvic.o
 .debug_macro   0x000123e3      0x14d src/ASF/common/utils/interrupt/interrupt_sam_nvic.o
 .debug_macro   0x00012530      0x14d src/ASF/common/utils/interrupt/interrupt_sam_nvic.o
 .debug_macro   0x0001267d       0x4c src/ASF/common/utils/interrupt/interrupt_sam_nvic.o
 .debug_macro   0x000126c9       0x58 src/ASF/common/utils/interrupt/interrupt_sam_nvic.o
 .debug_macro   0x00012721       0x3a src/ASF/common/utils/interrupt/interrupt_sam_nvic.o
 .debug_macro   0x0001275b       0xd0 src/ASF/common/utils/interrupt/interrupt_sam_nvic.o
 .debug_macro   0x0001282b       0xb8 src/ASF/common/utils/interrupt/interrupt_sam_nvic.o
 .debug_macro   0x000128e3       0x64 src/ASF/common/utils/interrupt/interrupt_sam_nvic.o
 .debug_macro   0x00012947      0x5fe src/ASF/common/utils/interrupt/interrupt_sam_nvic.o
 .debug_macro   0x00012f45       0x46 src/ASF/common/utils/interrupt/interrupt_sam_nvic.o
 .debug_macro   0x00012f8b      0x1c2 src/ASF/common/utils/interrupt/interrupt_sam_nvic.o
 .debug_macro   0x0001314d      0x188 src/ASF/common/utils/interrupt/interrupt_sam_nvic.o
 .debug_macro   0x000132d5       0x52 src/ASF/common/utils/interrupt/interrupt_sam_nvic.o
 .debug_macro   0x00013327       0xa0 src/ASF/common/utils/interrupt/interrupt_sam_nvic.o
 .debug_macro   0x000133c7       0xdc src/ASF/common/utils/interrupt/interrupt_sam_nvic.o
 .debug_macro   0x000134a3       0x8e src/ASF/common/utils/interrupt/interrupt_sam_nvic.o
 .debug_macro   0x00013531       0x4c src/ASF/common/utils/interrupt/interrupt_sam_nvic.o
 .debug_macro   0x0001357d       0x64 src/ASF/common/utils/interrupt/interrupt_sam_nvic.o
 .debug_macro   0x000135e1       0x22 src/ASF/common/utils/interrupt/interrupt_sam_nvic.o
 .debug_macro   0x00013603      0x16e src/ASF/common/utils/interrupt/interrupt_sam_nvic.o
 .debug_macro   0x00013771       0x16 src/ASF/common/utils/interrupt/interrupt_sam_nvic.o
 .debug_macro   0x00013787       0xd6 src/ASF/common/utils/interrupt/interrupt_sam_nvic.o
 .debug_macro   0x0001385d       0xa0 src/ASF/common/utils/interrupt/interrupt_sam_nvic.o
 .debug_macro   0x000138fd      0x136 src/ASF/common/utils/interrupt/interrupt_sam_nvic.o
 .debug_macro   0x00013a33      0x136 src/ASF/common/utils/interrupt/interrupt_sam_nvic.o
 .debug_macro   0x00013b69      0x136 src/ASF/common/utils/interrupt/interrupt_sam_nvic.o
 .debug_macro   0x00013c9f      0x136 src/ASF/common/utils/interrupt/interrupt_sam_nvic.o
 .debug_macro   0x00013dd5      0x136 src/ASF/common/utils/interrupt/interrupt_sam_nvic.o
 .debug_macro   0x00013f0b      0x136 src/ASF/common/utils/interrupt/interrupt_sam_nvic.o
 .debug_macro   0x00014041       0x4c src/ASF/common/utils/interrupt/interrupt_sam_nvic.o
 .debug_macro   0x0001408d      0x16c src/ASF/common/utils/interrupt/interrupt_sam_nvic.o
 .debug_macro   0x000141f9       0xfa src/ASF/common/utils/interrupt/interrupt_sam_nvic.o
 .debug_macro   0x000142f3       0xfa src/ASF/common/utils/interrupt/interrupt_sam_nvic.o
 .debug_macro   0x000143ed       0xfa src/ASF/common/utils/interrupt/interrupt_sam_nvic.o
 .debug_macro   0x000144e7       0xfa src/ASF/common/utils/interrupt/interrupt_sam_nvic.o
 .debug_macro   0x000145e1       0xfa src/ASF/common/utils/interrupt/interrupt_sam_nvic.o
 .debug_macro   0x000146db      0x124 src/ASF/common/utils/interrupt/interrupt_sam_nvic.o
 .debug_macro   0x000147ff       0xfa src/ASF/common/utils/interrupt/interrupt_sam_nvic.o
 .debug_macro   0x000148f9       0xee src/ASF/common/utils/interrupt/interrupt_sam_nvic.o
 .debug_macro   0x000149e7       0x76 src/ASF/common/utils/interrupt/interrupt_sam_nvic.o
 .debug_macro   0x00014a5d       0x3a src/ASF/common/utils/interrupt/interrupt_sam_nvic.o
 .debug_macro   0x00014a97      0x487 src/ASF/common/utils/interrupt/interrupt_sam_nvic.o
 .debug_macro   0x00014f1e     0x2683 src/ASF/common/utils/interrupt/interrupt_sam_nvic.o
 .debug_macro   0x000175a1       0x82 src/ASF/common/utils/interrupt/interrupt_sam_nvic.o
 .debug_macro   0x00017623       0x58 src/ASF/common/utils/interrupt/interrupt_sam_nvic.o
 .debug_macro   0x0001767b       0x35 src/ASF/common/utils/interrupt/interrupt_sam_nvic.o
 .debug_macro   0x000176b0       0x9c src/ASF/common/utils/interrupt/interrupt_sam_nvic.o
 .debug_macro   0x0001774c       0x16 src/ASF/common/utils/interrupt/interrupt_sam_nvic.o
 .debug_macro   0x00017762       0x35 src/ASF/common/utils/interrupt/interrupt_sam_nvic.o
 .debug_macro   0x00017797      0x34d src/ASF/common/utils/interrupt/interrupt_sam_nvic.o
 .debug_macro   0x00017ae4       0x10 src/ASF/common/utils/interrupt/interrupt_sam_nvic.o
 .debug_macro   0x00017af4       0x58 src/ASF/common/utils/interrupt/interrupt_sam_nvic.o
 .debug_macro   0x00017b4c       0x1f src/ASF/common/utils/interrupt/interrupt_sam_nvic.o
 .debug_macro   0x00017b6b       0x43 src/ASF/common/utils/interrupt/interrupt_sam_nvic.o
 .debug_macro   0x00017bae       0x20 src/ASF/common/utils/interrupt/interrupt_sam_nvic.o
 .debug_macro   0x00017bce      0x187 src/ASF/common/utils/interrupt/interrupt_sam_nvic.o
 .debug_macro   0x00017d55       0x10 src/ASF/common/utils/interrupt/interrupt_sam_nvic.o
 .debug_macro   0x00017d65       0x1c src/ASF/common/utils/interrupt/interrupt_sam_nvic.o
 .debug_macro   0x00017d81       0x52 src/ASF/common/utils/interrupt/interrupt_sam_nvic.o
 .debug_macro   0x00017dd3       0x40 src/ASF/common/utils/interrupt/interrupt_sam_nvic.o
 .debug_macro   0x00017e13       0x10 src/ASF/common/utils/interrupt/interrupt_sam_nvic.o
 .debug_macro   0x00017e23       0x40 src/ASF/common/utils/interrupt/interrupt_sam_nvic.o
 .debug_macro   0x00017e63       0xd7 src/ASF/common/utils/interrupt/interrupt_sam_nvic.o
 .debug_macro   0x00017f3a       0x16 src/ASF/common/utils/interrupt/interrupt_sam_nvic.o
 .debug_macro   0x00017f50      0x18b src/ASF/common/utils/interrupt/interrupt_sam_nvic.o
 .debug_macro   0x000180db       0x16 src/ASF/common/utils/interrupt/interrupt_sam_nvic.o
 .debug_macro   0x000180f1       0x16 src/ASF/common/utils/interrupt/interrupt_sam_nvic.o
 .debug_macro   0x00018107       0x29 src/ASF/common/utils/interrupt/interrupt_sam_nvic.o
 .debug_macro   0x00018130       0x51 src/ASF/common/utils/interrupt/interrupt_sam_nvic.o
 .debug_macro   0x00018181      0x3df src/ASF/common/utils/interrupt/interrupt_sam_nvic.o
 .debug_macro   0x00018560       0x3e src/ASF/common/utils/interrupt/interrupt_sam_nvic.o
 .debug_macro   0x0001859e      0x621 src/ASF/sam0/boards/samc21_xplained_pro/board_init.o
 .debug_macro   0x00018bbf      0x2df src/ASF/sam0/boards/samc21_xplained_pro/board_init.o
 .debug_macro   0x00018e9e      0x7e6 src/ASF/sam0/boards/samc21_xplained_pro/board_init.o
 .debug_macro   0x00019684       0x18 src/ASF/sam0/boards/samc21_xplained_pro/board_init.o
 .debug_macro   0x0001969c       0x19 src/ASF/sam0/boards/samc21_xplained_pro/board_init.o
 .debug_macro   0x000196b5      0x66a src/ASF/sam0/drivers/can/can.o
 .debug_macro   0x00019d1f       0xa0 src/ASF/sam0/drivers/can/can.o
 .debug_macro   0x00019dbf      0x36c src/ASF/sam0/drivers/can/can.o
 .debug_macro   0x0001a12b       0x16 src/ASF/sam0/drivers/can/can.o
 .debug_macro   0x0001a141      0x5fc src/ASF/sam0/drivers/port/port.o
 .debug_macro   0x0001a73d      0x67a src/ASF/sam0/drivers/sercom/sercom.o
 .debug_macro   0x0001adb7       0x2e src/ASF/sam0/drivers/sercom/sercom.o
 .debug_macro   0x0001ade5       0xb2 src/ASF/sam0/drivers/sercom/sercom.o
 .debug_macro   0x0001ae97       0x10 src/ASF/sam0/drivers/sercom/sercom.o
 .debug_macro   0x0001aea7      0x678 src/ASF/sam0/drivers/sercom/sercom_interrupt.o
 .debug_macro   0x0001b51f      0x68e src/ASF/sam0/drivers/sercom/usart/usart.o
 .debug_macro   0x0001bbad       0x5f src/ASF/sam0/drivers/sercom/usart/usart.o
 .debug_macro   0x0001bc0c      0x68f src/ASF/sam0/drivers/sercom/usart/usart_interrupt.o
 .debug_macro   0x0001c29b      0x650 src/ASF/sam0/drivers/system/clock/clock_samc20_c21/clock.o
 .debug_macro   0x0001c8eb      0x261 src/ASF/sam0/drivers/system/clock/clock_samc20_c21/clock.o
 .debug_macro   0x0001cb4c      0x61c src/ASF/sam0/drivers/system/clock/clock_samc20_c21/gclk.o
 .debug_macro   0x0001d168      0x5f1 src/ASF/sam0/drivers/system/pinmux/pinmux.o
 .debug_macro   0x0001d759       0x12 src/ASF/sam0/drivers/system/pinmux/pinmux.o
 .debug_macro   0x0001d76b      0x62c src/ASF/sam0/drivers/system/system.o
 .debug_macro   0x0001dd97      0x3c4 src/ASF/sam0/utils/cmsis/samc21/source/gcc/startup_samc21.o
 .debug_macro   0x0001e15b       0x3a src/ASF/sam0/utils/cmsis/samc21/source/gcc/startup_samc21.o
 .debug_macro   0x0001e195      0x5e0 src/ASF/sam0/utils/stdio/read.o
 .debug_macro   0x0001e775      0x5e0 src/ASF/sam0/utils/stdio/write.o
 .debug_macro   0x0001ed55      0x1d6 src/ASF/sam0/utils/syscalls/gcc/syscalls.o
 .debug_macro   0x0001ef2b       0x52 src/ASF/sam0/utils/syscalls/gcc/syscalls.o
 .debug_macro   0x0001ef7d       0x8d src/ASF/sam0/utils/syscalls/gcc/syscalls.o
 .debug_macro   0x0001f00a       0x57 src/ASF/sam0/utils/syscalls/gcc/syscalls.o
 .debug_macro   0x0001f061       0x97 src/ASF/sam0/utils/syscalls/gcc/syscalls.o
 .debug_macro   0x0001f0f8      0x353 src/ASF/sam0/utils/syscalls/gcc/syscalls.o
 .debug_macro   0x0001f44b       0xf6 src/ASF/sam0/utils/syscalls/gcc/syscalls.o
 .debug_macro   0x0001f541       0x4c src/ASF/sam0/utils/syscalls/gcc/syscalls.o
 .debug_macro   0x0001f58d       0x16 src/ASF/sam0/utils/syscalls/gcc/syscalls.o
 .debug_macro   0x0001f5a3       0x10 src/ASF/sam0/utils/syscalls/gcc/syscalls.o
 .debug_macro   0x0001f5b3       0x10 src/ASF/sam0/utils/syscalls/gcc/syscalls.o
 .debug_macro   0x0001f5c3       0x35 src/ASF/sam0/utils/syscalls/gcc/syscalls.o
 .debug_macro   0x0001f5f8      0x122 src/ASF/sam0/utils/syscalls/gcc/syscalls.o
 .debug_macro   0x0001f71a      0x767 src/qs_can_basic.o
 .debug_macro   0x0001fe81       0x1f src/qs_can_basic.o
 .debug_macro   0x0001fea0       0x65 src/qs_can_basic.o

.debug_line     0x00000000     0xbf4d
 .debug_line    0x00000000      0x9bc src/ASF/common/utils/interrupt/interrupt_sam_nvic.o
 .debug_line    0x000009bc      0xa67 src/ASF/sam0/boards/samc21_xplained_pro/board_init.o
 .debug_line    0x00001423      0xdf5 src/ASF/sam0/drivers/can/can.o
 .debug_line    0x00002218      0x9ee src/ASF/sam0/drivers/port/port.o
 .debug_line    0x00002c06      0xcbc src/ASF/sam0/drivers/sercom/sercom.o
 .debug_line    0x000038c2      0xc60 src/ASF/sam0/drivers/sercom/sercom_interrupt.o
 .debug_line    0x00004522      0xe01 src/ASF/sam0/drivers/sercom/usart/usart.o
 .debug_line    0x00005323      0xdb8 src/ASF/sam0/drivers/sercom/usart/usart_interrupt.o
 .debug_line    0x000060db      0xd67 src/ASF/sam0/drivers/system/clock/clock_samc20_c21/clock.o
 .debug_line    0x00006e42      0xcfd src/ASF/sam0/drivers/system/clock/clock_samc20_c21/gclk.o
 .debug_line    0x00007b3f      0xa3b src/ASF/sam0/drivers/system/pinmux/pinmux.o
 .debug_line    0x0000857a      0xad6 src/ASF/sam0/drivers/system/system.o
 .debug_line    0x00009050      0x739 src/ASF/sam0/utils/cmsis/samc21/source/gcc/startup_samc21.o
 .debug_line    0x00009789      0x99f src/ASF/sam0/utils/stdio/read.o
 .debug_line    0x0000a128      0x993 src/ASF/sam0/utils/stdio/write.o
 .debug_line    0x0000aabb      0x409 src/ASF/sam0/utils/syscalls/gcc/syscalls.o
 .debug_line    0x0000aec4     0x1089 src/qs_can_basic.o

.debug_str      0x00000000    0xa482a
 .debug_str     0x00000000    0x965eb src/ASF/common/utils/interrupt/interrupt_sam_nvic.o
                              0x9717a (size before relaxing)
 .debug_str     0x000965eb     0x33d0 src/ASF/sam0/boards/samc21_xplained_pro/board_init.o
                              0x9a4ed (size before relaxing)
 .debug_str     0x000999bb     0x411d src/ASF/sam0/drivers/can/can.o
                              0x9b328 (size before relaxing)
 .debug_str     0x0009dad8      0x18d src/ASF/sam0/drivers/port/port.o
                              0x9761e (size before relaxing)
 .debug_str     0x0009dc65     0x123e src/ASF/sam0/drivers/sercom/sercom.o
                              0x988c9 (size before relaxing)
 .debug_str     0x0009eea3      0x5f8 src/ASF/sam0/drivers/sercom/sercom_interrupt.o
                              0x987c2 (size before relaxing)
 .debug_str     0x0009f49b      0xfd8 src/ASF/sam0/drivers/sercom/usart/usart.o
                              0x99903 (size before relaxing)
 .debug_str     0x000a0473      0x1d7 src/ASF/sam0/drivers/sercom/usart/usart_interrupt.o
                              0x98887 (size before relaxing)
 .debug_str     0x000a064a     0x2a00 src/ASF/sam0/drivers/system/clock/clock_samc20_c21/clock.o
                              0x9a456 (size before relaxing)
 .debug_str     0x000a304a      0x1b3 src/ASF/sam0/drivers/system/clock/clock_samc20_c21/gclk.o
                              0x97d33 (size before relaxing)
 .debug_str     0x000a31fd      0x179 src/ASF/sam0/drivers/system/pinmux/pinmux.o
                              0x9767a (size before relaxing)
 .debug_str     0x000a3376       0x47 src/ASF/sam0/drivers/system/system.o
                              0x9720a (size before relaxing)
 .debug_str     0x000a33bd      0x3f9 src/ASF/sam0/utils/cmsis/samc21/source/gcc/startup_samc21.o
                              0x81432 (size before relaxing)
 .debug_str     0x000a37b6       0x3d src/ASF/sam0/utils/stdio/read.o
                              0x97121 (size before relaxing)
 .debug_str     0x000a37f3       0x2c src/ASF/sam0/utils/stdio/write.o
                              0x97122 (size before relaxing)
 .debug_str     0x000a381f      0x766 src/ASF/sam0/utils/syscalls/gcc/syscalls.o
                               0x73a6 (size before relaxing)
 .debug_str     0x000a3f85      0x8a5 src/qs_can_basic.o
                              0xa0685 (size before relaxing)

.debug_frame    0x00000000     0x1834
 .debug_frame   0x00000000       0x30 src/ASF/common/utils/interrupt/interrupt_sam_nvic.o
 .debug_frame   0x00000030       0x30 src/ASF/sam0/boards/samc21_xplained_pro/board_init.o
 .debug_frame   0x00000060      0x1f0 src/ASF/sam0/drivers/can/can.o
 .debug_frame   0x00000250       0x44 src/ASF/sam0/drivers/port/port.o
 .debug_frame   0x00000294       0xbc src/ASF/sam0/drivers/sercom/sercom.o
 .debug_frame   0x00000350       0xe8 src/ASF/sam0/drivers/sercom/sercom_interrupt.o
 .debug_frame   0x00000438       0xac src/ASF/sam0/drivers/sercom/usart/usart.o
 .debug_frame   0x000004e4      0x110 src/ASF/sam0/drivers/sercom/usart/usart_interrupt.o
 .debug_frame   0x000005f4      0x150 src/ASF/sam0/drivers/system/clock/clock_samc20_c21/clock.o
 .debug_frame   0x00000744      0x150 src/ASF/sam0/drivers/system/clock/clock_samc20_c21/gclk.o
 .debug_frame   0x00000894       0x98 src/ASF/sam0/drivers/system/pinmux/pinmux.o
 .debug_frame   0x0000092c       0x38 src/ASF/sam0/drivers/system/system.o
 .debug_frame   0x00000964       0x38 src/ASF/sam0/utils/cmsis/samc21/source/gcc/startup_samc21.o
 .debug_frame   0x0000099c       0x34 src/ASF/sam0/utils/stdio/read.o
 .debug_frame   0x000009d0       0x34 src/ASF/sam0/utils/stdio/write.o
 .debug_frame   0x00000a04       0xa0 src/ASF/sam0/utils/syscalls/gcc/syscalls.o
 .debug_frame   0x00000aa4       0xcc src/qs_can_basic.o
 .debug_frame   0x00000b70       0x20 c:/program files (x86)/atmel/studio/7.0/toolchain/arm/arm-gnu-toolchain/bin/../lib/gcc/arm-none-eabi/6.3.1/thumb/v6-m\libgcc.a(_udivsi3.o)
 .debug_frame   0x00000b90       0x34 c:/program files (x86)/atmel/studio/7.0/toolchain/arm/arm-gnu-toolchain/bin/../lib/gcc/arm-none-eabi/6.3.1/thumb/v6-m\libgcc.a(_muldi3.o)
 .debug_frame   0x00000bc4       0x2c c:/program files (x86)/atmel/studio/7.0/toolchain/arm/arm-gnu-toolchain/bin/../lib/gcc/arm-none-eabi/6.3.1/../../../../arm-none-eabi/lib/thumb/v6-m\libc_nano.a(lib_a-init.o)
 .debug_frame   0x00000bf0       0x28 c:/program files (x86)/atmel/studio/7.0/toolchain/arm/arm-gnu-toolchain/bin/../lib/gcc/arm-none-eabi/6.3.1/../../../../arm-none-eabi/lib/thumb/v6-m\libc_nano.a(lib_a-memcpy-stub.o)
 .debug_frame   0x00000c18       0x20 c:/program files (x86)/atmel/studio/7.0/toolchain/arm/arm-gnu-toolchain/bin/../lib/gcc/arm-none-eabi/6.3.1/../../../../arm-none-eabi/lib/thumb/v6-m\libc_nano.a(lib_a-memset.o)
 .debug_frame   0x00000c38       0x50 c:/program files (x86)/atmel/studio/7.0/toolchain/arm/arm-gnu-toolchain/bin/../lib/gcc/arm-none-eabi/6.3.1/../../../../arm-none-eabi/lib/thumb/v6-m\libc_nano.a(lib_a-printf.o)
 .debug_frame   0x00000c88       0x44 c:/program files (x86)/atmel/studio/7.0/toolchain/arm/arm-gnu-toolchain/bin/../lib/gcc/arm-none-eabi/6.3.1/../../../../arm-none-eabi/lib/thumb/v6-m\libc_nano.a(lib_a-puts.o)
 .debug_frame   0x00000ccc       0x50 c:/program files (x86)/atmel/studio/7.0/toolchain/arm/arm-gnu-toolchain/bin/../lib/gcc/arm-none-eabi/6.3.1/../../../../arm-none-eabi/lib/thumb/v6-m\libc_nano.a(lib_a-scanf.o)
 .debug_frame   0x00000d1c       0x28 c:/program files (x86)/atmel/studio/7.0/toolchain/arm/arm-gnu-toolchain/bin/../lib/gcc/arm-none-eabi/6.3.1/../../../../arm-none-eabi/lib/thumb/v6-m\libc_nano.a(lib_a-setbuf.o)
 .debug_frame   0x00000d44       0x30 c:/program files (x86)/atmel/studio/7.0/toolchain/arm/arm-gnu-toolchain/bin/../lib/gcc/arm-none-eabi/6.3.1/../../../../arm-none-eabi/lib/thumb/v6-m\libc_nano.a(lib_a-setvbuf.o)
 .debug_frame   0x00000d74       0x48 c:/program files (x86)/atmel/studio/7.0/toolchain/arm/arm-gnu-toolchain/bin/../lib/gcc/arm-none-eabi/6.3.1/../../../../arm-none-eabi/lib/thumb/v6-m\libc_nano.a(lib_a-wbuf.o)
 .debug_frame   0x00000dbc       0x2c c:/program files (x86)/atmel/studio/7.0/toolchain/arm/arm-gnu-toolchain/bin/../lib/gcc/arm-none-eabi/6.3.1/../../../../arm-none-eabi/lib/thumb/v6-m\libc_nano.a(lib_a-wsetup.o)
 .debug_frame   0x00000de8       0x68 c:/program files (x86)/atmel/studio/7.0/toolchain/arm/arm-gnu-toolchain/bin/../lib/gcc/arm-none-eabi/6.3.1/../../../../arm-none-eabi/lib/thumb/v6-m\libc_nano.a(lib_a-fflush.o)
 .debug_frame   0x00000e50      0x140 c:/program files (x86)/atmel/studio/7.0/toolchain/arm/arm-gnu-toolchain/bin/../lib/gcc/arm-none-eabi/6.3.1/../../../../arm-none-eabi/lib/thumb/v6-m\libc_nano.a(lib_a-findfp.o)