Archive member included to satisfy reference by file (symbol)

c:/program files (x86)/atmel/studio/7.0/toolchain/arm/arm-gnu-toolchain/bin/../lib/gcc/arm-none-eabi/6.3.1/thumb/v6-m\libgcc.a(_udivsi3.o)
                              src/TempLib.o (__aeabi_uidiv)
c:/program files (x86)/atmel/studio/7.0/toolchain/arm/arm-gnu-toolchain/bin/../lib/gcc/arm-none-eabi/6.3.1/thumb/v6-m\libgcc.a(_divsi3.o)
                              src/Photon/photon.o (__aeabi_idiv)
c:/program files (x86)/atmel/studio/7.0/toolchain/arm/arm-gnu-toolchain/bin/../lib/gcc/arm-none-eabi/6.3.1/thumb/v6-m\libgcc.a(_dvmd_tls.o)
                              c:/program files (x86)/atmel/studio/7.0/toolchain/arm/arm-gnu-toolchain/bin/../lib/gcc/arm-none-eabi/6.3.1/thumb/v6-m\libgcc.a(_udivsi3.o) (__aeabi_idiv0)
c:/program files (x86)/atmel/studio/7.0/toolchain/arm/arm-gnu-toolchain/bin/../lib/gcc/arm-none-eabi/6.3.1/thumb/v6-m\libgcc.a(_muldi3.o)
                              src/ASCON/aead.o (__aeabi_lmul)
c:/program files (x86)/atmel/studio/7.0/toolchain/arm/arm-gnu-toolchain/bin/../lib/gcc/arm-none-eabi/6.3.1/../../../../arm-none-eabi/lib/thumb/v6-m\libc_nano.a(lib_a-calloc.o)
                              src/FourQ/schnorrq.o (calloc)
c:/program files (x86)/atmel/studio/7.0/toolchain/arm/arm-gnu-toolchain/bin/../lib/gcc/arm-none-eabi/6.3.1/../../../../arm-none-eabi/lib/thumb/v6-m\libc_nano.a(lib_a-exit.o)
                              c:/program files (x86)/atmel/studio/7.0/toolchain/arm/arm-gnu-toolchain/bin/../lib/gcc/arm-none-eabi/6.3.1/../../../../arm-none-eabi/lib/thumb/v6-m/crt0.o (exit)
c:/program files (x86)/atmel/studio/7.0/toolchain/arm/arm-gnu-toolchain/bin/../lib/gcc/arm-none-eabi/6.3.1/../../../../arm-none-eabi/lib/thumb/v6-m\libc_nano.a(lib_a-impure.o)
                              c:/program files (x86)/atmel/studio/7.0/toolchain/arm/arm-gnu-toolchain/bin/../lib/gcc/arm-none-eabi/6.3.1/../../../../arm-none-eabi/lib/thumb/v6-m\libc_nano.a(lib_a-exit.o) (_global_impure_ptr)
c:/program files (x86)/atmel/studio/7.0/toolchain/arm/arm-gnu-toolchain/bin/../lib/gcc/arm-none-eabi/6.3.1/../../../../arm-none-eabi/lib/thumb/v6-m\libc_nano.a(lib_a-init.o)
                              c:/program files (x86)/atmel/studio/7.0/toolchain/arm/arm-gnu-toolchain/bin/../lib/gcc/arm-none-eabi/6.3.1/../../../../arm-none-eabi/lib/thumb/v6-m/crt0.o (__libc_init_array)
c:/program files (x86)/atmel/studio/7.0/toolchain/arm/arm-gnu-toolchain/bin/../lib/gcc/arm-none-eabi/6.3.1/../../../../arm-none-eabi/lib/thumb/v6-m\libc_nano.a(lib_a-malloc.o)
                              src/FourQ/schnorrq.o (free)
c:/program files (x86)/atmel/studio/7.0/toolchain/arm/arm-gnu-toolchain/bin/../lib/gcc/arm-none-eabi/6.3.1/../../../../arm-none-eabi/lib/thumb/v6-m\libc_nano.a(lib_a-memcmp.o)
                              src/EncLib.o (memcmp)
c:/program files (x86)/atmel/studio/7.0/toolchain/arm/arm-gnu-toolchain/bin/../lib/gcc/arm-none-eabi/6.3.1/../../../../arm-none-eabi/lib/thumb/v6-m\libc_nano.a(lib_a-memcpy-stub.o)
                              src/TreeProtocol/node.o (memcpy)
c:/program files (x86)/atmel/studio/7.0/toolchain/arm/arm-gnu-toolchain/bin/../lib/gcc/arm-none-eabi/6.3.1/../../../../arm-none-eabi/lib/thumb/v6-m\libc_nano.a(lib_a-memmove.o)
                              src/TreeProtocol/node.o (memmove)
c:/program files (x86)/atmel/studio/7.0/toolchain/arm/arm-gnu-toolchain/bin/../lib/gcc/arm-none-eabi/6.3.1/../../../../arm-none-eabi/lib/thumb/v6-m\libc_nano.a(lib_a-memset.o)
                              c:/program files (x86)/atmel/studio/7.0/toolchain/arm/arm-gnu-toolchain/bin/../lib/gcc/arm-none-eabi/6.3.1/../../../../arm-none-eabi/lib/thumb/v6-m/crt0.o (memset)
c:/program files (x86)/atmel/studio/7.0/toolchain/arm/arm-gnu-toolchain/bin/../lib/gcc/arm-none-eabi/6.3.1/../../../../arm-none-eabi/lib/thumb/v6-m\libc_nano.a(lib_a-nano-callocr.o)
                              c:/program files (x86)/atmel/studio/7.0/toolchain/arm/arm-gnu-toolchain/bin/../lib/gcc/arm-none-eabi/6.3.1/../../../../arm-none-eabi/lib/thumb/v6-m\libc_nano.a(lib_a-calloc.o) (_calloc_r)
c:/program files (x86)/atmel/studio/7.0/toolchain/arm/arm-gnu-toolchain/bin/../lib/gcc/arm-none-eabi/6.3.1/../../../../arm-none-eabi/lib/thumb/v6-m\libc_nano.a(lib_a-nano-freer.o)
                              c:/program files (x86)/atmel/studio/7.0/toolchain/arm/arm-gnu-toolchain/bin/../lib/gcc/arm-none-eabi/6.3.1/../../../../arm-none-eabi/lib/thumb/v6-m\libc_nano.a(lib_a-malloc.o) (_free_r)
c:/program files (x86)/atmel/studio/7.0/toolchain/arm/arm-gnu-toolchain/bin/../lib/gcc/arm-none-eabi/6.3.1/../../../../arm-none-eabi/lib/thumb/v6-m\libc_nano.a(lib_a-nano-mallocr.o)
                              c:/program files (x86)/atmel/studio/7.0/toolchain/arm/arm-gnu-toolchain/bin/../lib/gcc/arm-none-eabi/6.3.1/../../../../arm-none-eabi/lib/thumb/v6-m\libc_nano.a(lib_a-malloc.o) (_malloc_r)
[...]
Memory Configuration

Name             Origin             Length             Attributes
rom              0x00000000         0x00040000         xr
ram              0x20000000         0x00008000         xrw
*default*        0x00000000         0xffffffff

Linker script and memory map

LOAD c:/program files (x86)/atmel/studio/7.0/toolchain/arm/arm-gnu-toolchain/bin/../lib/gcc/arm-none-eabi/6.3.1/thumb/v6-m/crti.o
LOAD c:/program files (x86)/atmel/studio/7.0/toolchain/arm/arm-gnu-toolchain/bin/../lib/gcc/arm-none-eabi/6.3.1/thumb/v6-m/crtbegin.o
LOAD c:/program files (x86)/atmel/studio/7.0/toolchain/arm/arm-gnu-toolchain/bin/../lib/gcc/arm-none-eabi/6.3.1/../../../../arm-none-eabi/lib/thumb/v6-m/crt0.o
LOAD src/Prf_endpoint.o
LOAD src/TreeProtocol/node.o
LOAD src/ASF/sam0/drivers/tc/tc_interrupt.o
LOAD src/ASF/sam0/drivers/tc/tc_sam_l_c/tc.o
LOAD src/FanLib.o
LOAD src/MotorLib.o
LOAD src/TempLib.o
LOAD src/ASF/sam0/drivers/tsens/tsens.o
LOAD src/ASF/sam0/drivers/tsens/tsens_callback.o
LOAD src/CANLib.o
LOAD src/EncLib.o
LOAD src/SHA512/sha512.o
LOAD src/ASCON/aead.o
LOAD src/ASCON/permutations.o
LOAD src/ASCON/printstate.o
LOAD src/ASF/common2/services/delay/sam0/systick_counter.o
LOAD src/Random/random.o
LOAD src/ASF/common/utils/interrupt/interrupt_sam_nvic.o
LOAD src/ASF/sam0/boards/samc21_xplained_pro/board_init.o
LOAD src/ASF/sam0/drivers/can/can.o
LOAD src/ASF/sam0/drivers/port/port.o
LOAD src/ASF/sam0/drivers/sercom/sercom.o
LOAD src/ASF/sam0/drivers/sercom/sercom_interrupt.o
LOAD src/ASF/sam0/drivers/sercom/usart/usart.o
LOAD src/ASF/sam0/drivers/sercom/usart/usart_interrupt.o
LOAD src/ASF/sam0/drivers/system/clock/clock_samc20_c21/clock.o
LOAD src/ASF/sam0/drivers/system/clock/clock_samc20_c21/gclk.o
LOAD src/ASF/sam0/drivers/system/interrupt/system_interrupt.o
LOAD src/ASF/sam0/drivers/system/pinmux/pinmux.o
LOAD src/ASF/sam0/drivers/system/system.o
LOAD src/ASF/sam0/utils/cmsis/samc21/source/gcc/startup_samc21.o
LOAD src/ASF/sam0/utils/cmsis/samc21/source/system_samc21.o
LOAD src/ASF/sam0/utils/stdio/read.o
LOAD src/ASF/sam0/utils/stdio/write.o
LOAD src/ASF/sam0/utils/syscalls/gcc/syscalls.o
LOAD src/FourQ/crypto_util.o
LOAD src/FourQ/eccp2.o
LOAD src/FourQ/eccp2_no_endo.o
LOAD src/FourQ/kex.o
LOAD src/FourQ/schnorrq.o
LOAD src/Photon/photon.o
LOAD src/qs_can_basic.o
START GROUP
LOAD ../src/ASF/thirdparty/CMSIS/Lib/GCC\libarm_cortexM0l_math.a
LOAD c:/program files (x86)/atmel/studio/7.0/toolchain/arm/arm-gnu-toolchain/bin/../lib/gcc/arm-none-eabi/6.3.1/../../../../arm-none-eabi/lib/thumb/v6-m\libm.a
END GROUP
START GROUP
LOAD c:/program files (x86)/atmel/studio/7.0/toolchain/arm/arm-gnu-toolchain/bin/../lib/gcc/arm-none-eabi/6.3.1/thumb/v6-m\libgcc.a
LOAD c:/program files (x86)/atmel/studio/7.0/toolchain/arm/arm-gnu-toolchain/bin/../lib/gcc/arm-none-eabi/6.3.1/../../../../arm-none-eabi/lib/thumb/v6-m\libc_nano.a
END GROUP
START GROUP
LOAD c:/program files (x86)/atmel/studio/7.0/toolchain/arm/arm-gnu-toolchain/bin/../lib/gcc/arm-none-eabi/6.3.1/thumb/v6-m\libgcc.a
LOAD c:/program files (x86)/atmel/studio/7.0/toolchain/arm/arm-gnu-toolchain/bin/../lib/gcc/arm-none-eabi/6.3.1/../../../../arm-none-eabi/lib/thumb/v6-m\libc_nano.a
END GROUP
LOAD c:/program files (x86)/atmel/studio/7.0/toolchain/arm/arm-gnu-toolchain/bin/../lib/gcc/arm-none-eabi/6.3.1/thumb/v6-m/crtend.o
LOAD c:/program files (x86)/atmel/studio/7.0/toolchain/arm/arm-gnu-toolchain/bin/../lib/gcc/arm-none-eabi/6.3.1/thumb/v6-m/crtn.o
                0x00004000                STACK_SIZE = DEFINED (STACK_SIZE)?STACK_SIZE:DEFINED (__stack_size__)?__stack_size__:0x4000

.text           0x00000000     0xaebc
                0x00000000                . = ALIGN (0x4)
                0x00000000                _sfixed = .
 *(.vectors .vectors.*)
 .vectors       0x00000000       0xbc src/ASF/sam0/utils/cmsis/samc21/source/gcc/startup_samc21.o
                0x00000000                exception_table
 *(.text .text.* .gnu.linkonce.t.*)
 .text          0x000000bc       0x60 c:/program files (x86)/atmel/studio/7.0/toolchain/arm/arm-gnu-toolchain/bin/../lib/gcc/arm-none-eabi/6.3.1/thumb/v6-m/crtbegin.o
 .text.def_cb_nodef_void
                0x0000011c        0x2 src/Prf_endpoint.o
                0x0000011c                def_cb_nodef_void
 *fill*         0x0000011e        0x2 
 .text.node_msg_cmd_to_len
                0x00000120       0x34 src/TreeProtocol/node.o
                0x00000120                node_msg_cmd_to_len
 .text.node_msg_addr_fill
                0x00000154       0x2a src/TreeProtocol/node.o
                0x00000154                node_msg_addr_fill
 *fill*         0x0000017e        0x2 
 .text.node_make_parent
                0x00000180       0x28 src/TreeProtocol/node.o
                0x00000180                node_make_parent
 .text.node_make_broadcast
                0x000001a8       0x30 src/TreeProtocol/node.o
                0x000001a8                node_make_broadcast
 .text.node_make_source_from_msg
                0x000001d8       0xe4 src/TreeProtocol/node.o
                0x000001d8                node_make_source_from_msg
 .text.node_msg_cmd_encrypted
                0x000002bc        0xe src/TreeProtocol/node.o
                0x000002bc                node_msg_cmd_encrypted
 *fill*         0x000002ca        0x2 
 .text.node_msg_send
                0x000002cc       0xec src/TreeProtocol/node.o
                0x000002cc                node_msg_send
 .text.node_msg_send_generic
                0x000003b8       0xdc src/TreeProtocol/node.o
                0x000003b8                node_msg_send_generic
 .text.node_msg_wait
                0x00000494      0x168 src/TreeProtocol/node.o
                0x00000494                node_msg_wait
 .text.node_msg_check
                0x000005fc      0x16c src/TreeProtocol/node.o
                0x000005fc                node_msg_check
 .text._tc_interrupt_handler
                0x00000768       0x64 src/ASF/sam0/drivers/tc/tc_interrupt.o
                0x00000768                _tc_interrupt_handler
 .text.TC0_Handler
                0x000007cc       0x10 src/ASF/sam0/drivers/tc/tc_interrupt.o
                0x000007cc                TC0_Handler
 .text.TC1_Handler
                0x000007dc       0x10 src/ASF/sam0/drivers/tc/tc_interrupt.o
                0x000007dc                TC1_Handler
 .text.TC2_Handler
                0x000007ec       0x10 src/ASF/sam0/drivers/tc/tc_interrupt.o
                0x000007ec                TC2_Handler
 .text.TC3_Handler
                0x000007fc       0x10 src/ASF/sam0/drivers/tc/tc_interrupt.o
                0x000007fc                TC3_Handler
 .text.TC4_Handler
                0x0000080c       0x10 src/ASF/sam0/drivers/tc/tc_interrupt.o
                0x0000080c                TC4_Handler
 .text.tsens_complete_callback
                0x0000081c        0xc src/TempLib.o
 .text.initTSENS
                0x00000828       0x68 src/TempLib.o
                0x00000828                initTSENS
 .text.set_tsens_offset
                0x00000890        0xc src/TempLib.o
                0x00000890                set_tsens_offset
 .text.get_tsens_offset
                0x0000089c        0xc src/TempLib.o
                0x0000089c                get_tsens_offset
 .text.tsens_get_temp
                0x000008a8       0x4c src/TempLib.o
                0x000008a8                tsens_get_temp
 .text.tsens_init
                0x000008f4       0xbc src/ASF/sam0/drivers/tsens/tsens.o
                0x000008f4                tsens_init
 .text.tsens_get_config_defaults
                0x000009b0       0x38 src/ASF/sam0/drivers/tsens/tsens.o
                0x000009b0                tsens_get_config_defaults
 .text.TSENS_Handler
                0x000009e8       0x60 src/ASF/sam0/drivers/tsens/tsens_callback.o
                0x000009e8                TSENS_Handler
 .text.tsens_register_callback
                0x00000a48       0x1c src/ASF/sam0/drivers/tsens/tsens_callback.o
                0x00000a48                tsens_register_callback
 .text.tsens_read_job
                0x00000a64       0x24 src/ASF/sam0/drivers/tsens/tsens_callback.o
                0x00000a64                tsens_read_job
 .text.CAN_Rx   0x00000a88       0x58 src/CANLib.o
                0x00000a88                CAN_Rx
 .text.num_to_CAN
                0x00000ae0       0x20 src/CANLib.o
                0x00000ae0                num_to_CAN
 .text.CAN_Tx_Raw
                0x00000b00       0xd8 src/CANLib.o
                0x00000b00                CAN_Tx_Raw
 .text.CAN_Tx   0x00000bd8       0x40 src/CANLib.o
                0x00000bd8                CAN_Tx
 .text.network_start_listening
                0x00000c18       0x30 src/CANLib.o
                0x00000c18                network_start_listening
 .text.network_send
                0x00000c48       0xa4 src/CANLib.o
                0x00000c48                network_send
 .text.network_check_any
                0x00000cec      0x2e8 src/CANLib.o
                0x00000cec                network_check_any
 .text.InitKWIDKeyData
                0x00000fd4       0x50 src/EncLib.o
                0x00000fd4                InitKWIDKeyData
 .text.authToParent
                0x00001024      0x218 src/EncLib.o
                0x00001024                authToParent
 .text.crypto_aead_encrypt
                0x0000123c      0x89c src/ASCON/aead.o
                0x0000123c                crypto_aead_encrypt
 .text.crypto_aead_decrypt
                0x00001ad8      0x938 src/ASCON/aead.o
                0x00001ad8                crypto_aead_decrypt
 .text.cpu_irq_enter_critical
                0x00002410       0x40 src/ASF/common/utils/interrupt/interrupt_sam_nvic.o
                0x00002410                cpu_irq_enter_critical
 .text.cpu_irq_leave_critical
                0x00002450       0x30 src/ASF/common/utils/interrupt/interrupt_sam_nvic.o
                0x00002450                cpu_irq_leave_critical
 .text.system_board_init
                0x00002480       0x34 src/ASF/sam0/boards/samc21_xplained_pro/board_init.o
                0x00002480                board_init
                0x00002480                system_board_init
 .text._can_enable_peripheral_clock
                0x000024b4       0x38 src/ASF/sam0/drivers/can/can.o
 .text.can_init
                0x000024ec      0x304 src/ASF/sam0/drivers/can/can.o
                0x000024ec                can_init
 .text.can_start
                0x000027f0       0x16 src/ASF/sam0/drivers/can/can.o
                0x000027f0                can_start
 .text.can_enable_fd_mode
                0x00002806       0x34 src/ASF/sam0/drivers/can/can.o
                0x00002806                can_enable_fd_mode
 *fill*         0x0000283a        0x2 
 .text.can_set_rx_standard_filter
                0x0000283c       0x3c src/ASF/sam0/drivers/can/can.o
                0x0000283c                can_set_rx_standard_filter
 .text.can_get_rx_buffer_element
                0x00002878       0x58 src/ASF/sam0/drivers/can/can.o
                0x00002878                can_get_rx_buffer_element
 .text.can_set_tx_buffer_element
                0x000028d0       0x8c src/ASF/sam0/drivers/can/can.o
                0x000028d0                can_set_tx_buffer_element
 .text.port_pin_set_config
                0x0000295c       0x24 src/ASF/sam0/drivers/port/port.o
                0x0000295c                port_pin_set_config
 .text.long_division
                0x00002980       0xba src/ASF/sam0/drivers/sercom/sercom.o
 .text._sercom_get_sync_baud_val
                0x00002a3a       0x28 src/ASF/sam0/drivers/sercom/sercom.o
                0x00002a3a                _sercom_get_sync_baud_val
 *fill*         0x00002a62        0x2 
 .text._sercom_get_async_baud_val
                0x00002a64       0x94 src/ASF/sam0/drivers/sercom/sercom.o
                0x00002a64                _sercom_get_async_baud_val
 .text.sercom_set_gclk_generator
                0x00002af8       0x4c src/ASF/sam0/drivers/sercom/sercom.o
                0x00002af8                sercom_set_gclk_generator
 .text._sercom_get_default_pad
                0x00002b44      0x17c src/ASF/sam0/drivers/sercom/sercom.o
                0x00002b44                _sercom_get_default_pad
 .text._sercom_get_sercom_inst_index
                0x00002cc0       0x38 src/ASF/sam0/drivers/sercom/sercom.o
                0x00002cc0                _sercom_get_sercom_inst_index
 .text._sercom_default_handler
                0x00002cf8        0x2 src/ASF/sam0/drivers/sercom/sercom_interrupt.o
 *fill*         0x00002cfa        0x2 
 .text._sercom_set_handler
                0x00002cfc       0x3c src/ASF/sam0/drivers/sercom/sercom_interrupt.o
                0x00002cfc                _sercom_set_handler
 .text._sercom_get_interrupt_vector
                0x00002d38       0x30 src/ASF/sam0/drivers/sercom/sercom_interrupt.o
                0x00002d38                _sercom_get_interrupt_vector
 .text.SERCOM0_Handler
                0x00002d68       0x10 src/ASF/sam0/drivers/sercom/sercom_interrupt.o
                0x00002d68                SERCOM0_Handler
 .text.SERCOM1_Handler
                0x00002d78       0x10 src/ASF/sam0/drivers/sercom/sercom_interrupt.o
                0x00002d78                SERCOM1_Handler
 .text.SERCOM2_Handler
                0x00002d88       0x10 src/ASF/sam0/drivers/sercom/sercom_interrupt.o
                0x00002d88                SERCOM2_Handler
 .text.SERCOM3_Handler
                0x00002d98       0x10 src/ASF/sam0/drivers/sercom/sercom_interrupt.o
                0x00002d98                SERCOM3_Handler
 .text.SERCOM4_Handler
                0x00002da8       0x10 src/ASF/sam0/drivers/sercom/sercom_interrupt.o
                0x00002da8                SERCOM4_Handler
 .text.SERCOM5_Handler
                0x00002db8       0x10 src/ASF/sam0/drivers/sercom/sercom_interrupt.o
                0x00002db8                SERCOM5_Handler
 .text.usart_init
                0x00002dc8      0x3ac src/ASF/sam0/drivers/sercom/usart/usart.o
                0x00002dc8                usart_init
 .text.usart_write_wait
                0x00003174       0x26 src/ASF/sam0/drivers/sercom/usart/usart.o
                0x00003174                usart_write_wait
 .text.usart_read_wait
                0x0000319a       0x6a src/ASF/sam0/drivers/sercom/usart/usart.o
                0x0000319a                usart_read_wait
 .text._usart_interrupt_handler
                0x00003204      0x19c src/ASF/sam0/drivers/sercom/usart/usart_interrupt.o
                0x00003204                _usart_interrupt_handler
 .text.system_clock_source_get_hz
                0x000033a0       0x5c src/ASF/sam0/drivers/system/clock/clock_samc20_c21/clock.o
                0x000033a0                system_clock_source_get_hz
 .text.system_clock_source_xosc32k_set_config
                0x000033fc       0xb4 src/ASF/sam0/drivers/system/clock/clock_samc20_c21/clock.o
                0x000033fc                system_clock_source_xosc32k_set_config
 .text.system_clock_source_dpll_set_config
                0x000034b0       0xc8 src/ASF/sam0/drivers/system/clock/clock_samc20_c21/clock.o
                0x000034b0                system_clock_source_dpll_set_config
 .text.system_clock_source_enable
                0x00003578       0x74 src/ASF/sam0/drivers/system/clock/clock_samc20_c21/clock.o
                0x00003578                system_clock_source_enable
 .text.system_clock_init
                0x000035ec      0x13c src/ASF/sam0/drivers/system/clock/clock_samc20_c21/clock.o
                0x000035ec                system_clock_init
 .text.system_gclk_init
                0x00003728       0x24 src/ASF/sam0/drivers/system/clock/clock_samc20_c21/gclk.o
                0x00003728                system_gclk_init
 .text.system_gclk_gen_set_config
                0x0000374c       0xac src/ASF/sam0/drivers/system/clock/clock_samc20_c21/gclk.o
                0x0000374c                system_gclk_gen_set_config
 .text.system_gclk_gen_enable
                0x000037f8       0x40 src/ASF/sam0/drivers/system/clock/clock_samc20_c21/gclk.o
                0x000037f8                system_gclk_gen_enable
 .text.system_gclk_gen_get_hz
                0x00003838       0x6c src/ASF/sam0/drivers/system/clock/clock_samc20_c21/gclk.o
                0x00003838                system_gclk_gen_get_hz
 .text.system_gclk_chan_enable
                0x000038a4       0x38 src/ASF/sam0/drivers/system/clock/clock_samc20_c21/gclk.o
                0x000038a4                system_gclk_chan_enable
 .text.system_gclk_chan_disable
                0x000038dc       0x38 src/ASF/sam0/drivers/system/clock/clock_samc20_c21/gclk.o
                0x000038dc                system_gclk_chan_disable
 .text.system_gclk_chan_set_config
                0x00003914       0x24 src/ASF/sam0/drivers/system/clock/clock_samc20_c21/gclk.o
                0x00003914                system_gclk_chan_set_config
 .text.system_gclk_chan_get_hz
                0x00003938       0x30 src/ASF/sam0/drivers/system/clock/clock_samc20_c21/gclk.o
                0x00003938                system_gclk_chan_get_hz
 .text._system_pinmux_config
                0x00003968       0xa8 src/ASF/sam0/drivers/system/pinmux/pinmux.o
 .text.system_pinmux_pin_set_config
                0x00003a10       0x2c src/ASF/sam0/drivers/system/pinmux/pinmux.o
                0x00003a10                system_pinmux_pin_set_config
 .text._system_dummy_init
                0x00003a3c        0x2 src/ASF/sam0/drivers/system/system.o
                0x00003a3c                _system_extint_init
                0x00003a3c                _system_events_init
                0x00003a3c                _system_dummy_init
                0x00003a3c                _system_divas_init
 *fill*         0x00003a3e        0x2 
 .text.system_init
                0x00003a40       0x2c src/ASF/sam0/drivers/system/system.o
                0x00003a40                system_init
 .text.Dummy_Handler
                0x00003a6c        0x2 src/ASF/sam0/utils/cmsis/samc21/source/gcc/startup_samc21.o
                0x00003a6c                DMAC_Handler
                0x00003a6c                HardFault_Handler
                0x00003a6c                AC_Handler
                0x00003a6c                SysTick_Handler
                0x00003a6c                PendSV_Handler
                0x00003a6c                NMI_Handler
                0x00003a6c                TCC1_Handler
                0x00003a6c                TCC0_Handler
                0x00003a6c                RTC_Handler
                0x00003a6c                ADC1_Handler
                0x00003a6c                EIC_Handler
                0x00003a6c                WDT_Handler
                0x00003a6c                SDADC_Handler
                0x00003a6c                Dummy_Handler
                0x00003a6c                CAN1_Handler
                0x00003a6c                ADC0_Handler
                0x00003a6c                SVC_Handler
                0x00003a6c                TCC2_Handler
                0x00003a6c                EVSYS_Handler
                0x00003a6c                NVMCTRL_Handler
                0x00003a6c                SYSTEM_Handler
                0x00003a6c                DAC_Handler
                0x00003a6c                PTC_Handler
                0x00003a6c                FREQM_Handler
 *fill*         0x00003a6e        0x2 
 .text.Reset_Handler
                0x00003a70       0x88 src/ASF/sam0/utils/cmsis/samc21/source/gcc/startup_samc21.o
                0x00003a70                Reset_Handler
 .text._read    0x00003af8       0x44 src/ASF/sam0/utils/stdio/read.o
                0x00003af8                _read
 .text._write   0x00003b3c       0x50 src/ASF/sam0/utils/stdio/write.o
                0x00003b3c                _write
 .text._sbrk    0x00003b8c       0x24 src/ASF/sam0/utils/syscalls/gcc/syscalls.o
                0x00003b8c                _sbrk
 .text._close   0x00003bb0        0x6 src/ASF/sam0/utils/syscalls/gcc/syscalls.o
                0x00003bb0                _close
 .text._fstat   0x00003bb6        0xa src/ASF/sam0/utils/syscalls/gcc/syscalls.o
                0x00003bb6                _fstat
 .text._isatty  0x00003bc0        0x4 src/ASF/sam0/utils/syscalls/gcc/syscalls.o
                0x00003bc0                _isatty
 .text._lseek   0x00003bc4        0x4 src/ASF/sam0/utils/syscalls/gcc/syscalls.o
                0x00003bc4                _lseek
 .text._exit    0x00003bc8        0x4 src/ASF/sam0/utils/syscalls/gcc/syscalls.o
                0x00003bc8                _exit
 .text.is_zero_ct
                0x00003bcc       0x22 src/FourQ/crypto_util.o
                0x00003bcc                is_zero_ct
 *fill*         0x00003bee        0x2 
 .text.encode   0x00003bf0       0x48 src/FourQ/crypto_util.o
                0x00003bf0                encode
 .text.decode   0x00003c38      0x27c src/FourQ/crypto_util.o
                0x00003c38                decode
 .text.digit_x_digit
                0x00003eb4       0x52 src/FourQ/eccp2.o
                0x00003eb4                digit_x_digit
 .text.vadd1271
                0x00003f06       0x3c src/FourQ/eccp2.o
                0x00003f06                vadd1271
 .text.vsub1271
                0x00003f42       0x2c src/FourQ/eccp2.o
                0x00003f42                vsub1271
 *fill*         0x00003f6e        0x2 
 .text.vneg1271
                0x00003f70       0x2c src/FourQ/eccp2.o
                0x00003f70                vneg1271
 .text.vmul1271
                0x00003f9c      0x294 src/FourQ/eccp2.o
                0x00003f9c                vmul1271
 .text.vsqr1271
                0x00004230      0x1dc src/FourQ/eccp2.o
                0x00004230                vsqr1271
 .text.vmod1271_incomplete
                0x0000440c       0x68 src/FourQ/eccp2.o
                0x0000440c                vmod1271_incomplete
 .text.vmod1271
                0x00004474       0x90 src/FourQ/eccp2.o
                0x00004474                vmod1271
 .text.vexp1251
                0x00004504      0x134 src/FourQ/eccp2.o
                0x00004504                vexp1251
 .text.vinv1271
                0x00004638      0x148 src/FourQ/eccp2.o
                0x00004638                vinv1271
 .text.from_std_to_ext
                0x00004780       0x88 src/FourQ/eccp2.o
                0x00004780                from_std_to_ext
 .text.from_ext_to_std
                0x00004808       0x5e src/FourQ/eccp2.o
                0x00004808                from_ext_to_std
 *fill*         0x00004866        0x2 
 .text.mp_mul   0x00004868       0xa8 src/FourQ/eccp2.o
                0x00004868                mp_mul
 .text.subtract
                0x00004910       0x5c src/FourQ/eccp2.o
                0x00004910                subtract
 .text.Montgomery_multiply_mod_order
                0x0000496c       0xcc src/FourQ/eccp2.o
                0x0000496c                Montgomery_multiply_mod_order
 .text.modulo_order
                0x00004a38       0x38 src/FourQ/eccp2.o
                0x00004a38                modulo_order
 .text.conversion_to_odd
                0x00004a70       0x64 src/FourQ/eccp2.o
                0x00004a70                conversion_to_odd
 .text.vdiv1271
                0x00004ad4       0x52 src/FourQ/eccp2.o
                0x00004ad4                vdiv1271
 .text.v2copy1271
                0x00004b26       0x2a src/FourQ/eccp2.o
                0x00004b26                v2copy1271
 .text.table_lookup_1x8
                0x00004b50      0x350 src/FourQ/eccp2.o
                0x00004b50                table_lookup_1x8
 .text.table_lookup_fixed_base
                0x00004ea0      0x12c src/FourQ/eccp2.o
                0x00004ea0                table_lookup_fixed_base
 .text.v2zero1271
                0x00004fcc       0x18 src/FourQ/eccp2.o
                0x00004fcc                v2zero1271
 .text.v2add1271
                0x00004fe4       0x20 src/FourQ/eccp2.o
                0x00004fe4                v2add1271
 .text.v2sub1271
                0x00005004       0x20 src/FourQ/eccp2.o
                0x00005004                v2sub1271
 .text.v2dblsub1271
                0x00005024       0x68 src/FourQ/eccp2.o
                0x00005024                v2dblsub1271
 .text.v2neg1271
                0x0000508c       0x4c src/FourQ/eccp2.o
                0x0000508c                v2neg1271
 .text.v2div1271
                0x000050d8       0xb2 src/FourQ/eccp2.o
                0x000050d8                v2div1271
 *fill*         0x0000518a        0x2 
 .text.v2mod1271_incomplete
                0x0000518c       0x1c src/FourQ/eccp2.o
                0x0000518c                v2mod1271_incomplete
 .text.v2mod1271
                0x000051a8       0x1c src/FourQ/eccp2.o
                0x000051a8                v2mod1271
 .text.v2mul1271
                0x000051c4       0x74 src/FourQ/eccp2.o
                0x000051c4                v2mul1271
 .text.v2sqr1271
                0x00005238       0x4c src/FourQ/eccp2.o
                0x00005238                v2sqr1271
 .text.v2inv1271
                0x00005284       0x58 src/FourQ/eccp2.o
                0x00005284                v2inv1271
 .text.clear_words
                0x000052dc       0x14 src/FourQ/eccp2.o
                0x000052dc                clear_words
 .text.eccnorm  0x000052f0       0x50 src/FourQ/eccp2.o
                0x000052f0                eccnorm
 .text.R1_to_R2
                0x00005340       0xac src/FourQ/eccp2.o
                0x00005340                R1_to_R2
 .text.R1_to_R3
                0x000053ec       0x78 src/FourQ/eccp2.o
                0x000053ec                R1_to_R3
 .text.R2_to_R4
                0x00005464       0x78 src/FourQ/eccp2.o
                0x00005464                R2_to_R4
 .text.eccdouble
                0x000054dc       0xdc src/FourQ/eccp2.o
                0x000054dc                eccdouble
 .text.eccadd_core
                0x000055b8       0xe4 src/FourQ/eccp2.o
                0x000055b8                eccadd_core
 .text.eccadd   0x0000569c      0x110 src/FourQ/eccp2.o
                0x0000569c                eccadd
 .text.point_setup
                0x000057ac       0x44 src/FourQ/eccp2.o
                0x000057ac                point_setup
 .text.ecc_point_validate
                0x000057f0       0xac src/FourQ/eccp2.o
                0x000057f0                ecc_point_validate
 .text.mLSB_set_recode
                0x0000589c      0x190 src/FourQ/eccp2.o
                0x0000589c                mLSB_set_recode
 .text.ecc_mul_fixed
                0x00005a2c      0x3a0 src/FourQ/eccp2.o
                0x00005a2c                ecc_mul_fixed
 .text.fixed_window_recode
                0x00005dcc      0x152 src/FourQ/eccp2_no_endo.o
                0x00005dcc                fixed_window_recode
 *fill*         0x00005f1e        0x2 
 .text.ecc_precomp
                0x00005f20       0x80 src/FourQ/eccp2_no_endo.o
                0x00005f20                ecc_precomp
 .text.cofactor_clearing
                0x00005fa0       0x4c src/FourQ/eccp2_no_endo.o
                0x00005fa0                cofactor_clearing
 .text.ecc_mul  0x00005fec      0x1b0 src/FourQ/eccp2_no_endo.o
                0x00005fec                ecc_mul
 .text.CompressedPublicKeyGeneration
                0x0000619c       0x24 src/FourQ/kex.o
                0x0000619c                CompressedPublicKeyGeneration
 .text.CompressedKeyGeneration
                0x000061c0       0x2c src/FourQ/kex.o
                0x000061c0                CompressedKeyGeneration
 .text.CompressedSecretAgreement
                0x000061ec       0x8c src/FourQ/kex.o
                0x000061ec                CompressedSecretAgreement
 .text.internalPermutation
                0x00006278      0x258 src/Photon/photon.o
 .text.photon128
                0x000064d0       0xe8 src/Photon/photon.o
                0x000064d0                photon128
 .text.usart_serial_getchar
                0x000065b8       0x2c src/qs_can_basic.o
 .text.usart_serial_putchar
                0x000065e4       0x18 src/qs_can_basic.o
 .text.CAN0_Handler
                0x000065fc       0xcc src/qs_can_basic.o
                0x000065fc                CAN0_Handler
 .text.client_discover
                0x000066c8       0xd4 src/qs_can_basic.o
                0x000066c8                client_discover
 .text.main     0x0000679c      0x3ec src/qs_can_basic.o
                0x0000679c                main
 .text          0x00006b88      0x114 c:/program files (x86)/atmel/studio/7.0/toolchain/arm/arm-gnu-toolchain/bin/../lib/gcc/arm-none-eabi/6.3.1/thumb/v6-m\libgcc.a(_udivsi3.o)
                0x00006b88                __aeabi_uidiv
                0x00006b88                __udivsi3
                0x00006c94                __aeabi_uidivmod
 .text          0x00006c9c      0x1d4 c:/program files (x86)/atmel/studio/7.0/toolchain/arm/arm-gnu-toolchain/bin/../lib/gcc/arm-none-eabi/6.3.1/thumb/v6-m\libgcc.a(_divsi3.o)
                0x00006c9c                __divsi3
                0x00006c9c                __aeabi_idiv
                0x00006e68                __aeabi_idivmod
 .text          0x00006e70        0x4 c:/program files (x86)/atmel/studio/7.0/toolchain/arm/arm-gnu-toolchain/bin/../lib/gcc/arm-none-eabi/6.3.1/thumb/v6-m\libgcc.a(_dvmd_tls.o)
                0x00006e70                __aeabi_idiv0
                0x00006e70                __aeabi_ldiv0
 .text          0x00006e74       0x54 c:/program files (x86)/atmel/studio/7.0/toolchain/arm/arm-gnu-toolchain/bin/../lib/gcc/arm-none-eabi/6.3.1/thumb/v6-m\libgcc.a(_muldi3.o)
                0x00006e74                __muldi3
                0x00006e74                __aeabi_lmul
 .text.exit     0x00006ec8       0x2c c:/program files (x86)/atmel/studio/7.0/toolchain/arm/arm-gnu-toolchain/bin/../lib/gcc/arm-none-eabi/6.3.1/../../../../arm-none-eabi/lib/thumb/v6-m\libc_nano.a(lib_a-exit.o)
                0x00006ec8                exit
 .text.__libc_init_array
                0x00006ef4       0x48 c:/program files (x86)/atmel/studio/7.0/toolchain/arm/arm-gnu-toolchain/bin/../lib/gcc/arm-none-eabi/6.3.1/../../../../arm-none-eabi/lib/thumb/v6-m\libc_nano.a(lib_a-init.o)
                0x00006ef4                __libc_init_array
 .text.malloc   0x00006f3c       0x14 c:/program files (x86)/atmel/studio/7.0/toolchain/arm/arm-gnu-toolchain/bin/../lib/gcc/arm-none-eabi/6.3.1/../../../../arm-none-eabi/lib/thumb/v6-m\libc_nano.a(lib_a-malloc.o)
                0x00006f3c                malloc
 .text.memcmp   0x00006f50       0x1e c:/program files (x86)/atmel/studio/7.0/toolchain/arm/arm-gnu-toolchain/bin/../lib/gcc/arm-none-eabi/6.3.1/../../../../arm-none-eabi/lib/thumb/v6-m\libc_nano.a(lib_a-memcmp.o)
                0x00006f50                memcmp
 .text.memcpy   0x00006f6e       0x12 c:/program files (x86)/atmel/studio/7.0/toolchain/arm/arm-gnu-toolchain/bin/../lib/gcc/arm-none-eabi/6.3.1/../../../../arm-none-eabi/lib/thumb/v6-m\libc_nano.a(lib_a-memcpy-stub.o)
                0x00006f6e                memcpy
 .text.memmove  0x00006f80       0x24 c:/program files (x86)/atmel/studio/7.0/toolchain/arm/arm-gnu-toolchain/bin/../lib/gcc/arm-none-eabi/6.3.1/../../../../arm-none-eabi/lib/thumb/v6-m\libc_nano.a(lib_a-memmove.o)
                0x00006f80                memmove
 .text.memset   0x00006fa4       0x10 c:/program files (x86)/atmel/studio/7.0/toolchain/arm/arm-gnu-toolchain/bin/../lib/gcc/arm-none-eabi/6.3.1/../../../../arm-none-eabi/lib/thumb/v6-m\libc_nano.a(lib_a-memset.o)
                0x00006fa4                memset
 .text._free_r  0x00006fb4       0x94 c:/program files (x86)/atmel/studio/7.0/toolchain/arm/arm-gnu-toolchain/bin/../lib/gcc/arm-none-eabi/6.3.1/../../../../arm-none-eabi/lib/thumb/v6-m\libc_nano.a(lib_a-nano-freer.o)
                0x00006fb4                _free_r
 .text._malloc_r
                0x00007048       0xbc c:/program files (x86)/atmel/studio/7.0/toolchain/arm/arm-gnu-toolchain/bin/../lib/gcc/arm-none-eabi/6.3.1/../../../../arm-none-eabi/lib/thumb/v6-m\libc_nano.a(lib_a-nano-mallocr.o)
                0x00007048                _malloc_r
 .text.printf   0x00007104       0x34 c:/program files (x86)/atmel/studio/7.0/toolchain/arm/arm-gnu-toolchain/bin/../lib/gcc/arm-none-eabi/6.3.1/../../../../arm-none-eabi/lib/thumb/v6-m\libc_nano.a(lib_a-printf.o)
                0x00007104                iprintf
                0x00007104                printf
 .text._puts_r  0x00007138       0xc0 c:/program files (x86)/atmel/studio/7.0/toolchain/arm/arm-gnu-toolchain/bin/../lib/gcc/arm-none-eabi/6.3.1/../../../../arm-none-eabi/lib/thumb/v6-m\libc_nano.a(lib_a-puts.o)
                0x00007138                _puts_r
 .text.puts     0x000071f8       0x14 c:/program files (x86)/atmel/studio/7.0/toolchain/arm/arm-gnu-toolchain/bin/../lib/gcc/arm-none-eabi/6.3.1/../../../../arm-none-eabi/lib/thumb/v6-m\libc_nano.a(lib_a-puts.o)
                0x000071f8                puts
 .text.rand     0x0000720c       0x78 c:/program files (x86)/atmel/studio/7.0/toolchain/arm/arm-gnu-toolchain/bin/../lib/gcc/arm-none-eabi/6.3.1/../../../../arm-none-eabi/lib/thumb/v6-m\libc_nano.a(lib_a-rand.o)
                0x0000720c                rand
 .text._sbrk_r  0x00007284       0x24 c:/program files (x86)/atmel/studio/7.0/toolchain/arm/arm-gnu-toolchain/bin/../lib/gcc/arm-none-eabi/6.3.1/../../../../arm-none-eabi/lib/thumb/v6-m\libc_nano.a(lib_a-sbrkr.o)
                0x00007284                _sbrk_r
 .text.setbuf   0x000072a8       0x12 c:/program files (x86)/atmel/studio/7.0/toolchain/arm/arm-gnu-toolchain/bin/../lib/gcc/arm-none-eabi/6.3.1/../../../../arm-none-eabi/lib/thumb/v6-m\libc_nano.a(lib_a-setbuf.o)
                0x000072a8                setbuf
 *fill*         0x000072ba        0x2 
 .text.setvbuf  0x000072bc      0x158 c:/program files (x86)/atmel/studio/7.0/toolchain/arm/arm-gnu-toolchain/bin/../lib/gcc/arm-none-eabi/6.3.1/../../../../arm-none-eabi/lib/thumb/v6-m\libc_nano.a(lib_a-setvbuf.o)
                0x000072bc                setvbuf
 .text.__swbuf_r
                0x00007414       0xac c:/program files (x86)/atmel/studio/7.0/toolchain/arm/arm-gnu-toolchain/bin/../lib/gcc/arm-none-eabi/6.3.1/../../../../arm-none-eabi/lib/thumb/v6-m\libc_nano.a(lib_a-wbuf.o)
                0x00007414                __swbuf_r
 .text.__swsetup_r
                0x000074c0       0xec c:/program files (x86)/atmel/studio/7.0/toolchain/arm/arm-gnu-toolchain/bin/../lib/gcc/arm-none-eabi/6.3.1/../../../../arm-none-eabi/lib/thumb/v6-m\libc_nano.a(lib_a-wsetup.o)
                0x000074c0                __swsetup_r
 .text.__sflush_r
                0x000075ac      0x114 c:/program files (x86)/atmel/studio/7.0/toolchain/arm/arm-gnu-toolchain/bin/../lib/gcc/arm-none-eabi/6.3.1/../../../../arm-none-eabi/lib/thumb/v6-m\libc_nano.a(lib_a-fflush.o)
                0x000075ac                __sflush_r
 .text._fflush_r
                0x000076c0       0x58 c:/program files (x86)/atmel/studio/7.0/toolchain/arm/arm-gnu-toolchain/bin/../lib/gcc/arm-none-eabi/6.3.1/../../../../arm-none-eabi/lib/thumb/v6-m\libc_nano.a(lib_a-fflush.o)
                0x000076c0                _fflush_r
 .text._cleanup_r
                0x00007718       0x10 c:/program files (x86)/atmel/studio/7.0/toolchain/arm/arm-gnu-toolchain/bin/../lib/gcc/arm-none-eabi/6.3.1/../../../../arm-none-eabi/lib/thumb/v6-m\libc_nano.a(lib_a-findfp.o)
                0x00007718                _cleanup_r
 .text.std.isra.0
                0x00007728       0x48 c:/program files (x86)/atmel/studio/7.0/toolchain/arm/arm-gnu-toolchain/bin/../lib/gcc/arm-none-eabi/6.3.1/../../../../arm-none-eabi/lib/thumb/v6-m\libc_nano.a(lib_a-findfp.o)
 .text.__sfmoreglue
                0x00007770       0x2c c:/program files (x86)/atmel/studio/7.0/toolchain/arm/arm-gnu-toolchain/bin/../lib/gcc/arm-none-eabi/6.3.1/../../../../arm-none-eabi/lib/thumb/v6-m\libc_nano.a(lib_a-findfp.o)
                0x00007770                __sfmoreglue
 .text.__sinit  0x0000779c       0x68 c:/program files (x86)/atmel/studio/7.0/toolchain/arm/arm-gnu-toolchain/bin/../lib/gcc/arm-none-eabi/6.3.1/../../../../arm-none-eabi/lib/thumb/v6-m\libc_nano.a(lib_a-findfp.o)
                0x0000779c                __sinit
 .text.__sfp    0x00007804       0x80 c:/program files (x86)/atmel/studio/7.0/toolchain/arm/arm-gnu-toolchain/bin/../lib/gcc/arm-none-eabi/6.3.1/../../../../arm-none-eabi/lib/thumb/v6-m\libc_nano.a(lib_a-findfp.o)
                0x00007804                __sfp
 .text._fwalk_reent
                0x00007884       0x42 c:/program files (x86)/atmel/studio/7.0/toolchain/arm/arm-gnu-toolchain/bin/../lib/gcc/arm-none-eabi/6.3.1/../../../../arm-none-eabi/lib/thumb/v6-m\libc_nano.a(lib_a-fwalk.o)
                0x00007884                _fwalk_reent
 *fill*         0x000078c6        0x2 
 .text.__swhatbuf_r
                0x000078c8       0x50 c:/program files (x86)/atmel/studio/7.0/toolchain/arm/arm-gnu-toolchain/bin/../lib/gcc/arm-none-eabi/6.3.1/../../../../arm-none-eabi/lib/thumb/v6-m\libc_nano.a(lib_a-makebuf.o)
                0x000078c8                __swhatbuf_r
 .text.__smakebuf_r
                0x00007918       0x88 c:/program files (x86)/atmel/studio/7.0/toolchain/arm/arm-gnu-toolchain/bin/../lib/gcc/arm-none-eabi/6.3.1/../../../../arm-none-eabi/lib/thumb/v6-m\libc_nano.a(lib_a-makebuf.o)
                0x00007918                __smakebuf_r
 .text.__malloc_lock
                0x000079a0        0x2 c:/program files (x86)/atmel/studio/7.0/toolchain/arm/arm-gnu-toolchain/bin/../lib/gcc/arm-none-eabi/6.3.1/../../../../arm-none-eabi/lib/thumb/v6-m\libc_nano.a(lib_a-mlock.o)
                0x000079a0                __malloc_lock
 .text.__malloc_unlock
                0x000079a2        0x2 c:/program files (x86)/atmel/studio/7.0/toolchain/arm/arm-gnu-toolchain/bin/../lib/gcc/arm-none-eabi/6.3.1/../../../../arm-none-eabi/lib/thumb/v6-m\libc_nano.a(lib_a-mlock.o)
                0x000079a2                __malloc_unlock
 .text.__sfputc_r
                0x000079a4       0x2a c:/program files (x86)/atmel/studio/7.0/toolchain/arm/arm-gnu-toolchain/bin/../lib/gcc/arm-none-eabi/6.3.1/../../../../arm-none-eabi/lib/thumb/v6-m\libc_nano.a(lib_a-nano-vfprintf.o)
 .text.__sfputs_r
                0x000079ce       0x24 c:/program files (x86)/atmel/studio/7.0/toolchain/arm/arm-gnu-toolchain/bin/../lib/gcc/arm-none-eabi/6.3.1/../../../../arm-none-eabi/lib/thumb/v6-m\libc_nano.a(lib_a-nano-vfprintf.o)
                0x000079ce                __sfputs_r
 *fill*         0x000079f2        0x2 
 .text._vfprintf_r
                0x000079f4      0x238 c:/program files (x86)/atmel/studio/7.0/toolchain/arm/arm-gnu-toolchain/bin/../lib/gcc/arm-none-eabi/6.3.1/../../../../arm-none-eabi/lib/thumb/v6-m\libc_nano.a(lib_a-nano-vfprintf.o)
                0x000079f4                _vfprintf_r
                0x000079f4                _vfiprintf_r
 .text._printf_common
                0x00007c2c       0xda c:/program files (x86)/atmel/studio/7.0/toolchain/arm/arm-gnu-toolchain/bin/../lib/gcc/arm-none-eabi/6.3.1/../../../../arm-none-eabi/lib/thumb/v6-m\libc_nano.a(lib_a-nano-vfprintf_i.o)
                0x00007c2c                _printf_common
 *fill*         0x00007d06        0x2 
 .text._printf_i
                0x00007d08      0x234 c:/program files (x86)/atmel/studio/7.0/toolchain/arm/arm-gnu-toolchain/bin/../lib/gcc/arm-none-eabi/6.3.1/../../../../arm-none-eabi/lib/thumb/v6-m\libc_nano.a(lib_a-nano-vfprintf_i.o)
                0x00007d08                _printf_i
 .text.__sread  0x00007f3c       0x28 c:/program files (x86)/atmel/studio/7.0/toolchain/arm/arm-gnu-toolchain/bin/../lib/gcc/arm-none-eabi/6.3.1/../../../../arm-none-eabi/lib/thumb/v6-m\libc_nano.a(lib_a-stdio.o)
                0x00007f3c                __sread
 .text.__swrite
                0x00007f64       0x38 c:/program files (x86)/atmel/studio/7.0/toolchain/arm/arm-gnu-toolchain/bin/../lib/gcc/arm-none-eabi/6.3.1/../../../../arm-none-eabi/lib/thumb/v6-m\libc_nano.a(lib_a-stdio.o)
                0x00007f64                __swrite
 .text.__sseek  0x00007f9c       0x2c c:/program files (x86)/atmel/studio/7.0/toolchain/arm/arm-gnu-toolchain/bin/../lib/gcc/arm-none-eabi/6.3.1/../../../../arm-none-eabi/lib/thumb/v6-m\libc_nano.a(lib_a-stdio.o)
                0x00007f9c                __sseek
 .text.__sclose
                0x00007fc8        0xc c:/program files (x86)/atmel/studio/7.0/toolchain/arm/arm-gnu-toolchain/bin/../lib/gcc/arm-none-eabi/6.3.1/../../../../arm-none-eabi/lib/thumb/v6-m\libc_nano.a(lib_a-stdio.o)
                0x00007fc8                __sclose
 .text._write_r
                0x00007fd4       0x28 c:/program files (x86)/atmel/studio/7.0/toolchain/arm/arm-gnu-toolchain/bin/../lib/gcc/arm-none-eabi/6.3.1/../../../../arm-none-eabi/lib/thumb/v6-m\libc_nano.a(lib_a-writer.o)
                0x00007fd4                _write_r
 .text._close_r
                0x00007ffc       0x24 c:/program files (x86)/atmel/studio/7.0/toolchain/arm/arm-gnu-toolchain/bin/../lib/gcc/arm-none-eabi/6.3.1/../../../../arm-none-eabi/lib/thumb/v6-m\libc_nano.a(lib_a-closer.o)
                0x00007ffc                _close_r
 .text._fstat_r
                0x00008020       0x24 c:/program files (x86)/atmel/studio/7.0/toolchain/arm/arm-gnu-toolchain/bin/../lib/gcc/arm-none-eabi/6.3.1/../../../../arm-none-eabi/lib/thumb/v6-m\libc_nano.a(lib_a-fstatr.o)
                0x00008020                _fstat_r
 .text._isatty_r
                0x00008044       0x24 c:/program files (x86)/atmel/studio/7.0/toolchain/arm/arm-gnu-toolchain/bin/../lib/gcc/arm-none-eabi/6.3.1/../../../../arm-none-eabi/lib/thumb/v6-m\libc_nano.a(lib_a-isattyr.o)
                0x00008044                _isatty_r
 .text._lseek_r
                0x00008068       0x28 c:/program files (x86)/atmel/studio/7.0/toolchain/arm/arm-gnu-toolchain/bin/../lib/gcc/arm-none-eabi/6.3.1/../../../../arm-none-eabi/lib/thumb/v6-m\libc_nano.a(lib_a-lseekr.o)
                0x00008068                _lseek_r
 .text.memchr   0x00008090       0x16 c:/program files (x86)/atmel/studio/7.0/toolchain/arm/arm-gnu-toolchain/bin/../lib/gcc/arm-none-eabi/6.3.1/../../../../arm-none-eabi/lib/thumb/v6-m\libc_nano.a(lib_a-memchr-stub.o)
                0x00008090                memchr
 *fill*         0x000080a6        0x2 
 .text._read_r  0x000080a8       0x28 c:/program files (x86)/atmel/studio/7.0/toolchain/arm/arm-gnu-toolchain/bin/../lib/gcc/arm-none-eabi/6.3.1/../../../../arm-none-eabi/lib/thumb/v6-m\libc_nano.a(lib_a-readr.o)
                0x000080a8                _read_r
 *(.glue_7t)
 .glue_7t       0x000080d0        0x0 linker stubs
 *(.glue_7)
 .glue_7        0x000080d0        0x0 linker stubs
 *(.rodata .rodata* .gnu.linkonce.r.*)
 .rodata.node_msg_cmd_to_len
                0x000080d0       0x40 src/TreeProtocol/node.o
 .rodata.node_make_source_from_msg.str1.4
                0x00008110       0x28 src/TreeProtocol/node.o
 .rodata.node_msg_check.str1.4
                0x00008138       0x26 src/TreeProtocol/node.o
 *fill*         0x0000815e        0x2 
 .rodata.node_msg_send.str1.4
                0x00008160       0x22 src/TreeProtocol/node.o
 *fill*         0x00008182        0x2 
 .rodata.node_msg_wait.str1.4
                0x00008184       0x5a src/TreeProtocol/node.o
                                 0x5e (size before relaxing)
 *fill*         0x000081de        0x2 
 .rodata.CAN_Tx_Raw
                0x000081e0       0xd4 src/CANLib.o
 .rodata.network_check_any
                0x000082b4       0xa8 src/CANLib.o
 .rodata.CAN_Tx_Raw.str1.4
                0x0000835c       0x3c src/CANLib.o
 .rodata.map    0x00008398       0x10 src/CANLib.o
                0x00008398                map
 .rodata.network_check_any.str1.4
                0x000083a8       0xc4 src/CANLib.o
 .rodata.network_send.str1.4
                0x0000846c       0x47 src/CANLib.o
                                 0x4f (size before relaxing)
 *fill*         0x000084b3        0x1 
 .rodata.HARDWARE_ID_VAL
                0x000084b4        0x4 src/EncLib.o
                0x000084b4                HARDWARE_ID_VAL
 .rodata.authToParent.str1.4
                0x000084b8      0x104 src/EncLib.o
                                0x10c (size before relaxing)
 .rodata.str1.4
                0x000085bc        0xc src/EncLib.o
 .rodata        0x000085c8       0x18 src/ASF/sam0/drivers/sercom/sercom.o
 .rodata.system_clock_source_get_hz
                0x000085e0       0x20 src/ASF/sam0/drivers/system/clock/clock_samc20_c21/clock.o
 .rodata.system_clock_source_enable
                0x00008600       0x20 src/ASF/sam0/drivers/system/clock/clock_samc20_c21/clock.o
 .rodata.PARAMETER_d
                0x00008620       0x28 src/FourQ/crypto_util.o
 .rodata.FIXED_BASE_TABLE
                0x00008648     0x2580 src/FourQ/eccp2.o
 .rodata.Montgomery_Rprime
                0x0000abc8       0x20 src/FourQ/eccp2.o
 .rodata.Montgomery_rprime
                0x0000abe8       0x20 src/FourQ/eccp2.o
 .rodata.PARAMETER_d
                0x0000ac08       0x28 src/FourQ/eccp2.o
 .rodata.curve_order
                0x0000ac30       0x20 src/FourQ/eccp2.o
 .rodata.A144   0x0000ac50       0x24 src/Photon/photon.o
 .rodata.IC     0x0000ac74        0x6 src/Photon/photon.o
 *fill*         0x0000ac7a        0x2 
 .rodata.RC     0x0000ac7c        0xc src/Photon/photon.o
 .rodata.sbox   0x0000ac88       0x10 src/Photon/photon.o
 .rodata.CAN0_Handler.str1.4
                0x0000ac98       0x41 src/qs_can_basic.o
 *fill*         0x0000acd9        0x3 
 .rodata.client_discover.str1.4
                0x0000acdc       0x55 src/qs_can_basic.o
 *fill*         0x0000ad31        0x3 
 .rodata.main.str1.4
                0x0000ad34       0xd0 src/qs_can_basic.o
                                 0xce (size before relaxing)
 .rodata._global_impure_ptr
                0x0000ae04        0x4 c:/program files (x86)/atmel/studio/7.0/toolchain/arm/arm-gnu-toolchain/bin/../lib/gcc/arm-none-eabi/6.3.1/../../../../arm-none-eabi/lib/thumb/v6-m\libc_nano.a(lib_a-impure.o)
                0x0000ae04                _global_impure_ptr
 .rodata.__sf_fake_stderr
                0x0000ae08       0x20 c:/program files (x86)/atmel/studio/7.0/toolchain/arm/arm-gnu-toolchain/bin/../lib/gcc/arm-none-eabi/6.3.1/../../../../arm-none-eabi/lib/thumb/v6-m\libc_nano.a(lib_a-findfp.o)
                0x0000ae08                __sf_fake_stderr
 .rodata.__sf_fake_stdin
                0x0000ae28       0x20 c:/program files (x86)/atmel/studio/7.0/toolchain/arm/arm-gnu-toolchain/bin/../lib/gcc/arm-none-eabi/6.3.1/../../../../arm-none-eabi/lib/thumb/v6-m\libc_nano.a(lib_a-findfp.o)
                0x0000ae28                __sf_fake_stdin
 .rodata.__sf_fake_stdout
                0x0000ae48       0x20 c:/program files (x86)/atmel/studio/7.0/toolchain/arm/arm-gnu-toolchain/bin/../lib/gcc/arm-none-eabi/6.3.1/../../../../arm-none-eabi/lib/thumb/v6-m\libc_nano.a(lib_a-findfp.o)
                0x0000ae48                __sf_fake_stdout
 .rodata._vfprintf_r.str1.1
                0x0000ae68       0x11 c:/program files (x86)/atmel/studio/7.0/toolchain/arm/arm-gnu-toolchain/bin/../lib/gcc/arm-none-eabi/6.3.1/../../../../arm-none-eabi/lib/thumb/v6-m\libc_nano.a(lib_a-nano-vfprintf.o)
 .rodata._printf_i.str1.1
                0x0000ae79       0x22 c:/program files (x86)/atmel/studio/7.0/toolchain/arm/arm-gnu-toolchain/bin/../lib/gcc/arm-none-eabi/6.3.1/../../../../arm-none-eabi/lib/thumb/v6-m\libc_nano.a(lib_a-nano-vfprintf_i.o)
 *(.ARM.extab* .gnu.linkonce.armextab.*)
                0x0000ae9c                . = ALIGN (0x4)
 *fill*         0x0000ae9b        0x1 
 *(.init)
 .init          0x0000ae9c        0x4 c:/program files (x86)/atmel/studio/7.0/toolchain/arm/arm-gnu-toolchain/bin/../lib/gcc/arm-none-eabi/6.3.1/thumb/v6-m/crti.o
                0x0000ae9c                _init
 .init          0x0000aea0        0x8 c:/program files (x86)/atmel/studio/7.0/toolchain/arm/arm-gnu-toolchain/bin/../lib/gcc/arm-none-eabi/6.3.1/thumb/v6-m/crtn.o
                0x0000aea8                . = ALIGN (0x4)
                0x0000aea8                __preinit_array_start = .
 *(.preinit_array)
                0x0000aea8                __preinit_array_end = .
                0x0000aea8                . = ALIGN (0x4)
                0x0000aea8                __init_array_start = .
 *(SORT(.init_array.*))
 *(.init_array)
 .init_array    0x0000aea8        0x4 c:/program files (x86)/atmel/studio/7.0/toolchain/arm/arm-gnu-toolchain/bin/../lib/gcc/arm-none-eabi/6.3.1/thumb/v6-m/crtbegin.o
                0x0000aeac                __init_array_end = .
                0x0000aeac                . = ALIGN (0x4)
 *crtbegin.o(.ctors)
 *(EXCLUDE_FILE(*crtend.o) .ctors)
 *(SORT(.ctors.*))
 *crtend.o(.ctors)
                0x0000aeac                . = ALIGN (0x4)
 *(.fini)
 .fini          0x0000aeac        0x4 c:/program files (x86)/atmel/studio/7.0/toolchain/arm/arm-gnu-toolchain/bin/../lib/gcc/arm-none-eabi/6.3.1/thumb/v6-m/crti.o
                0x0000aeac                _fini
 .fini          0x0000aeb0        0x8 c:/program files (x86)/atmel/studio/7.0/toolchain/arm/arm-gnu-toolchain/bin/../lib/gcc/arm-none-eabi/6.3.1/thumb/v6-m/crtn.o
                0x0000aeb8                . = ALIGN (0x4)
                0x0000aeb8                __fini_array_start = .
 *(.fini_array)
 .fini_array    0x0000aeb8        0x4 c:/program files (x86)/atmel/studio/7.0/toolchain/arm/arm-gnu-toolchain/bin/../lib/gcc/arm-none-eabi/6.3.1/thumb/v6-m/crtbegin.o
 *(SORT(.fini_array.*))
                0x0000aebc                __fini_array_end = .
 *crtbegin.o(.dtors)
 *(EXCLUDE_FILE(*crtend.o) .dtors)
 *(SORT(.dtors.*))
 *crtend.o(.dtors)
                0x0000aebc                . = ALIGN (0x4)
                0x0000aebc                _efixed = .
                [!provide]                PROVIDE (__exidx_start, .)

.vfp11_veneer   0x0000aebc        0x0
 .vfp11_veneer  0x0000aebc        0x0 linker stubs

.v4_bx          0x0000aebc        0x0
 .v4_bx         0x0000aebc        0x0 linker stubs

.iplt           0x0000aebc        0x0
 .iplt          0x0000aebc        0x0 c:/program files (x86)/atmel/studio/7.0/toolchain/arm/arm-gnu-toolchain/bin/../lib/gcc/arm-none-eabi/6.3.1/thumb/v6-m/crtbegin.o

.eh_frame       0x0000aebc        0x0
 .eh_frame      0x0000aebc        0x0 c:/program files (x86)/atmel/studio/7.0/toolchain/arm/arm-gnu-toolchain/bin/../lib/gcc/arm-none-eabi/6.3.1/thumb/v6-m/crtbegin.o

.rel.dyn        0x0000aebc        0x0
 .rel.iplt      0x0000aebc        0x0 c:/program files (x86)/atmel/studio/7.0/toolchain/arm/arm-gnu-toolchain/bin/../lib/gcc/arm-none-eabi/6.3.1/thumb/v6-m/crtbegin.o

.jcr            0x0000aebc        0x0
 .jcr           0x0000aebc        0x0 c:/program files (x86)/atmel/studio/7.0/toolchain/arm/arm-gnu-toolchain/bin/../lib/gcc/arm-none-eabi/6.3.1/thumb/v6-m/crtbegin.o

.igot.plt       0x0000aebc        0x0
 .igot.plt      0x0000aebc        0x0 c:/program files (x86)/atmel/studio/7.0/toolchain/arm/arm-gnu-toolchain/bin/../lib/gcc/arm-none-eabi/6.3.1/thumb/v6-m/crtbegin.o

.ARM.exidx
 *(.ARM.exidx* .gnu.linkonce.armexidx.*)
                [!provide]                PROVIDE (__exidx_end, .)
                0x0000aebc                . = ALIGN (0x4)
                0x0000aebc                _etext = .

.relocate       0x20000000      0x274 load address 0x0000aebc
                0x20000000                . = ALIGN (0x4)
                0x20000000                _srelocate = .
 *(.ramfunc .ramfunc.*)
 *(.data .data.*)
 .data.HWIDParent
                0x20000000       0x34 src/EncLib.o
                0x20000000                HWIDParent
 .data.myname   0x20000034        0x4 src/EncLib.o
                0x20000034                myname
 .data.parentStoredKeys
                0x20000038        0x4 src/EncLib.o
                0x20000038                parentStoredKeys
 .data.selfData
                0x2000003c       0xb0 src/EncLib.o
                0x2000003c                selfData
 .data.g_interrupt_enabled
                0x200000ec        0x1 src/ASF/common/utils/interrupt/interrupt_sam_nvic.o
                0x200000ec                g_interrupt_enabled
 *fill*         0x200000ed        0x3 
 .data.MMUL     0x200000f0      0x100 src/Photon/photon.o
 .data.cap_callback_ref
                0x200001f0       0x10 src/qs_can_basic.o
                0x200001f0                cap_callback_ref
 .data.my_node_type
                0x20000200        0x1 src/qs_can_basic.o
                0x20000200                my_node_type
 *fill*         0x20000201        0x3 
 .data.parent_info
                0x20000204        0x4 src/qs_can_basic.o
                0x20000204                parent_info
 .data.parent_max_nodes
                0x20000208        0x4 src/qs_can_basic.o
                0x20000208                parent_max_nodes
 .data.parent_num_nodes
                0x2000020c        0x4 src/qs_can_basic.o
                0x2000020c                parent_num_nodes
 .data._impure_ptr
                0x20000210        0x4 c:/program files (x86)/atmel/studio/7.0/toolchain/arm/arm-gnu-toolchain/bin/../lib/gcc/arm-none-eabi/6.3.1/../../../../arm-none-eabi/lib/thumb/v6-m\libc_nano.a(lib_a-impure.o)
                0x20000210                _impure_ptr
 .data.impure_data
                0x20000214       0x60 c:/program files (x86)/atmel/studio/7.0/toolchain/arm/arm-gnu-toolchain/bin/../lib/gcc/arm-none-eabi/6.3.1/../../../../arm-none-eabi/lib/thumb/v6-m\libc_nano.a(lib_a-impure.o)
                0x20000274                . = ALIGN (0x4)
                0x20000274                _erelocate = .

.bss            0x20000274     0x293c load address 0x0000b130
                0x20000274                . = ALIGN (0x4)
                0x20000274                _sbss = .
                0x20000274                _szero = .
 *(.bss .bss.*)
 .bss           0x20000274       0x1c c:/program files (x86)/atmel/studio/7.0/toolchain/arm/arm-gnu-toolchain/bin/../lib/gcc/arm-none-eabi/6.3.1/thumb/v6-m/crtbegin.o
 .bss.TEMPOFFSETVAL
                0x20000290        0x4 src/TempLib.o
                0x20000290                TEMPOFFSETVAL
 .bss.tsens_read_done
                0x20000294        0x1 src/TempLib.o
                0x20000294                tsens_read_done
 *fill*         0x20000295        0x3 
 .bss.tsens_result
                0x20000298        0x4 src/TempLib.o
                0x20000298                tsens_result
 .bss.cpu_irq_critical_section_counter
                0x2000029c        0x4 src/ASF/common/utils/interrupt/interrupt_sam_nvic.o
 .bss.cpu_irq_prev_interrupt_state
                0x200002a0        0x1 src/ASF/common/utils/interrupt/interrupt_sam_nvic.o
 *fill*         0x200002a1        0x3 
 .bss.can0_rx_buffer
                0x200002a4      0x480 src/ASF/sam0/drivers/can/can.o
 .bss.can0_rx_extended_filter
                0x20000724       0x80 src/ASF/sam0/drivers/can/can.o
 .bss.can0_rx_fifo_0
                0x200007a4      0x480 src/ASF/sam0/drivers/can/can.o
 .bss.can0_rx_fifo_1
                0x20000c24      0x480 src/ASF/sam0/drivers/can/can.o
 .bss.can0_rx_standard_filter
                0x200010a4       0x80 src/ASF/sam0/drivers/can/can.o
 .bss.can0_tx_buffer
                0x20001124      0x240 src/ASF/sam0/drivers/can/can.o
 .bss.can0_tx_event_fifo
                0x20001364       0x40 src/ASF/sam0/drivers/can/can.o
 .bss.can1_rx_buffer
                0x200013a4      0x480 src/ASF/sam0/drivers/can/can.o
 .bss.can1_rx_extended_filter
                0x20001824       0x80 src/ASF/sam0/drivers/can/can.o
 .bss.can1_rx_fifo_0
                0x200018a4      0x480 src/ASF/sam0/drivers/can/can.o
 .bss.can1_rx_fifo_1
                0x20001d24      0x480 src/ASF/sam0/drivers/can/can.o
 .bss.can1_rx_standard_filter
                0x200021a4       0x80 src/ASF/sam0/drivers/can/can.o
 .bss.can1_tx_buffer
                0x20002224      0x240 src/ASF/sam0/drivers/can/can.o
 .bss.can1_tx_event_fifo
                0x20002464       0x40 src/ASF/sam0/drivers/can/can.o
 .bss._sercom_config
                0x200024a4        0x2 src/ASF/sam0/drivers/sercom/sercom.o
 .bss._handler_table_initialized
                0x200024a6        0x1 src/ASF/sam0/drivers/sercom/sercom_interrupt.o
 *fill*         0x200024a7        0x1 
 .bss._sercom_interrupt_handlers
                0x200024a8       0x18 src/ASF/sam0/drivers/sercom/sercom_interrupt.o
 .bss._system_clock_inst
                0x200024c0        0xc src/ASF/sam0/drivers/system/clock/clock_samc20_c21/clock.o
 .bss.heap.5296
                0x200024cc        0x4 src/ASF/sam0/utils/syscalls/gcc/syscalls.o
 .bss.cdc_instance
                0x200024d0       0x34 src/qs_can_basic.o
 .bss.my_parent_info
                0x20002504        0x4 src/qs_can_basic.o
                0x20002504                my_parent_info
 .bss.parent_table
                0x20002508      0x190 src/qs_can_basic.o
                0x20002508                parent_table
 .bss.__malloc_free_list
                0x20002698        0x4 c:/program files (x86)/atmel/studio/7.0/toolchain/arm/arm-gnu-toolchain/bin/../lib/gcc/arm-none-eabi/6.3.1/../../../../arm-none-eabi/lib/thumb/v6-m\libc_nano.a(lib_a-nano-mallocr.o)
                0x20002698                __malloc_free_list
 .bss.__malloc_sbrk_start
                0x2000269c        0x4 c:/program files (x86)/atmel/studio/7.0/toolchain/arm/arm-gnu-toolchain/bin/../lib/gcc/arm-none-eabi/6.3.1/../../../../arm-none-eabi/lib/thumb/v6-m\libc_nano.a(lib_a-nano-mallocr.o)
                0x2000269c                __malloc_sbrk_start
 *(COMMON)
 COMMON         0x200026a0       0x14 src/ASF/sam0/drivers/tc/tc_interrupt.o
                0x200026a0                _tc_instances
 COMMON         0x200026b4       0x14 src/TempLib.o
                0x200026b4                tsens_instance
 COMMON         0x200026c8        0x4 src/ASF/sam0/drivers/tsens/tsens_callback.o
                0x200026c8                _tsens_instances
 COMMON         0x200026cc      0x48c src/CANLib.o
                0x200026cc                can0_instance
                0x200026d0                CAN0_rx_element_buff
 COMMON         0x20002b58        0x1 src/ASF/sam0/drivers/can/can.o
                0x20002b58                gclk_chan_conf
 *fill*         0x20002b59        0x3 
 COMMON         0x20002b5c       0x18 src/ASF/sam0/drivers/sercom/sercom_interrupt.o
                0x20002b5c                _sercom_instances
 COMMON         0x20002b74        0x4 src/ASF/sam0/utils/stdio/read.o
                0x20002b74                ptr_get
 COMMON         0x20002b78        0x8 src/ASF/sam0/utils/stdio/write.o
                0x20002b78                ptr_put
                0x20002b7c                stdio_base
 COMMON         0x20002b80       0x2c src/qs_can_basic.o
                0x20002b80                parent_broadcast_info
                0x20002ba8                node_my_name
 COMMON         0x20002bac        0x4 c:/program files (x86)/atmel/studio/7.0/toolchain/arm/arm-gnu-toolchain/bin/../lib/gcc/arm-none-eabi/6.3.1/../../../../arm-none-eabi/lib/thumb/v6-m\libc_nano.a(lib_a-reent.o)
                0x20002bac                errno
                0x20002bb0                . = ALIGN (0x4)
                0x20002bb0                _ebss = .
                0x20002bb0                _ezero = .

.stack          0x20002bb0     0x4000 load address 0x0000da6c
                0x20002bb0                . = ALIGN (0x8)
                0x20002bb0                _sstack = .
                0x20006bb0                . = (. + STACK_SIZE)
 *fill*         0x20002bb0     0x4000 
                0x20006bb0                . = ALIGN (0x8)
                0x20006bb0                _estack = .
                0x20006bb0                . = ALIGN (0x4)
                0x20006bb0                _end = .
OUTPUT(CAN_QUICK_START1_FD.elf elf32-littlearm)

.ARM.attributes
                0x00000000       0x28
 .ARM.attributes
                0x00000000       0x1e c:/program files (x86)/atmel/studio/7.0/toolchain/arm/arm-gnu-toolchain/bin/../lib/gcc/arm-none-eabi/6.3.1/thumb/v6-m/crti.o
 .ARM.attributes
                0x0000001e       0x2c c:/program files (x86)/atmel/studio/7.0/toolchain/arm/arm-gnu-toolchain/bin/../lib/gcc/arm-none-eabi/6.3.1/thumb/v6-m/crtbegin.o
 .ARM.attributes
                0x0000004a       0x32 src/Prf_endpoint.o
 .ARM.attributes
                0x0000007c       0x32 src/TreeProtocol/node.o
 .ARM.attributes
                0x000000ae       0x32 src/ASF/sam0/drivers/tc/tc_interrupt.o
 .ARM.attributes
                0x000000e0       0x32 src/TempLib.o
 .ARM.attributes
                0x00000112       0x32 src/ASF/sam0/drivers/tsens/tsens.o
 .ARM.attributes
                0x00000144       0x32 src/ASF/sam0/drivers/tsens/tsens_callback.o
 .ARM.attributes
                0x00000176       0x32 src/CANLib.o
 .ARM.attributes
                0x000001a8       0x32 src/EncLib.o
 .ARM.attributes
                0x000001da       0x32 src/ASCON/aead.o
 .ARM.attributes
                0x0000020c       0x32 src/ASF/common/utils/interrupt/interrupt_sam_nvic.o
 .ARM.attributes
                0x0000023e       0x32 src/ASF/sam0/boards/samc21_xplained_pro/board_init.o
 .ARM.attributes
                0x00000270       0x32 src/ASF/sam0/drivers/can/can.o
 .ARM.attributes
                0x000002a2       0x32 src/ASF/sam0/drivers/port/port.o
 .ARM.attributes
                0x000002d4       0x32 src/ASF/sam0/drivers/sercom/sercom.o
 .ARM.attributes
                0x00000306       0x32 src/ASF/sam0/drivers/sercom/sercom_interrupt.o
 .ARM.attributes
                0x00000338       0x32 src/ASF/sam0/drivers/sercom/usart/usart.o
 .ARM.attributes
                0x0000036a       0x32 src/ASF/sam0/drivers/sercom/usart/usart_interrupt.o
 .ARM.attributes
                0x0000039c       0x32 src/ASF/sam0/drivers/system/clock/clock_samc20_c21/clock.o
 .ARM.attributes
                0x000003ce       0x32 src/ASF/sam0/drivers/system/clock/clock_samc20_c21/gclk.o
 .ARM.attributes
                0x00000400       0x32 src/ASF/sam0/drivers/system/pinmux/pinmux.o
 .ARM.attributes
                0x00000432       0x32 src/ASF/sam0/drivers/system/system.o
 .ARM.attributes
                0x00000464       0x32 src/ASF/sam0/utils/cmsis/samc21/source/gcc/startup_samc21.o
 .ARM.attributes
                0x00000496       0x32 src/ASF/sam0/utils/stdio/read.o
 .ARM.attributes
                0x000004c8       0x32 src/ASF/sam0/utils/stdio/write.o
 .ARM.attributes
                0x000004fa       0x32 src/ASF/sam0/utils/syscalls/gcc/syscalls.o
 .ARM.attributes
                0x0000052c       0x32 src/FourQ/crypto_util.o
 .ARM.attributes
                0x0000055e       0x32 src/FourQ/eccp2.o
 .ARM.attributes
                0x00000590       0x32 src/FourQ/eccp2_no_endo.o
 .ARM.attributes
                0x000005c2       0x32 src/FourQ/kex.o
 .ARM.attributes
                0x000005f4       0x32 src/Photon/photon.o
 .ARM.attributes
                0x00000626       0x32 src/qs_can_basic.o
 .ARM.attributes
                0x00000658       0x1e c:/program files (x86)/atmel/studio/7.0/toolchain/arm/arm-gnu-toolchain/bin/../lib/gcc/arm-none-eabi/6.3.1/thumb/v6-m\libgcc.a(_udivsi3.o)
 .ARM.attributes
                0x00000676       0x1e c:/program files (x86)/atmel/studio/7.0/toolchain/arm/arm-gnu-toolchain/bin/../lib/gcc/arm-none-eabi/6.3.1/thumb/v6-m\libgcc.a(_divsi3.o)
 .ARM.attributes
                0x00000694       0x1e c:/program files (x86)/atmel/studio/7.0/toolchain/arm/arm-gnu-toolchain/bin/../lib/gcc/arm-none-eabi/6.3.1/thumb/v6-m\libgcc.a(_dvmd_tls.o)
 .ARM.attributes
                0x000006b2       0x2c c:/program files (x86)/atmel/studio/7.0/toolchain/arm/arm-gnu-toolchain/bin/../lib/gcc/arm-none-eabi/6.3.1/thumb/v6-m\libgcc.a(_muldi3.o)
 .ARM.attributes
                0x000006de       0x2c c:/program files (x86)/atmel/studio/7.0/toolchain/arm/arm-gnu-toolchain/bin/../lib/gcc/arm-none-eabi/6.3.1/../../../../arm-none-eabi/lib/thumb/v6-m\libc_nano.a(lib_a-exit.o)
 .ARM.attributes
                0x0000070a       0x2c c:/program files (x86)/atmel/studio/7.0/toolchain/arm/arm-gnu-toolchain/bin/../lib/gcc/arm-none-eabi/6.3.1/../../../../arm-none-eabi/lib/thumb/v6-m\libc_nano.a(lib_a-impure.o)
 .ARM.attributes
                0x00000736       0x2c c:/program files (x86)/atmel/studio/7.0/toolchain/arm/arm-gnu-toolchain/bin/../lib/gcc/arm-none-eabi/6.3.1/../../../../arm-none-eabi/lib/thumb/v6-m\libc_nano.a(lib_a-init.o)
 .ARM.attributes
                0x00000762       0x2c c:/program files (x86)/atmel/studio/7.0/toolchain/arm/arm-gnu-toolchain/bin/../lib/gcc/arm-none-eabi/6.3.1/../../../../arm-none-eabi/lib/thumb/v6-m\libc_nano.a(lib_a-malloc.o)
 .ARM.attributes
                0x0000078e       0x2c c:/program files (x86)/atmel/studio/7.0/toolchain/arm/arm-gnu-toolchain/bin/../lib/gcc/arm-none-eabi/6.3.1/../../../../arm-none-eabi/lib/thumb/v6-m\libc_nano.a(lib_a-memcmp.o)
 .ARM.attributes
                0x000007ba       0x2c c:/program files (x86)/atmel/studio/7.0/toolchain/arm/arm-gnu-toolchain/bin/../lib/gcc/arm-none-eabi/6.3.1/../../../../arm-none-eabi/lib/thumb/v6-m\libc_nano.a(lib_a-memcpy-stub.o)
 .ARM.attributes
                0x000007e6       0x2c c:/program files (x86)/atmel/studio/7.0/toolchain/arm/arm-gnu-toolchain/bin/../lib/gcc/arm-none-eabi/6.3.1/../../../../arm-none-eabi/lib/thumb/v6-m\libc_nano.a(lib_a-memmove.o)
 .ARM.attributes
                0x00000812       0x2c c:/program files (x86)/atmel/studio/7.0/toolchain/arm/arm-gnu-toolchain/bin/../lib/gcc/arm-none-eabi/6.3.1/../../../../arm-none-eabi/lib/thumb/v6-m\libc_nano.a(lib_a-memset.o)
 .ARM.attributes
                0x0000083e       0x2c c:/program files (x86)/atmel/studio/7.0/toolchain/arm/arm-gnu-toolchain/bin/../lib/gcc/arm-none-eabi/6.3.1/../../../../arm-none-eabi/lib/thumb/v6-m\libc_nano.a(lib_a-nano-freer.o)
 .ARM.attributes
                0x0000086a       0x2c c:/program files (x86)/atmel/studio/7.0/toolchain/arm/arm-gnu-toolchain/bin/../lib/gcc/arm-none-eabi/6.3.1/../../../../arm-none-eabi/lib/thumb/v6-m\libc_nano.a(lib_a-nano-mallocr.o)
 .ARM.attributes
                0x00000896       0x2c c:/program files (x86)/atmel/studio/7.0/toolchain/arm/arm-gnu-toolchain/bin/../lib/gcc/arm-none-eabi/6.3.1/../../../../arm-none-eabi/lib/thumb/v6-m\libc_nano.a(lib_a-printf.o)
 .ARM.attributes
                0x000008c2       0x2c c:/program files (x86)/atmel/studio/7.0/toolchain/arm/arm-gnu-toolchain/bin/../lib/gcc/arm-none-eabi/6.3.1/../../../../arm-none-eabi/lib/thumb/v6-m\libc_nano.a(lib_a-puts.o)
 .ARM.attributes
                0x000008ee       0x2c c:/program files (x86)/atmel/studio/7.0/toolchain/arm/arm-gnu-toolchain/bin/../lib/gcc/arm-none-eabi/6.3.1/../../../../arm-none-eabi/lib/thumb/v6-m\libc_nano.a(lib_a-rand.o)
 .ARM.attributes
                0x0000091a       0x2c c:/program files (x86)/atmel/studio/7.0/toolchain/arm/arm-gnu-toolchain/bin/../lib/gcc/arm-none-eabi/6.3.1/../../../../arm-none-eabi/lib/thumb/v6-m\libc_nano.a(lib_a-sbrkr.o)
 .ARM.attributes
                0x00000946       0x2c c:/program files (x86)/atmel/studio/7.0/toolchain/arm/arm-gnu-toolchain/bin/../lib/gcc/arm-none-eabi/6.3.1/../../../../arm-none-eabi/lib/thumb/v6-m\libc_nano.a(lib_a-setbuf.o)
 .ARM.attributes
                0x00000972       0x2c c:/program files (x86)/atmel/studio/7.0/toolchain/arm/arm-gnu-toolchain/bin/../lib/gcc/arm-none-eabi/6.3.1/../../../../arm-none-eabi/lib/thumb/v6-m\libc_nano.a(lib_a-setvbuf.o)
 .ARM.attributes
                0x0000099e       0x2c c:/program files (x86)/atmel/studio/7.0/toolchain/arm/arm-gnu-toolchain/bin/../lib/gcc/arm-none-eabi/6.3.1/../../../../arm-none-eabi/lib/thumb/v6-m\libc_nano.a(lib_a-wbuf.o)
 .ARM.attributes
                0x000009ca       0x2c c:/program files (x86)/atmel/studio/7.0/toolchain/arm/arm-gnu-toolchain/bin/../lib/gcc/arm-none-eabi/6.3.1/../../../../arm-none-eabi/lib/thumb/v6-m\libc_nano.a(lib_a-wsetup.o)
 .ARM.attributes
                0x000009f6       0x2c c:/program files (x86)/atmel/studio/7.0/toolchain/arm/arm-gnu-toolchain/bin/../lib/gcc/arm-none-eabi/6.3.1/../../../../arm-none-eabi/lib/thumb/v6-m\libc_nano.a(lib_a-fflush.o)
 .ARM.attributes
                0x00000a22       0x2c c:/program files (x86)/atmel/studio/7.0/toolchain/arm/arm-gnu-toolchain/bin/../lib/gcc/arm-none-eabi/6.3.1/../../../../arm-none-eabi/lib/thumb/v6-m\libc_nano.a(lib_a-findfp.o)
 .ARM.attributes
                0x00000a4e       0x2c c:/program files (x86)/atmel/studio/7.0/toolchain/arm/arm-gnu-toolchain/bin/../lib/gcc/arm-none-eabi/6.3.1/../../../../arm-none-eabi/lib/thumb/v6-m\libc_nano.a(lib_a-fwalk.o)
 .ARM.attributes
                0x00000a7a       0x2c c:/program files (x86)/atmel/studio/7.0/toolchain/arm/arm-gnu-toolchain/bin/../lib/gcc/arm-none-eabi/6.3.1/../../../../arm-none-eabi/lib/thumb/v6-m\libc_nano.a(lib_a-makebuf.o)
 .ARM.attributes
                0x00000aa6       0x2c c:/program files (x86)/atmel/studio/7.0/toolchain/arm/arm-gnu-toolchain/bin/../lib/gcc/arm-none-eabi/6.3.1/../../../../arm-none-eabi/lib/thumb/v6-m\libc_nano.a(lib_a-mlock.o)
 .ARM.attributes
                0x00000ad2       0x2c c:/program files (x86)/atmel/studio/7.0/toolchain/arm/arm-gnu-toolchain/bin/../lib/gcc/arm-none-eabi/6.3.1/../../../../arm-none-eabi/lib/thumb/v6-m\libc_nano.a(lib_a-nano-vfprintf.o)
 .ARM.attributes
                0x00000afe       0x2c c:/program files (x86)/atmel/studio/7.0/toolchain/arm/arm-gnu-toolchain/bin/../lib/gcc/arm-none-eabi/6.3.1/../../../../arm-none-eabi/lib/thumb/v6-m\libc_nano.a(lib_a-nano-vfprintf_i.o)
 .ARM.attributes
                0x00000b2a       0x2c c:/program files (x86)/atmel/studio/7.0/toolchain/arm/arm-gnu-toolchain/bin/../lib/gcc/arm-none-eabi/6.3.1/../../../../arm-none-eabi/lib/thumb/v6-m\libc_nano.a(lib_a-reent.o)
 .ARM.attributes
                0x00000b56       0x2c c:/program files (x86)/atmel/studio/7.0/toolchain/arm/arm-gnu-toolchain/bin/../lib/gcc/arm-none-eabi/6.3.1/../../../../arm-none-eabi/lib/thumb/v6-m\libc_nano.a(lib_a-stdio.o)
 .ARM.attributes
                0x00000b82       0x2c c:/program files (x86)/atmel/studio/7.0/toolchain/arm/arm-gnu-toolchain/bin/../lib/gcc/arm-none-eabi/6.3.1/../../../../arm-none-eabi/lib/thumb/v6-m\libc_nano.a(lib_a-writer.o)
 .ARM.attributes
                0x00000bae       0x2c c:/program files (x86)/atmel/studio/7.0/toolchain/arm/arm-gnu-toolchain/bin/../lib/gcc/arm-none-eabi/6.3.1/../../../../arm-none-eabi/lib/thumb/v6-m\libc_nano.a(lib_a-closer.o)
 .ARM.attributes
                0x00000bda       0x2c c:/program files (x86)/atmel/studio/7.0/toolchain/arm/arm-gnu-toolchain/bin/../lib/gcc/arm-none-eabi/6.3.1/../../../../arm-none-eabi/lib/thumb/v6-m\libc_nano.a(lib_a-fstatr.o)
 .ARM.attributes
                0x00000c06       0x2c c:/program files (x86)/atmel/studio/7.0/toolchain/arm/arm-gnu-toolchain/bin/../lib/gcc/arm-none-eabi/6.3.1/../../../../arm-none-eabi/lib/thumb/v6-m\libc_nano.a(lib_a-isattyr.o)
 .ARM.attributes
                0x00000c32       0x2c c:/program files (x86)/atmel/studio/7.0/toolchain/arm/arm-gnu-toolchain/bin/../lib/gcc/arm-none-eabi/6.3.1/../../../../arm-none-eabi/lib/thumb/v6-m\libc_nano.a(lib_a-lseekr.o)
 .ARM.attributes
                0x00000c5e       0x2c c:/program files (x86)/atmel/studio/7.0/toolchain/arm/arm-gnu-toolchain/bin/../lib/gcc/arm-none-eabi/6.3.1/../../../../arm-none-eabi/lib/thumb/v6-m\libc_nano.a(lib_a-memchr-stub.o)
 .ARM.attributes
                0x00000c8a       0x2c c:/program files (x86)/atmel/studio/7.0/toolchain/arm/arm-gnu-toolchain/bin/../lib/gcc/arm-none-eabi/6.3.1/../../../../arm-none-eabi/lib/thumb/v6-m\libc_nano.a(lib_a-readr.o)
 .ARM.attributes
                0x00000cb6       0x1e c:/program files (x86)/atmel/studio/7.0/toolchain/arm/arm-gnu-toolchain/bin/../lib/gcc/arm-none-eabi/6.3.1/thumb/v6-m/crtn.o

.comment        0x00000000       0x59
 .comment       0x00000000       0x59 src/Prf_endpoint.o
                                 0x5a (size before relaxing)
 .comment       0x00000059       0x5a src/TreeProtocol/node.o
 .comment       0x00000059       0x5a src/ASF/sam0/drivers/tc/tc_interrupt.o
 .comment       0x00000059       0x5a src/TempLib.o
 .comment       0x00000059       0x5a src/ASF/sam0/drivers/tsens/tsens.o
 .comment       0x00000059       0x5a src/ASF/sam0/drivers/tsens/tsens_callback.o
 .comment       0x00000059       0x5a src/CANLib.o
 .comment       0x00000059       0x5a src/EncLib.o
 .comment       0x00000059       0x5a src/ASCON/aead.o
 .comment       0x00000059       0x5a src/ASF/common/utils/interrupt/interrupt_sam_nvic.o
 .comment       0x00000059       0x5a src/ASF/sam0/boards/samc21_xplained_pro/board_init.o
 .comment       0x00000059       0x5a src/ASF/sam0/drivers/can/can.o
 .comment       0x00000059       0x5a src/ASF/sam0/drivers/port/port.o
 .comment       0x00000059       0x5a src/ASF/sam0/drivers/sercom/sercom.o
 .comment       0x00000059       0x5a src/ASF/sam0/drivers/sercom/sercom_interrupt.o
 .comment       0x00000059       0x5a src/ASF/sam0/drivers/sercom/usart/usart.o
 .comment       0x00000059       0x5a src/ASF/sam0/drivers/sercom/usart/usart_interrupt.o
 .comment       0x00000059       0x5a src/ASF/sam0/drivers/system/clock/clock_samc20_c21/clock.o
 .comment       0x00000059       0x5a src/ASF/sam0/drivers/system/clock/clock_samc20_c21/gclk.o
 .comment       0x00000059       0x5a src/ASF/sam0/drivers/system/pinmux/pinmux.o
 .comment       0x00000059       0x5a src/ASF/sam0/drivers/system/system.o
 .comment       0x00000059       0x5a src/ASF/sam0/utils/cmsis/samc21/source/gcc/startup_samc21.o
 .comment       0x00000059       0x5a src/ASF/sam0/utils/stdio/read.o
 .comment       0x00000059       0x5a src/ASF/sam0/utils/stdio/write.o
 .comment       0x00000059       0x5a src/ASF/sam0/utils/syscalls/gcc/syscalls.o
 .comment       0x00000059       0x5a src/FourQ/crypto_util.o
 .comment       0x00000059       0x5a src/FourQ/eccp2.o
 .comment       0x00000059       0x5a src/FourQ/eccp2_no_endo.o
 .comment       0x00000059       0x5a src/FourQ/kex.o
 .comment       0x00000059       0x5a src/Photon/photon.o
 .comment       0x00000059       0x5a src/qs_can_basic.o

.debug_info     0x00000000    0x507b5
 .debug_info    0x00000000       0xa2 src/Prf_endpoint.o
 .debug_info    0x000000a2     0x56db src/TreeProtocol/node.o
 .debug_info    0x0000577d     0x1f58 src/ASF/sam0/drivers/tc/tc_interrupt.o
 .debug_info    0x000076d5     0x1acc src/TempLib.o
 .debug_info    0x000091a1     0x1d4e src/ASF/sam0/drivers/tsens/tsens.o
 .debug_info    0x0000aeef     0x1520 src/ASF/sam0/drivers/tsens/tsens_callback.o
 .debug_info    0x0000c40f     0x4f6c src/CANLib.o
 .debug_info    0x0001137b     0x4a11 src/EncLib.o
 .debug_info    0x00015d8c     0x18b4 src/ASCON/aead.o
 .debug_info    0x00017640      0xb05 src/ASF/common/utils/interrupt/interrupt_sam_nvic.o
 .debug_info    0x00018145     0x124a src/ASF/sam0/boards/samc21_xplained_pro/board_init.o
 .debug_info    0x0001938f     0x562e src/ASF/sam0/drivers/can/can.o
 .debug_info    0x0001e9bd     0x1254 src/ASF/sam0/drivers/port/port.o
 .debug_info    0x0001fc11     0x2e9e src/ASF/sam0/drivers/sercom/sercom.o
 .debug_info    0x00022aaf     0x2cb8 src/ASF/sam0/drivers/sercom/sercom_interrupt.o
 .debug_info    0x00025767     0x4ab0 src/ASF/sam0/drivers/sercom/usart/usart.o
 .debug_info    0x0002a217     0x30cb src/ASF/sam0/drivers/sercom/usart/usart_interrupt.o
 .debug_info    0x0002d2e2     0x3a35 src/ASF/sam0/drivers/system/clock/clock_samc20_c21/clock.o
 .debug_info    0x00030d17     0x1c3d src/ASF/sam0/drivers/system/clock/clock_samc20_c21/gclk.o
 .debug_info    0x00032954     0x1391 src/ASF/sam0/drivers/system/pinmux/pinmux.o
 .debug_info    0x00033ce5      0xa73 src/ASF/sam0/drivers/system/system.o
 .debug_info    0x00034758      0x523 src/ASF/sam0/utils/cmsis/samc21/source/gcc/startup_samc21.o
 .debug_info    0x00034c7b      0xacf src/ASF/sam0/utils/stdio/read.o
 .debug_info    0x0003574a      0xacc src/ASF/sam0/utils/stdio/write.o
 .debug_info    0x00036216      0xd98 src/ASF/sam0/utils/syscalls/gcc/syscalls.o
 .debug_info    0x00036fae     0x16b1 src/FourQ/crypto_util.o
 .debug_info    0x0003865f     0xcb64 src/FourQ/eccp2.o
 .debug_info    0x000451c3      0x9cc src/FourQ/eccp2_no_endo.o
 .debug_info    0x00045b8f     0x1190 src/FourQ/kex.o
 .debug_info    0x00046d1f     0x1209 src/Photon/photon.o
 .debug_info    0x00047f28     0x888d src/qs_can_basic.o

.debug_abbrev   0x00000000     0x6197
 .debug_abbrev  0x00000000       0x61 src/Prf_endpoint.o
 .debug_abbrev  0x00000061      0x472 src/TreeProtocol/node.o
 .debug_abbrev  0x000004d3      0x2ff src/ASF/sam0/drivers/tc/tc_interrupt.o
 .debug_abbrev  0x000007d2      0x3dc src/TempLib.o
 .debug_abbrev  0x00000bae      0x3bf src/ASF/sam0/drivers/tsens/tsens.o
 .debug_abbrev  0x00000f6d      0x310 src/ASF/sam0/drivers/tsens/tsens_callback.o
 .debug_abbrev  0x0000127d      0x456 src/CANLib.o
 .debug_abbrev  0x000016d3      0x36f src/EncLib.o
 .debug_abbrev  0x00001a42      0x35c src/ASCON/aead.o
 .debug_abbrev  0x00001d9e      0x23b src/ASF/common/utils/interrupt/interrupt_sam_nvic.o
 .debug_abbrev  0x00001fd9      0x2c7 src/ASF/sam0/boards/samc21_xplained_pro/board_init.o
 .debug_abbrev  0x000022a0      0x434 src/ASF/sam0/drivers/can/can.o
 .debug_abbrev  0x000026d4      0x283 src/ASF/sam0/drivers/port/port.o
 .debug_abbrev  0x00002957      0x378 src/ASF/sam0/drivers/sercom/sercom.o
 .debug_abbrev  0x00002ccf      0x2d8 src/ASF/sam0/drivers/sercom/sercom_interrupt.o
 .debug_abbrev  0x00002fa7      0x467 src/ASF/sam0/drivers/sercom/usart/usart.o
 .debug_abbrev  0x0000340e      0x416 src/ASF/sam0/drivers/sercom/usart/usart_interrupt.o
 .debug_abbrev  0x00003824      0x449 src/ASF/sam0/drivers/system/clock/clock_samc20_c21/clock.o
 .debug_abbrev  0x00003c6d      0x405 src/ASF/sam0/drivers/system/clock/clock_samc20_c21/gclk.o
 .debug_abbrev  0x00004072      0x34c src/ASF/sam0/drivers/system/pinmux/pinmux.o
 .debug_abbrev  0x000043be      0x1e1 src/ASF/sam0/drivers/system/system.o
 .debug_abbrev  0x0000459f      0x14f src/ASF/sam0/utils/cmsis/samc21/source/gcc/startup_samc21.o
 .debug_abbrev  0x000046ee      0x218 src/ASF/sam0/utils/stdio/read.o
 .debug_abbrev  0x00004906      0x203 src/ASF/sam0/utils/stdio/write.o
 .debug_abbrev  0x00004b09      0x257 src/ASF/sam0/utils/syscalls/gcc/syscalls.o
 .debug_abbrev  0x00004d60      0x294 src/FourQ/crypto_util.o
 .debug_abbrev  0x00004ff4      0x432 src/FourQ/eccp2.o
 .debug_abbrev  0x00005426      0x1af src/FourQ/eccp2_no_endo.o
 .debug_abbrev  0x000055d5      0x2cd src/FourQ/kex.o
 .debug_abbrev  0x000058a2      0x33b src/Photon/photon.o
 .debug_abbrev  0x00005bdd      0x5ba src/qs_can_basic.o

.debug_aranges  0x00000000      0xa28
 .debug_aranges
                0x00000000       0x28 src/Prf_endpoint.o
 .debug_aranges
                0x00000028       0x98 src/TreeProtocol/node.o
 .debug_aranges
                0x000000c0       0x58 src/ASF/sam0/drivers/tc/tc_interrupt.o
 .debug_aranges
                0x00000118       0x40 src/TempLib.o
 .debug_aranges
                0x00000158       0x30 src/ASF/sam0/drivers/tsens/tsens.o
 .debug_aranges
                0x00000188       0x38 src/ASF/sam0/drivers/tsens/tsens_callback.o
 .debug_aranges
                0x000001c0       0x60 src/CANLib.o
 .debug_aranges
                0x00000220       0x28 src/EncLib.o
 .debug_aranges
                0x00000248       0x28 src/ASCON/aead.o
 .debug_aranges
                0x00000270       0x28 src/ASF/common/utils/interrupt/interrupt_sam_nvic.o
 .debug_aranges
                0x00000298       0x20 src/ASF/sam0/boards/samc21_xplained_pro/board_init.o
 .debug_aranges
                0x000002b8       0xd0 src/ASF/sam0/drivers/can/can.o
 .debug_aranges
                0x00000388       0x28 src/ASF/sam0/drivers/port/port.o
 .debug_aranges
                0x000003b0       0x48 src/ASF/sam0/drivers/sercom/sercom.o
 .debug_aranges
                0x000003f8       0x60 src/ASF/sam0/drivers/sercom/sercom_interrupt.o
 .debug_aranges
                0x00000458       0x40 src/ASF/sam0/drivers/sercom/usart/usart.o
 .debug_aranges
                0x00000498       0x70 src/ASF/sam0/drivers/sercom/usart/usart_interrupt.o
 .debug_aranges
                0x00000508       0x78 src/ASF/sam0/drivers/system/clock/clock_samc20_c21/clock.o
 .debug_aranges
                0x00000580       0x80 src/ASF/sam0/drivers/system/clock/clock_samc20_c21/gclk.o
 .debug_aranges
                0x00000600       0x40 src/ASF/sam0/drivers/system/pinmux/pinmux.o
 .debug_aranges
                0x00000640       0x28 src/ASF/sam0/drivers/system/system.o
 .debug_aranges
                0x00000668       0x28 src/ASF/sam0/utils/cmsis/samc21/source/gcc/startup_samc21.o
 .debug_aranges
                0x00000690       0x20 src/ASF/sam0/utils/stdio/read.o
 .debug_aranges
                0x000006b0       0x20 src/ASF/sam0/utils/stdio/write.o
 .debug_aranges
                0x000006d0       0x60 src/ASF/sam0/utils/syscalls/gcc/syscalls.o
 .debug_aranges
                0x00000730       0x48 src/FourQ/crypto_util.o
 .debug_aranges
                0x00000778      0x1b8 src/FourQ/eccp2.o
 .debug_aranges
                0x00000930       0x38 src/FourQ/eccp2_no_endo.o
 .debug_aranges
                0x00000968       0x48 src/FourQ/kex.o
 .debug_aranges
                0x000009b0       0x28 src/Photon/photon.o
 .debug_aranges
                0x000009d8       0x50 src/qs_can_basic.o

.debug_ranges   0x00000000      0xdf8
 .debug_ranges  0x00000000       0x18 src/Prf_endpoint.o
 .debug_ranges  0x00000018       0xd0 src/TreeProtocol/node.o
 .debug_ranges  0x000000e8       0x48 src/ASF/sam0/drivers/tc/tc_interrupt.o
 .debug_ranges  0x00000130       0x30 src/TempLib.o
 .debug_ranges  0x00000160       0x20 src/ASF/sam0/drivers/tsens/tsens.o
 .debug_ranges  0x00000180       0x28 src/ASF/sam0/drivers/tsens/tsens_callback.o
 .debug_ranges  0x000001a8      0x110 src/CANLib.o
 .debug_ranges  0x000002b8       0x18 src/EncLib.o
 .debug_ranges  0x000002d0      0x150 src/ASCON/aead.o
 .debug_ranges  0x00000420       0x18 src/ASF/common/utils/interrupt/interrupt_sam_nvic.o
 .debug_ranges  0x00000438       0x10 src/ASF/sam0/boards/samc21_xplained_pro/board_init.o
 .debug_ranges  0x00000448       0xe0 src/ASF/sam0/drivers/can/can.o
 .debug_ranges  0x00000528       0x18 src/ASF/sam0/drivers/port/port.o
 .debug_ranges  0x00000540       0x50 src/ASF/sam0/drivers/sercom/sercom.o
 .debug_ranges  0x00000590       0x50 src/ASF/sam0/drivers/sercom/sercom_interrupt.o
 .debug_ranges  0x000005e0      0x140 src/ASF/sam0/drivers/sercom/usart/usart.o
 .debug_ranges  0x00000720       0x60 src/ASF/sam0/drivers/sercom/usart/usart_interrupt.o
 .debug_ranges  0x00000780       0x80 src/ASF/sam0/drivers/system/clock/clock_samc20_c21/clock.o
 .debug_ranges  0x00000800       0x88 src/ASF/sam0/drivers/system/clock/clock_samc20_c21/gclk.o
 .debug_ranges  0x00000888       0x30 src/ASF/sam0/drivers/system/pinmux/pinmux.o
 .debug_ranges  0x000008b8       0x18 src/ASF/sam0/drivers/system/system.o
 .debug_ranges  0x000008d0       0x18 src/ASF/sam0/utils/cmsis/samc21/source/gcc/startup_samc21.o
 .debug_ranges  0x000008e8       0x10 src/ASF/sam0/utils/stdio/read.o
 .debug_ranges  0x000008f8       0x10 src/ASF/sam0/utils/stdio/write.o
 .debug_ranges  0x00000908       0x50 src/ASF/sam0/utils/syscalls/gcc/syscalls.o
 .debug_ranges  0x00000958       0x38 src/FourQ/crypto_util.o
 .debug_ranges  0x00000990      0x250 src/FourQ/eccp2.o
 .debug_ranges  0x00000be0       0x28 src/FourQ/eccp2_no_endo.o
 .debug_ranges  0x00000c08       0x68 src/FourQ/kex.o
 .debug_ranges  0x00000c70       0x98 src/Photon/photon.o
 .debug_ranges  0x00000d08       0xf0 src/qs_can_basic.o

.debug_macro    0x00000000    0x249ca
 .debug_macro   0x00000000       0x72 src/Prf_endpoint.o
 .debug_macro   0x00000072      0x8c8 src/Prf_endpoint.o
 .debug_macro   0x0000093a       0x22 src/Prf_endpoint.o
 .debug_macro   0x0000095c       0x87 src/Prf_endpoint.o
 .debug_macro   0x000009e3       0x51 src/Prf_endpoint.o
 .debug_macro   0x00000a34       0xef src/Prf_endpoint.o
 .debug_macro   0x00000b23       0x6a src/Prf_endpoint.o
 .debug_macro   0x00000b8d      0x1df src/Prf_endpoint.o
 .debug_macro   0x00000d6c       0x22 src/Prf_endpoint.o
 .debug_macro   0x00000d8e      0x806 src/TreeProtocol/node.o
 .debug_macro   0x00001594       0x52 src/TreeProtocol/node.o
 .debug_macro   0x000015e6       0x8d src/TreeProtocol/node.o
 .debug_macro   0x00001673       0x35 src/TreeProtocol/node.o
 .debug_macro   0x000016a8       0x9c src/TreeProtocol/node.o
 .debug_macro   0x00001744       0x16 src/TreeProtocol/node.o
 .debug_macro   0x0000175a      0x10e src/TreeProtocol/node.o
 .debug_macro   0x00001868       0x86 src/TreeProtocol/node.o
 .debug_macro   0x000018ee       0x57 src/TreeProtocol/node.o
 .debug_macro   0x00001945       0x58 src/TreeProtocol/node.o
 .debug_macro   0x0000199d       0x1f src/TreeProtocol/node.o
 .debug_macro   0x000019bc       0x43 src/TreeProtocol/node.o
 .debug_macro   0x000019ff       0x20 src/TreeProtocol/node.o
 .debug_macro   0x00001a1f      0x187 src/TreeProtocol/node.o
 .debug_macro   0x00001ba6      0x353 src/TreeProtocol/node.o
 .debug_macro   0x00001ef9       0x16 src/TreeProtocol/node.o
 .debug_macro   0x00001f0f       0x29 src/TreeProtocol/node.o
 .debug_macro   0x00001f38       0x16 src/TreeProtocol/node.o
 .debug_macro   0x00001f4e       0x35 src/TreeProtocol/node.o
 .debug_macro   0x00001f83       0x1c src/TreeProtocol/node.o
 .debug_macro   0x00001f9f       0x10 src/TreeProtocol/node.o
 .debug_macro   0x00001faf       0x10 src/TreeProtocol/node.o
 .debug_macro   0x00001fbf       0x1c src/TreeProtocol/node.o
 .debug_macro   0x00001fdb       0x52 src/TreeProtocol/node.o
 .debug_macro   0x0000202d       0x40 src/TreeProtocol/node.o
 .debug_macro   0x0000206d       0x10 src/TreeProtocol/node.o
 .debug_macro   0x0000207d       0x40 src/TreeProtocol/node.o
 .debug_macro   0x000020bd       0xd7 src/TreeProtocol/node.o
 .debug_macro   0x00002194       0x16 src/TreeProtocol/node.o
 .debug_macro   0x000021aa      0x18b src/TreeProtocol/node.o
 .debug_macro   0x00002335       0xa0 src/TreeProtocol/node.o
 .debug_macro   0x000023d5      0x71d src/TreeProtocol/node.o
 .debug_macro   0x00002af2       0x16 src/TreeProtocol/node.o
 .debug_macro   0x00002b08       0x76 src/TreeProtocol/node.o
 .debug_macro   0x00002b7e       0x16 src/TreeProtocol/node.o
 .debug_macro   0x00002b94      0x6db src/TreeProtocol/node.o
 .debug_macro   0x0000326f      0xdd8 src/TreeProtocol/node.o
 .debug_macro   0x00004047       0x22 src/TreeProtocol/node.o
 .debug_macro   0x00004069       0x40 src/TreeProtocol/node.o
 .debug_macro   0x000040a9       0x1c src/TreeProtocol/node.o
 .debug_macro   0x000040c5       0x22 src/TreeProtocol/node.o
 .debug_macro   0x000040e7       0xaf src/TreeProtocol/node.o
 .debug_macro   0x00004196      0x4da src/TreeProtocol/node.o
 .debug_macro   0x00004670      0x11f src/TreeProtocol/node.o
 .debug_macro   0x0000478f      0x897 src/TreeProtocol/node.o
 .debug_macro   0x00005026      0x8c4 src/TreeProtocol/node.o
 .debug_macro   0x000058ea     0x2d61 src/TreeProtocol/node.o
 .debug_macro   0x0000864b      0x222 src/TreeProtocol/node.o
 .debug_macro   0x0000886d      0x286 src/TreeProtocol/node.o
 .debug_macro   0x00008af3      0x137 src/TreeProtocol/node.o
 .debug_macro   0x00008c2a      0xc3a src/TreeProtocol/node.o
 .debug_macro   0x00009864      0x5f0 src/TreeProtocol/node.o
 .debug_macro   0x00009e54      0x5be src/TreeProtocol/node.o
 .debug_macro   0x0000a412      0x828 src/TreeProtocol/node.o
 .debug_macro   0x0000ac3a      0x172 src/TreeProtocol/node.o
 .debug_macro   0x0000adac      0x286 src/TreeProtocol/node.o
 .debug_macro   0x0000b032      0x55f src/TreeProtocol/node.o
 .debug_macro   0x0000b591      0x433 src/TreeProtocol/node.o
 .debug_macro   0x0000b9c4      0x21c src/TreeProtocol/node.o
 .debug_macro   0x0000bbe0      0x7a2 src/TreeProtocol/node.o
 .debug_macro   0x0000c382      0x557 src/TreeProtocol/node.o
 .debug_macro   0x0000c8d9      0x335 src/TreeProtocol/node.o
 .debug_macro   0x0000cc0e      0x6ab src/TreeProtocol/node.o
 .debug_macro   0x0000d2b9       0xc4 src/TreeProtocol/node.o
 .debug_macro   0x0000d37d      0x349 src/TreeProtocol/node.o
 .debug_macro   0x0000d6c6       0x6a src/TreeProtocol/node.o
 .debug_macro   0x0000d730     0x1216 src/TreeProtocol/node.o
 .debug_macro   0x0000e946      0x5a9 src/TreeProtocol/node.o
 .debug_macro   0x0000eeef      0xfc5 src/TreeProtocol/node.o
 .debug_macro   0x0000feb4      0x5a1 src/TreeProtocol/node.o
 .debug_macro   0x00010455      0x3c4 src/TreeProtocol/node.o
 .debug_macro   0x00010819      0x8b2 src/TreeProtocol/node.o
 .debug_macro   0x000110cb     0x19c2 src/TreeProtocol/node.o
 .debug_macro   0x00012a8d      0x39c src/TreeProtocol/node.o
 .debug_macro   0x00012e29      0x36e src/TreeProtocol/node.o
 .debug_macro   0x00013197       0x94 src/TreeProtocol/node.o
 .debug_macro   0x0001322b       0xac src/TreeProtocol/node.o
 .debug_macro   0x000132d7       0xac src/TreeProtocol/node.o
 .debug_macro   0x00013383      0x14d src/TreeProtocol/node.o
 .debug_macro   0x000134d0      0x14d src/TreeProtocol/node.o
 .debug_macro   0x0001361d       0x4c src/TreeProtocol/node.o
 .debug_macro   0x00013669       0x58 src/TreeProtocol/node.o
 .debug_macro   0x000136c1       0x3a src/TreeProtocol/node.o
 .debug_macro   0x000136fb       0xd0 src/TreeProtocol/node.o
 .debug_macro   0x000137cb       0xb8 src/TreeProtocol/node.o
 .debug_macro   0x00013883       0x64 src/TreeProtocol/node.o
 .debug_macro   0x000138e7      0x5fe src/TreeProtocol/node.o
 .debug_macro   0x00013ee5       0x46 src/TreeProtocol/node.o
 .debug_macro   0x00013f2b      0x1c2 src/TreeProtocol/node.o
 .debug_macro   0x000140ed      0x188 src/TreeProtocol/node.o
 .debug_macro   0x00014275       0x52 src/TreeProtocol/node.o
 .debug_macro   0x000142c7       0xa0 src/TreeProtocol/node.o
 .debug_macro   0x00014367       0xdc src/TreeProtocol/node.o
 .debug_macro   0x00014443       0x8e src/TreeProtocol/node.o
 .debug_macro   0x000144d1       0x4c src/TreeProtocol/node.o
 .debug_macro   0x0001451d       0x64 src/TreeProtocol/node.o
 .debug_macro   0x00014581       0x22 src/TreeProtocol/node.o
 .debug_macro   0x000145a3      0x16e src/TreeProtocol/node.o
 .debug_macro   0x00014711       0x16 src/TreeProtocol/node.o
 .debug_macro   0x00014727       0xd6 src/TreeProtocol/node.o
 .debug_macro   0x000147fd       0xa0 src/TreeProtocol/node.o
 .debug_macro   0x0001489d      0x136 src/TreeProtocol/node.o
 .debug_macro   0x000149d3      0x136 src/TreeProtocol/node.o
 .debug_macro   0x00014b09      0x136 src/TreeProtocol/node.o
 .debug_macro   0x00014c3f      0x136 src/TreeProtocol/node.o
 .debug_macro   0x00014d75      0x136 src/TreeProtocol/node.o
 .debug_macro   0x00014eab      0x136 src/TreeProtocol/node.o
 .debug_macro   0x00014fe1       0x4c src/TreeProtocol/node.o
 .debug_macro   0x0001502d      0x16c src/TreeProtocol/node.o
 .debug_macro   0x00015199       0xfa src/TreeProtocol/node.o
 .debug_macro   0x00015293       0xfa src/TreeProtocol/node.o
 .debug_macro   0x0001538d       0xfa src/TreeProtocol/node.o
 .debug_macro   0x00015487       0xfa src/TreeProtocol/node.o
 .debug_macro   0x00015581       0xfa src/TreeProtocol/node.o
 .debug_macro   0x0001567b      0x124 src/TreeProtocol/node.o
 .debug_macro   0x0001579f       0xfa src/TreeProtocol/node.o
 .debug_macro   0x00015899       0xee src/TreeProtocol/node.o
 .debug_macro   0x00015987       0x76 src/TreeProtocol/node.o
 .debug_macro   0x000159fd       0x3a src/TreeProtocol/node.o
 .debug_macro   0x00015a37      0x487 src/TreeProtocol/node.o
 .debug_macro   0x00015ebe     0x2683 src/TreeProtocol/node.o
 .debug_macro   0x00018541       0x82 src/TreeProtocol/node.o
 .debug_macro   0x000185c3       0x51 src/TreeProtocol/node.o
 .debug_macro   0x00018614       0x3e src/TreeProtocol/node.o
 .debug_macro   0x00018652      0x3df src/TreeProtocol/node.o
 .debug_macro   0x00018a31       0x18 src/TreeProtocol/node.o
 .debug_macro   0x00018a49      0x36c src/TreeProtocol/node.o
 .debug_macro   0x00018db5       0x1c src/TreeProtocol/node.o
 .debug_macro   0x00018dd1       0x16 src/TreeProtocol/node.o
 .debug_macro   0x00018de7      0x2df src/TreeProtocol/node.o
 .debug_macro   0x000190c6      0x7e6 src/TreeProtocol/node.o
 .debug_macro   0x000198ac       0x1f src/TreeProtocol/node.o
 .debug_macro   0x000198cb       0x2e src/TreeProtocol/node.o
 .debug_macro   0x000198f9       0xb2 src/TreeProtocol/node.o
 .debug_macro   0x000199ab       0x10 src/TreeProtocol/node.o
 .debug_macro   0x000199bb       0x65 src/TreeProtocol/node.o
 .debug_macro   0x00019a20       0xa4 src/TreeProtocol/node.o
 .debug_macro   0x00019ac4       0x2d src/TreeProtocol/node.o
 .debug_macro   0x00019af1       0x70 src/TreeProtocol/node.o
 .debug_macro   0x00019b61       0x10 src/TreeProtocol/node.o
 .debug_macro   0x00019b71       0x2e src/TreeProtocol/node.o
 .debug_macro   0x00019b9f       0x1c src/TreeProtocol/node.o
 .debug_macro   0x00019bbb      0x1a8 src/TreeProtocol/node.o
 .debug_macro   0x00019d63       0xd5 src/TreeProtocol/node.o
 .debug_macro   0x00019e38       0x46 src/TreeProtocol/node.o
 .debug_macro   0x00019e7e      0x656 src/ASF/sam0/drivers/tc/tc_interrupt.o
 .debug_macro   0x0001a4d4      0x16d src/ASF/sam0/drivers/tc/tc_interrupt.o
 .debug_macro   0x0001a641       0x10 src/ASF/sam0/drivers/tc/tc_interrupt.o
 .debug_macro   0x0001a651       0xb5 src/ASF/sam0/drivers/tc/tc_interrupt.o
 .debug_macro   0x0001a706       0x58 src/ASF/sam0/drivers/tc/tc_interrupt.o
 .debug_macro   0x0001a75e       0x16 src/ASF/sam0/drivers/tc/tc_interrupt.o
 .debug_macro   0x0001a774      0x34d src/ASF/sam0/drivers/tc/tc_interrupt.o
 .debug_macro   0x0001aac1       0x3c src/ASF/sam0/drivers/tc/tc_interrupt.o
 .debug_macro   0x0001aafd       0x66 src/ASF/sam0/drivers/tc/tc_interrupt.o
 .debug_macro   0x0001ab63      0x785 src/TempLib.o
 .debug_macro   0x0001b2e8      0x650 src/ASF/sam0/drivers/tsens/tsens.o
 .debug_macro   0x0001b938       0x27 src/ASF/sam0/drivers/tsens/tsens.o
 .debug_macro   0x0001b95f      0x663 src/ASF/sam0/drivers/tsens/tsens_callback.o
 .debug_macro   0x0001bfc2      0x776 src/CANLib.o
 .debug_macro   0x0001c738      0x81f src/EncLib.o
 .debug_macro   0x0001cf57      0x1a0 src/ASCON/aead.o
 .debug_macro   0x0001d0f7       0x16 src/ASCON/aead.o
 .debug_macro   0x0001d10d       0x10 src/ASCON/aead.o